Component: ARM Compiler 5.06 update 6 (build 750) Tool: armlink [4d35ed]

==============================================================================

Section Cross References

    main.o(i.COBledPwmInit) refers to timer.o(i.pwm_gpio_config) for pwm_gpio_config
    main.o(i.COBledPwmInit) refers to timer.o(i.pwm_timer_init) for pwm_timer_init
    main.o(i.DCI_IRQHandler) refers to gd32f20x_dci.o(i.dci_interrupt_flag_get) for dci_interrupt_flag_get
    main.o(i.DCI_IRQHandler) refers to sccb.o(i.dci_byte_write) for dci_byte_write
    main.o(i.DCI_IRQHandler) refers to coloranalysis.o(i.show_yuv422_image) for show_yuv422_image
    main.o(i.DCI_IRQHandler) refers to coloranalysis.o(i.analyse_image_and_change_light) for analyse_image_and_change_light
    main.o(i.DCI_IRQHandler) refers to gd32f20x_dci.o(i.dci_interrupt_flag_clear) for dci_interrupt_flag_clear
    main.o(i.DCI_IRQHandler) refers to gd32f20x_dma.o(i.dma_channel_enable) for dma_channel_enable
    main.o(i.DCI_IRQHandler) refers to main.o(.constdata) for .constdata
    main.o(i.DCI_IRQHandler) refers to ledcontrol.o(.data) for actual_frames
    main.o(i.fputc) refers to gd32f20x_usart.o(i.usart_data_transmit) for usart_data_transmit
    main.o(i.fputc) refers to gd32f20x_usart.o(i.usart_flag_get) for usart_flag_get
    main.o(i.image_display) refers to gd32f20x_tli.o(i.tli_layer_init) for tli_layer_init
    main.o(i.image_display) refers to gd32f20x_tli.o(i.tli_layer_enable) for tli_layer_enable
    main.o(i.image_display) refers to gd32f20x_tli.o(i.tli_reload_config) for tli_reload_config
    main.o(i.image_display) refers to gd32f20x_tli.o(i.tli_enable) for tli_enable
    main.o(i.image_display) refers to main.o(.bss) for tli_layer_initstruct
    main.o(i.image_save) refers to gd32f20x_dma.o(i.dma_channel_disable) for dma_channel_disable
    main.o(i.image_save) refers to gd32f20x_dci.o(i.dci_capture_disable) for dci_capture_disable
    main.o(i.key_config) refers to gd32f20x_rcu.o(i.rcu_periph_clock_enable) for rcu_periph_clock_enable
    main.o(i.key_config) refers to gd32f20x_gpio.o(i.gpio_init) for gpio_init
    main.o(i.key_config) refers to gd32f20x_misc.o(i.nvic_irq_enable) for nvic_irq_enable
    main.o(i.key_config) refers to gd32f20x_gpio.o(i.gpio_exti_source_select) for gpio_exti_source_select
    main.o(i.key_config) refers to gd32f20x_exti.o(i.exti_init) for exti_init
    main.o(i.key_config) refers to gd32f20x_exti.o(i.exti_interrupt_flag_clear) for exti_interrupt_flag_clear
    main.o(i.main) refers to systick.o(i.systick_config) for systick_config
    main.o(i.main) refers to main.o(i.nvic_config) for nvic_config
    main.o(i.main) refers to gd32f207i_eval.o(i.gd_eval_com_init) for gd_eval_com_init
    main.o(i.main) refers to lcd_driver.o(i.Lcd_Init) for Lcd_Init
    main.o(i.main) refers to gd32f20x_gpio.o(i.gpio_bit_set) for gpio_bit_set
    main.o(i.main) refers to lcd_driver.o(i.Lcd_Clear) for Lcd_Clear
    main.o(i.main) refers to gui.o(i.Gui_DrawFont_GBK24) for Gui_DrawFont_GBK24
    main.o(i.main) refers to timer.o(i.timer5_init) for timer5_init
    main.o(i.main) refers to gd32f207i_eval.o(i.gd_eval_led_init) for gd_eval_led_init
    main.o(i.main) refers to main.o(i.COBledPwmInit) for COBledPwmInit
    main.o(i.main) refers to dci_ov2640.o(i.dci_ov2640_init) for dci_ov2640_init
    main.o(i.main) refers to dci_ov2640.o(i.dci_ov2640_id_read) for dci_ov2640_id_read
    main.o(i.main) refers to gd32f20x_dma.o(i.dma_channel_enable) for dma_channel_enable
    main.o(i.main) refers to gd32f20x_dci.o(i.dci_interrupt_enable) for dci_interrupt_enable
    main.o(i.main) refers to gd32f20x_dci.o(i.dci_enable) for dci_enable
    main.o(i.main) refers to sccb.o(i.dci_byte_write) for dci_byte_write
    main.o(i.main) refers to gd32f20x_dci.o(i.dci_capture_enable) for dci_capture_enable
    main.o(i.main) refers to ledcontrol.o(i.process_camera_exception) for process_camera_exception
    main.o(i.main) refers to ledcontrol.o(i.state_machine_ledcontrol) for state_machine_ledcontrol
    main.o(i.main) refers to gd32f207i_eval.o(i.gd_eval_led_on) for gd_eval_led_on
    main.o(i.main) refers to systick.o(i.delay_1ms) for delay_1ms
    main.o(i.main) refers to gd32f207i_eval.o(i.gd_eval_led_off) for gd_eval_led_off
    main.o(i.main) refers to main.o(.data) for Start_camera_flag
    main.o(i.nvic_config) refers to gd32f20x_misc.o(i.nvic_priority_group_set) for nvic_priority_group_set
    main.o(i.nvic_config) refers to gd32f20x_misc.o(i.nvic_irq_enable) for nvic_irq_enable
    gd32f20x_it.o(i.EXTI10_15_IRQHandler) refers to gd32f20x_exti.o(i.exti_interrupt_flag_get) for exti_interrupt_flag_get
    gd32f20x_it.o(i.EXTI10_15_IRQHandler) refers to gd32f20x_exti.o(i.exti_interrupt_flag_clear) for exti_interrupt_flag_clear
    gd32f20x_it.o(i.EXTI10_15_IRQHandler) refers to gd32f20x_tli.o(i.tli_layer_disable) for tli_layer_disable
    gd32f20x_it.o(i.EXTI10_15_IRQHandler) refers to gd32f20x_tli.o(i.tli_reload_config) for tli_reload_config
[...]
    ..\\systick.c                            0x00000000   Number         0  systick.o ABSOLUTE
    ..\gd32f20x_it.c                         0x00000000   Number         0  gd32f20x_it.o ABSOLUTE
    ..\main.c                                0x00000000   Number         0  main.o ABSOLUTE
    ..\systick.c                             0x00000000   Number         0  systick.o ABSOLUTE
    cdcmple.s                                0x00000000   Number         0  cdcmple.o ABSOLUTE
    cdrcmple.s                               0x00000000   Number         0  cdrcmple.o ABSOLUTE
    cfcmple.s                                0x00000000   Number         0  cfcmple.o ABSOLUTE
    cfrcmple.s                               0x00000000   Number         0  cfrcmple.o ABSOLUTE
    dc.s                                     0x00000000   Number         0  dc.o ABSOLUTE
    handlers.s                               0x00000000   Number         0  handlers.o ABSOLUTE
    init.s                                   0x00000000   Number         0  init.o ABSOLUTE
    RESET                                    0x08000000   Section      424  startup_gd32f20x_cl.o(RESET)
    .ARM.Collect$$$$00000000                 0x080001a8   Section        0  entry.o(.ARM.Collect$$$$00000000)
    .ARM.Collect$$$$00000001                 0x080001a8   Section        4  entry2.o(.ARM.Collect$$$$00000001)
    .ARM.Collect$$$$00000004                 0x080001ac   Section        4  entry5.o(.ARM.Collect$$$$00000004)
    .ARM.Collect$$$$00000008                 0x080001b0   Section        0  entry7b.o(.ARM.Collect$$$$00000008)
    .ARM.Collect$$$$0000000A                 0x080001b0   Section        0  entry8b.o(.ARM.Collect$$$$0000000A)
    .ARM.Collect$$$$0000000B                 0x080001b0   Section        8  entry9a.o(.ARM.Collect$$$$0000000B)
    .ARM.Collect$$$$0000000D                 0x080001b8   Section        0  entry10a.o(.ARM.Collect$$$$0000000D)
    .ARM.Collect$$$$0000000F                 0x080001b8   Section        0  entry11a.o(.ARM.Collect$$$$0000000F)
    .ARM.Collect$$$$00002712                 0x080001b8   Section        4  entry2.o(.ARM.Collect$$$$00002712)
    __lit__00000000                          0x080001b8   Data           4  entry2.o(.ARM.Collect$$$$00002712)
    .text                                    0x080001bc   Section       36  startup_gd32f20x_cl.o(.text)
    .text                                    0x080001e0   Section        0  memcpya.o(.text)
    .text                                    0x08000204   Section        0  memseta.o(.text)
    .text                                    0x08000228   Section        0  fadd.o(.text)
    .text                                    0x080002d8   Section        0  fmul.o(.text)
    .text                                    0x0800033c   Section        0  fdiv.o(.text)
    .text                                    0x080003b8   Section        0  dadd.o(.text)
    .text                                    0x08000506   Section        0  dmul.o(.text)
    .text                                    0x080005ea   Section        0  ddiv.o(.text)
    .text                                    0x080006c8   Section        0  fflti.o(.text)
    .text                                    0x080006da   Section        0  ffltui.o(.text)
    .text                                    0x080006e4   Section        0  dflti.o(.text)
    .text                                    0x08000706   Section        0  ffixi.o(.text)
    .text                                    0x08000738   Section        0  ffixui.o(.text)
    .text                                    0x08000760   Section        0  dfixi.o(.text)
    .text                                    0x0800079e   Section        0  f2d.o(.text)
    .text                                    0x080007c4   Section       48  cdcmple.o(.text)
    .text                                    0x080007f4   Section       48  cdrcmple.o(.text)
    .text                                    0x08000824   Section        0  d2f.o(.text)
    .text                                    0x0800085c   Section       20  cfcmple.o(.text)
    .text                                    0x08000870   Section       20  cfrcmple.o(.text)
    .text                                    0x08000884   Section        0  llshl.o(.text)
    .text                                    0x080008a2   Section        0  llushr.o(.text)
    .text                                    0x080008c2   Section        0  llsshr.o(.text)
    .text                                    0x080008e6   Section        0  iusefp.o(.text)
    .text                                    0x080008e6   Section        0  fepilogue.o(.text)
    .text                                    0x08000954   Section        0  depilogue.o(.text)
    .text                                    0x08000a10   Section       36  init.o(.text)
    .text                                    0x08000a34   Section        0  __dczerorl2.o(.text)
    i.BusFault_Handler                       0x08000a8a   Section        0  gd32f20x_it.o(i.BusFault_Handler)
    i.COBLed_4000k                           0x08000a90   Section        0  ledcontrol.o(i.COBLed_4000k)
    i.COBLed_Test                            0x08000af8   Section        0  ledcontrol.o(i.COBLed_Test)
    i.COBLed_minimum_cold_white              0x08000b94   Section        0  ledcontrol.o(i.COBLed_minimum_cold_white)
    i.COBLed_recipe_low_display              0x08000bf4   Section        0  ledcontrol.o(i.COBLed_recipe_low_display)
    i.COBLed_recipe_normal_display           0x08000d44   Section        0  ledcontrol.o(i.COBLed_recipe_normal_display)
    i.COBLed_reserve_white                   0x08000dec   Section        0  ledcontrol.o(i.COBLed_reserve_white)
    i.COBledPwmInit                          0x08000e48   Section        0  main.o(i.COBledPwmInit)
    i.DCI_IRQHandler                         0x08000e54   Section        0  main.o(i.DCI_IRQHandler)
    i.DCMI_0V7670_RST_PWDN_Init              0x08000e9c   Section        0  dci_ov2640.o(i.DCMI_0V7670_RST_PWDN_Init)
    i.DebugMon_Handler                       0x08000ec8   Section        0  gd32f20x_it.o(i.DebugMon_Handler)
    i.EXTI0_IRQHandler                       0x08000eca   Section        0  gd32f20x_it.o(i.EXTI0_IRQHandler)
    i.EXTI10_15_IRQHandler                   0x08000ecc   Section        0  gd32f20x_it.o(i.EXTI10_15_IRQHandler)
    i.GC0308InitialSetting                   0x08000f28   Section        0  dci_ov2640.o(i.GC0308InitialSetting)
    GC0308InitialSetting                     0x08000f29   Thumb Code  1868  dci_ov2640.o(i.GC0308InitialSetting)
    i.Gui_DrawFont_GBK24                     0x08001674   Section        0  gui.o(i.Gui_DrawFont_GBK24)
    i.Gui_DrawPoint                          0x080018a4   Section        0  lcd_driver.o(i.Gui_DrawPoint)
    i.HardFault_Handler                      0x080018c2   Section        0  gd32f20x_it.o(i.HardFault_Handler)
    i.LCD_ShowPicture                        0x080018c6   Section        0  gui.o(i.LCD_ShowPicture)
    i.Lcd_Clear                              0x08001930   Section        0  lcd_driver.o(i.Lcd_Clear)
    i.Lcd_Init                               0x0800197c   Section        0  lcd_driver.o(i.Lcd_Init)
    i.Lcd_Reset                              0x08001b80   Section        0  lcd_driver.o(i.Lcd_Reset)
    i.Lcd_SetRegion                          0x08001ba4   Section        0  lcd_driver.o(i.Lcd_SetRegion)
    i.Lcd_SetXY                              0x08001be6   Section        0  lcd_driver.o(i.Lcd_SetXY)
    i.Lcd_WriteData                          0x08001c10   Section        0  lcd_driver.o(i.Lcd_WriteData)
    i.Lcd_WriteData16Bit                     0x08001c30   Section        0  lcd_driver.o(i.Lcd_WriteData16Bit)
    i.Lcd_WriteIndex                         0x08001c44   Section        0  lcd_driver.o(i.Lcd_WriteIndex)
    i.MemManage_Handler                      0x08001c64   Section        0  gd32f20x_it.o(i.MemManage_Handler)
    i.NMI_Handler                            0x08001c68   Section        0  gd32f20x_it.o(i.NMI_Handler)
    i.NVIC_SetPriority                       0x08001c6c   Section        0  systick.o(i.NVIC_SetPriority)
    NVIC_SetPriority                         0x08001c6d   Thumb Code    32  systick.o(i.NVIC_SetPriority)
    i.PendSV_Handler                         0x08001c94   Section        0  gd32f20x_it.o(i.PendSV_Handler)
    i.RGBtoHSV100                            0x08001c98   Section        0  coloranalysis.o(i.RGBtoHSV100)
    i.SPI2_Init                              0x08001e10   Section        0  lcd_driver.o(i.SPI2_Init)
    i.SPI_WriteByte                          0x08001eb0   Section        0  lcd_driver.o(i.SPI_WriteByte)
    i.SVC_Handler                            0x08001ee4   Section        0  gd32f20x_it.o(i.SVC_Handler)
    i.SysTick_Handler                        0x08001ee6   Section        0  gd32f20x_it.o(i.SysTick_Handler)
    i.SystemInit                             0x08001ef0   Section        0  system_gd32f20x.o(i.SystemInit)
    i.TIMER5_IRQHandler                      0x08001f80   Section        0  gd32f20x_it.o(i.TIMER5_IRQHandler)
    i.UsageFault_Handler                     0x08001fb4   Section        0  gd32f20x_it.o(i.UsageFault_Handler)
    i.YUV422toRGB                            0x08001fb8   Section        0  coloranalysis.o(i.YUV422toRGB)
    i.__scatterload_copy                     0x080020f0   Section       14  handlers.o(i.__scatterload_copy)
    i.__scatterload_null                     0x080020fe   Section        2  handlers.o(i.__scatterload_null)
    i.__scatterload_zeroinit                 0x08002100   Section       14  handlers.o(i.__scatterload_zeroinit)
    i.analyse_image_and_change_light         0x08002110   Section        0  coloranalysis.o(i.analyse_image_and_change_light)
    i.ckout0_init                            0x080021f0   Section        0  dci_ov2640.o(i.ckout0_init)
    i.clothing_area_detecting_color          0x08002220   Section        0  coloranalysis.o(i.clothing_area_detecting_color)
    i.clothing_area_finding_ref              0x080022f0   Section        0  coloranalysis.o(i.clothing_area_finding_ref)
    i.clothing_area_init                     0x080023c8   Section        0  coloranalysis.o(i.clothing_area_init)
    i.clothing_area_stable                   0x08002468   Section        0  coloranalysis.o(i.clothing_area_stable)
    i.dci_byte_read                          0x08002514   Section        0  sccb.o(i.dci_byte_read)
    i.dci_byte_write                         0x0800269c   Section        0  sccb.o(i.dci_byte_write)
    i.dci_capture_disable                    0x080027a4   Section        0  gd32f20x_dci.o(i.dci_capture_disable)
    i.dci_capture_enable                     0x080027b8   Section        0  gd32f20x_dci.o(i.dci_capture_enable)
    i.dci_config                             0x080027cc   Section        0  dci_ov2640.o(i.dci_config)
    i.dci_enable                             0x080028d4   Section        0  gd32f20x_dci.o(i.dci_enable)
    i.dci_init                               0x080028e8   Section        0  gd32f20x_dci.o(i.dci_init)
    i.dci_interrupt_enable                   0x0800291c   Section        0  gd32f20x_dci.o(i.dci_interrupt_enable)
    i.dci_interrupt_flag_clear               0x0800292c   Section        0  gd32f20x_dci.o(i.dci_interrupt_flag_clear)
    i.dci_interrupt_flag_get                 0x0800293c   Section        0  gd32f20x_dci.o(i.dci_interrupt_flag_get)
    i.dci_ov2640_id_read                     0x08002954   Section        0  dci_ov2640.o(i.dci_ov2640_id_read)
    i.dci_ov2640_init                        0x08002970   Section        0  dci_ov2640.o(i.dci_ov2640_init)
    i.delay_1ms                              0x0800298c   Section        0  systick.o(i.delay_1ms)
    i.delay_decrement                        0x080029a0   Section        0  systick.o(i.delay_decrement)
    i.dma_channel_disable                    0x080029b8   Section        0  gd32f20x_dma.o(i.dma_channel_disable)
    i.dma_channel_enable                     0x080029d8   Section        0  gd32f20x_dma.o(i.dma_channel_enable)
    i.dma_circulation_enable                 0x080029f8   Section        0  gd32f20x_dma.o(i.dma_circulation_enable)
    i.dma_deinit                             0x08002a18   Section        0  gd32f20x_dma.o(i.dma_deinit)
    i.dma_init                               0x08002a90   Section        0  gd32f20x_dma.o(i.dma_init)
    i.exti_interrupt_disable                 0x08002bb4   Section        0  gd32f20x_exti.o(i.exti_interrupt_disable)
    i.exti_interrupt_flag_clear              0x08002bc4   Section        0  gd32f20x_exti.o(i.exti_interrupt_flag_clear)
    i.exti_interrupt_flag_get                0x08002bd0   Section        0  gd32f20x_exti.o(i.exti_interrupt_flag_get)
    i.gd_eval_com_init                       0x08002bf4   Section        0  gd32f207i_eval.o(i.gd_eval_com_init)
    i.gd_eval_led_init                       0x08002c80   Section        0  gd32f207i_eval.o(i.gd_eval_led_init)
    i.gd_eval_led_off                        0x08002cc0   Section        0  gd32f207i_eval.o(i.gd_eval_led_off)
    i.gd_eval_led_on                         0x08002cd8   Section        0  gd32f207i_eval.o(i.gd_eval_led_on)
    i.get_2_base_color_spectrum_index        0x08002cf0   Section        0  coloranalysis.o(i.get_2_base_color_spectrum_index)
    i.get_9_block_feature_vectors_of_image   0x08002d74   Section        0  coloranalysis.o(i.get_9_block_feature_vectors_of_image)
    i.get_feature_vector_of_image            0x08003124   Section        0  coloranalysis.o(i.get_feature_vector_of_image)
    i.get_main_color_of_image                0x080035ec   Section        0  coloranalysis.o(i.get_main_color_of_image)
    i.get_spectrum_index_of_image_3          0x08003fcc   Section        0  coloranalysis.o(i.get_spectrum_index_of_image_3)
    i.gpio_bit_reset                         0x08004264   Section        0  gd32f20x_gpio.o(i.gpio_bit_reset)
    i.gpio_bit_set                           0x08004268   Section        0  gd32f20x_gpio.o(i.gpio_bit_set)
    i.gpio_init                              0x0800426c   Section        0  gd32f20x_gpio.o(i.gpio_init)
    i.gpio_pin_remap1_config                 0x08004300   Section        0  gd32f20x_gpio.o(i.gpio_pin_remap1_config)
    i.gpio_pin_remap_config                  0x0800437c   Section        0  gd32f20x_gpio.o(i.gpio_pin_remap_config)
    i.i2c_ack_config                         0x0800440c   Section        0  gd32f20x_i2c.o(i.i2c_ack_config)
    i.i2c_clock_config                       0x08004424   Section        0  gd32f20x_i2c.o(i.i2c_clock_config)
    i.i2c_data_receive                       0x080044fc   Section        0  gd32f20x_i2c.o(i.i2c_data_receive)
    i.i2c_data_transmit                      0x08004504   Section        0  gd32f20x_i2c.o(i.i2c_data_transmit)
    i.i2c_deinit                             0x08004508   Section        0  gd32f20x_i2c.o(i.i2c_deinit)
    i.i2c_enable                             0x08004560   Section        0  gd32f20x_i2c.o(i.i2c_enable)
    i.i2c_flag_clear                         0x0800456a   Section        0  gd32f20x_i2c.o(i.i2c_flag_clear)
    i.i2c_flag_get                           0x0800457c   Section        0  gd32f20x_i2c.o(i.i2c_flag_get)
    i.i2c_master_addressing                  0x080045ae   Section        0  gd32f20x_i2c.o(i.i2c_master_addressing)
    i.i2c_mode_addr_config                   0x080045c2   Section        0  gd32f20x_i2c.o(i.i2c_mode_addr_config)
    i.i2c_start_on_bus                       0x080045da   Section        0  gd32f20x_i2c.o(i.i2c_start_on_bus)
    i.i2c_stop_on_bus                        0x080045e4   Section        0  gd32f20x_i2c.o(i.i2c_stop_on_bus)
    i.if_2d_vectors_similar                  0x080045f0   Section        0  coloranalysis.o(i.if_2d_vectors_similar)
    i.if_color_cold                          0x08004750   Section        0  coloranalysis.o(i.if_color_cold)
    i.if_color_neutral                       0x08004772   Section        0  coloranalysis.o(i.if_color_neutral)
    i.if_color_warm                          0x080047a0   Section        0  coloranalysis.o(i.if_color_warm)
    i.if_vectors_similar                     0x080047d4   Section        0  coloranalysis.o(i.if_vectors_similar)
    i.image_display                          0x0800497c   Section        0  main.o(i.image_display)
    i.image_save                             0x080049b0   Section        0  main.o(i.image_save)
    i.is_bad_spot_yuv                        0x080049e8   Section        0  coloranalysis.o(i.is_bad_spot_yuv)
    i.main                                   0x08004a20   Section        0  main.o(i.main)
    i.nvic_config                            0x08004b88   Section        0  main.o(i.nvic_config)
    nvic_config                              0x08004b89   Thumb Code    32  main.o(i.nvic_config)
    i.nvic_irq_enable                        0x08004ba8   Section        0  gd32f20x_misc.o(i.nvic_irq_enable)
    i.nvic_priority_group_set                0x08004c38   Section        0  gd32f20x_misc.o(i.nvic_priority_group_set)
    i.pedestrian_area_existing               0x08004c4c   Section        0  coloranalysis.o(i.pedestrian_area_existing)
    i.pedestrian_area_init                   0x08004d00   Section        0  coloranalysis.o(i.pedestrian_area_init)
    i.pedestrian_area_none                   0x08004da8   Section        0  coloranalysis.o(i.pedestrian_area_none)
    i.pedestrian_area_waiting_to_be_stable   0x08004e44   Section        0  coloranalysis.o(i.pedestrian_area_waiting_to_be_stable)
    i.process_camera_exception               0x08004f0c   Section        0  ledcontrol.o(i.process_camera_exception)
    i.pwm_gpio_config                        0x08004f34   Section        0  timer.o(i.pwm_gpio_config)
    i.pwm_timer1_config                      0x08005004   Section        0  timer.o(i.pwm_timer1_config)
    i.pwm_timer2_config                      0x08005090   Section        0  timer.o(i.pwm_timer2_config)
    i.pwm_timer4_config                      0x08005160   Section        0  timer.o(i.pwm_timer4_config)
    i.pwm_timer_config                       0x08005258   Section        0  timer.o(i.pwm_timer_config)
    i.pwm_timer_init                         0x080052b4   Section        0  timer.o(i.pwm_timer_init)
    i.rcu_ckout0_config                      0x08005350   Section        0  gd32f20x_rcu.o(i.rcu_ckout0_config)
    i.rcu_clock_freq_get                     0x0800537c   Section        0  gd32f20x_rcu.o(i.rcu_clock_freq_get)
    i.rcu_periph_clock_enable                0x080054ec   Section        0  gd32f20x_rcu.o(i.rcu_periph_clock_enable)
    i.rcu_periph_reset_disable               0x0800550c   Section        0  gd32f20x_rcu.o(i.rcu_periph_reset_disable)
    i.rcu_periph_reset_enable                0x0800552c   Section        0  gd32f20x_rcu.o(i.rcu_periph_reset_enable)
    i.sccb_config                            0x0800554c   Section        0  sccb.o(i.sccb_config)
    i.set_6_recipe                           0x080055bc   Section        0  ledcontrol.o(i.set_6_recipe)
    i.set_recipe                             0x080055d8   Section        0  ledcontrol.o(i.set_recipe)
    i.set_recipe_low                         0x08005640   Section        0  ledcontrol.o(i.set_recipe_low)
    i.show_yuv422_image                      0x08005720   Section        0  coloranalysis.o(i.show_yuv422_image)
    i.sort_array_and_indexes                 0x080057c4   Section        0  coloranalysis.o(i.sort_array_and_indexes)
    i.sort_array_and_indexes_int             0x08005852   Section        0  coloranalysis.o(i.sort_array_and_indexes_int)
    i.spi_enable                             0x080058dc   Section        0  gd32f20x_spi.o(i.spi_enable)
    i.spi_i2s_data_receive                   0x080058e6   Section        0  gd32f20x_spi.o(i.spi_i2s_data_receive)
    i.spi_i2s_data_transmit                  0x080058ee   Section        0  gd32f20x_spi.o(i.spi_i2s_data_transmit)
    i.spi_i2s_flag_get                       0x080058f2   Section        0  gd32f20x_spi.o(i.spi_i2s_flag_get)
    i.spi_init                               0x08005902   Section        0  gd32f20x_spi.o(i.spi_init)
    i.state_machine_ledcontrol               0x08005934   Section        0  ledcontrol.o(i.state_machine_ledcontrol)
    i.switch_pwm_slowly                      0x080059ac   Section        0  ledcontrol.o(i.switch_pwm_slowly)
    i.system_clock_120m_hxtal                0x08005bbc   Section        0  system_gd32f20x.o(i.system_clock_120m_hxtal)
    system_clock_120m_hxtal                  0x08005bbd   Thumb Code   210  system_gd32f20x.o(i.system_clock_120m_hxtal)
    i.system_clock_config                    0x08005ca0   Section        0  system_gd32f20x.o(i.system_clock_config)
    system_clock_config                      0x08005ca1   Thumb Code     8  system_gd32f20x.o(i.system_clock_config)
    i.systick_config                         0x08005ca8   Section        0  systick.o(i.systick_config)
    i.timer5_init                            0x08005cf8   Section        0  timer.o(i.timer5_init)
    i.timer_auto_reload_shadow_enable        0x08005d44   Section        0  gd32f20x_timer.o(i.timer_auto_reload_shadow_enable)
    i.timer_channel_output_config            0x08005d50   Section        0  gd32f20x_timer.o(i.timer_channel_output_config)
    i.timer_channel_output_mode_config       0x08005f3c   Section        0  gd32f20x_timer.o(i.timer_channel_output_mode_config)
    i.timer_channel_output_pulse_value_config 0x08005f96   Section        0  gd32f20x_timer.o(i.timer_channel_output_pulse_value_config)
    i.timer_channel_output_shadow_config     0x08005fbc   Section        0  gd32f20x_timer.o(i.timer_channel_output_shadow_config)
    i.timer_deinit                           0x08006018   Section        0  gd32f20x_timer.o(i.timer_deinit)
    i.timer_enable                           0x0800619c   Section        0  gd32f20x_timer.o(i.timer_enable)
    i.timer_init                             0x080061a8   Section        0  gd32f20x_timer.o(i.timer_init)
    i.timer_interrupt_enable                 0x0800627c   Section        0  gd32f20x_timer.o(i.timer_interrupt_enable)
    i.timer_interrupt_flag_clear             0x08006284   Section        0  gd32f20x_timer.o(i.timer_interrupt_flag_clear)
    i.timer_interrupt_flag_get               0x0800628c   Section        0  gd32f20x_timer.o(i.timer_interrupt_flag_get)
    i.tli_enable                             0x080062a4   Section        0  gd32f20x_tli.o(i.tli_enable)
    i.tli_layer_disable                      0x080062b8   Section        0  gd32f20x_tli.o(i.tli_layer_disable)
    i.tli_layer_enable                       0x080062c6   Section        0  gd32f20x_tli.o(i.tli_layer_enable)
    i.tli_layer_init                         0x080062d4   Section        0  gd32f20x_tli.o(i.tli_layer_init)
    i.tli_reload_config                      0x08006378   Section        0  gd32f20x_tli.o(i.tli_reload_config)
    i.usart_baudrate_set                     0x0800639c   Section        0  gd32f20x_usart.o(i.usart_baudrate_set)
    i.usart_deinit                           0x08006464   Section        0  gd32f20x_usart.o(i.usart_deinit)
    i.usart_enable                           0x08006540   Section        0  gd32f20x_usart.o(i.usart_enable)
    i.usart_receive_config                   0x0800654a   Section        0  gd32f20x_usart.o(i.usart_receive_config)
    i.usart_transmit_config                  0x0800655a   Section        0  gd32f20x_usart.o(i.usart_transmit_config)
    .constdata                               0x0800656c   Section       16  main.o(.constdata)
    .constdata                               0x0800657c   Section    40398  gui.o(.constdata)
    .constdata                               0x0801034c   Section      148  coloranalysis.o(.constdata)
    .data                                    0x20000000   Section       21  main.o(.data)
    .data                                    0x20000018   Section        4  systick.o(.data)
    delay                                    0x20000018   Data           4  systick.o(.data)
    .data                                    0x2000001c   Section        4  system_gd32f20x.o(.data)
    .data                                    0x20000020   Section      113  gd32f207i_eval.o(.data)
    GPIO_PORT                                0x20000020   Data          16  gd32f207i_eval.o(.data)
    GPIO_PIN                                 0x20000030   Data          16  gd32f207i_eval.o(.data)
    COM_CLK                                  0x20000040   Data           2  gd32f207i_eval.o(.data)
    COM_TX_PIN                               0x20000044   Data           4  gd32f207i_eval.o(.data)
    COM_RX_PIN                               0x20000048   Data           4  gd32f207i_eval.o(.data)
    COM_GPIO_PORT                            0x2000004c   Data           4  gd32f207i_eval.o(.data)
    COM_GPIO_CLK                             0x20000050   Data           2  gd32f207i_eval.o(.data)
    GPIO_CLK                                 0x20000052   Data           8  gd32f207i_eval.o(.data)
    KEY_PORT                                 0x2000005c   Data          12  gd32f207i_eval.o(.data)
    KEY_PIN                                  0x20000068   Data          12  gd32f207i_eval.o(.data)
    KEY_CLK                                  0x20000074   Data           6  gd32f207i_eval.o(.data)
    KEY_EXTI_LINE                            0x2000007c   Data          12  gd32f207i_eval.o(.data)
    KEY_PORT_SOURCE                          0x20000088   Data           3  gd32f207i_eval.o(.data)
    KEY_PIN_SOURCE                           0x2000008b   Data           3  gd32f207i_eval.o(.data)
    KEY_IRQn                                 0x2000008e   Data           3  gd32f207i_eval.o(.data)
    .data                                    0x20000094   Section       52  coloranalysis.o(.data)
    .data                                    0x200000c8   Section      748  ledcontrol.o(.data)
    .bss                                     0x200003b4   Section    153724  main.o(.bss)
    .bss                                     0x20025c30   Section      432  coloranalysis.o(.bss)
    .bss                                     0x20025de0   Section       24  ledcontrol.o(.bss)
    STACK                                    0x20025df8   Section     8192  startup_gd32f20x_cl.o(STACK)

    Global Symbols

    Symbol Name                              Value     Ov Type        Size  Object(Section)

    BuildAttributes$$THM_ISAv4$P$D$K$B$S$PE$A:L22UL41UL21$X:L11$S22US41US21$IEEE1$IW$USESV6$~STKCKD$USESV7$~SHL$OTIME$ROPI$EBA8$MICROLIB$REQ8$PRES8$EABIv2 0x00000000   Number         0  anon$$obj.o ABSOLUTE
    __ARM_use_no_argv                        0x00000000   Number         0  main.o ABSOLUTE
    __cpp_initialize__aeabi_                  - Undefined Weak Reference
    __cxa_finalize                            - Undefined Weak Reference
    _clock_init                               - Undefined Weak Reference
    _microlib_exit                            - Undefined Weak Reference
    __Vectors_Size                           0x000001a8   Number         0  startup_gd32f20x_cl.o ABSOLUTE
    __Vectors                                0x08000000   Data           4  startup_gd32f20x_cl.o(RESET)
    __Vectors_End                            0x080001a8   Data           0  startup_gd32f20x_cl.o(RESET)
    __main                                   0x080001a9   Thumb Code     0  entry.o(.ARM.Collect$$$$00000000)
    _main_stk                                0x080001a9   Thumb Code     0  entry2.o(.ARM.Collect$$$$00000001)
    _main_scatterload                        0x080001ad   Thumb Code     0  entry5.o(.ARM.Collect$$$$00000004)
    __main_after_scatterload                 0x080001b1   Thumb Code     0  entry5.o(.ARM.Collect$$$$00000004)
    _main_clock                              0x080001b1   Thumb Code     0  entry7b.o(.ARM.Collect$$$$00000008)
    _main_cpp_init                           0x080001b1   Thumb Code     0  entry8b.o(.ARM.Collect$$$$0000000A)
    _main_init                               0x080001b1   Thumb Code     0  entry9a.o(.ARM.Collect$$$$0000000B)
    __rt_final_cpp                           0x080001b9   Thumb Code     0  entry10a.o(.ARM.Collect$$$$0000000D)
    __rt_final_exit                          0x080001b9   Thumb Code     0  entry11a.o(.ARM.Collect$$$$0000000F)
    Reset_Handler                            0x080001bd   Thumb Code     8  startup_gd32f20x_cl.o(.text)
    ADC0_1_IRQHandler                        0x080001d7   Thumb Code     0  startup_gd32f20x_cl.o(.text)
    ADC2_IRQHandler                          0x080001d7   Thumb Code     0  startup_gd32f20x_cl.o(.text)
    CAN0_EWMC_IRQHandler                     0x080001d7   Thumb Code     0  startup_gd32f20x_cl.o(.text)
    CAN0_RX0_IRQHandler                      0x080001d7   Thumb Code     0  startup_gd32f20x_cl.o(.text)
    CAN0_RX1_IRQHandler                      0x080001d7   Thumb Code     0  startup_gd32f20x_cl.o(.text)
    CAN0_TX_IRQHandler                       0x080001d7   Thumb Code     0  startup_gd32f20x_cl.o(.text)
    CAN1_EWMC_IRQHandler                     0x080001d7   Thumb Code     0  startup_gd32f20x_cl.o(.text)
    CAN1_RX0_IRQHandler                      0x080001d7   Thumb Code     0  startup_gd32f20x_cl.o(.text)
    CAN1_RX1_IRQHandler                      0x080001d7   Thumb Code     0  startup_gd32f20x_cl.o(.text)
    CAN1_TX_IRQHandler                       0x080001d7   Thumb Code     0  startup_gd32f20x_cl.o(.text)
    CAU_IRQHandler                           0x080001d7   Thumb Code     0  startup_gd32f20x_cl.o(.text)
    DMA0_Channel0_IRQHandler                 0x080001d7   Thumb Code     0  startup_gd32f20x_cl.o(.text)
    DMA0_Channel1_IRQHandler                 0x080001d7   Thumb Code     0  startup_gd32f20x_cl.o(.text)
    DMA0_Channel2_IRQHandler                 0x080001d7   Thumb Code     0  startup_gd32f20x_cl.o(.text)
    DMA0_Channel3_IRQHandler                 0x080001d7   Thumb Code     0  startup_gd32f20x_cl.o(.text)
    DMA0_Channel4_IRQHandler                 0x080001d7   Thumb Code     0  startup_gd32f20x_cl.o(.text)
    DMA0_Channel5_IRQHandler                 0x080001d7   Thumb Code     0  startup_gd32f20x_cl.o(.text)
    DMA0_Channel6_IRQHandler                 0x080001d7   Thumb Code     0  startup_gd32f20x_cl.o(.text)
    DMA1_Channel0_IRQHandler                 0x080001d7   Thumb Code     0  startup_gd32f20x_cl.o(.text)
    DMA1_Channel1_IRQHandler                 0x080001d7   Thumb Code     0  startup_gd32f20x_cl.o(.text)
    DMA1_Channel2_IRQHandler                 0x080001d7   Thumb Code     0  startup_gd32f20x_cl.o(.text)
    DMA1_Channel3_IRQHandler                 0x080001d7   Thumb Code     0  startup_gd32f20x_cl.o(.text)
    DMA1_Channel4_IRQHandler                 0x080001d7   Thumb Code     0  startup_gd32f20x_cl.o(.text)
    DMA1_Channel5_IRQHandler                 0x080001d7   Thumb Code     0  startup_gd32f20x_cl.o(.text)
    DMA1_Channel6_IRQHandler                 0x080001d7   Thumb Code     0  startup_gd32f20x_cl.o(.text)
    ENET_IRQHandler                          0x080001d7   Thumb Code     0  startup_gd32f20x_cl.o(.text)
    ENET_WKUP_IRQHandler                     0x080001d7   Thumb Code     0  startup_gd32f20x_cl.o(.text)
    EXMC_IRQHandler                          0x080001d7   Thumb Code     0  startup_gd32f20x_cl.o(.text)
    EXTI1_IRQHandler                         0x080001d7   Thumb Code     0  startup_gd32f20x_cl.o(.text)
    EXTI2_IRQHandler                         0x080001d7   Thumb Code     0  startup_gd32f20x_cl.o(.text)
    EXTI3_IRQHandler                         0x080001d7   Thumb Code     0  startup_gd32f20x_cl.o(.text)
    EXTI4_IRQHandler                         0x080001d7   Thumb Code     0  startup_gd32f20x_cl.o(.text)
    EXTI5_9_IRQHandler                       0x080001d7   Thumb Code     0  startup_gd32f20x_cl.o(.text)
    FMC_IRQHandler                           0x080001d7   Thumb Code     0  startup_gd32f20x_cl.o(.text)
    HAU_TRNG_IRQHandler                      0x080001d7   Thumb Code     0  startup_gd32f20x_cl.o(.text)
    I2C0_ER_IRQHandler                       0x080001d7   Thumb Code     0  startup_gd32f20x_cl.o(.text)
    I2C0_EV_IRQHandler                       0x080001d7   Thumb Code     0  startup_gd32f20x_cl.o(.text)
    I2C1_ER_IRQHandler                       0x080001d7   Thumb Code     0  startup_gd32f20x_cl.o(.text)
    I2C1_EV_IRQHandler                       0x080001d7   Thumb Code     0  startup_gd32f20x_cl.o(.text)
    I2C2_ER_IRQHandler                       0x080001d7   Thumb Code     0  startup_gd32f20x_cl.o(.text)
    I2C2_EV_IRQHandler                       0x080001d7   Thumb Code     0  startup_gd32f20x_cl.o(.text)
    LVD_IRQHandler                           0x080001d7   Thumb Code     0  startup_gd32f20x_cl.o(.text)
    RCU_IRQHandler                           0x080001d7   Thumb Code     0  startup_gd32f20x_cl.o(.text)
    RTC_Alarm_IRQHandler                     0x080001d7   Thumb Code     0  startup_gd32f20x_cl.o(.text)
    RTC_IRQHandler                           0x080001d7   Thumb Code     0  startup_gd32f20x_cl.o(.text)
    SDIO_IRQHandler                          0x080001d7   Thumb Code     0  startup_gd32f20x_cl.o(.text)
    SPI0_IRQHandler                          0x080001d7   Thumb Code     0  startup_gd32f20x_cl.o(.text)
    SPI1_IRQHandler                          0x080001d7   Thumb Code     0  startup_gd32f20x_cl.o(.text)
    SPI2_IRQHandler                          0x080001d7   Thumb Code     0  startup_gd32f20x_cl.o(.text)
    TAMPER_IRQHandler                        0x080001d7   Thumb Code     0  startup_gd32f20x_cl.o(.text)
    TIMER0_BRK_TIMER8_IRQHandler             0x080001d7   Thumb Code     0  startup_gd32f20x_cl.o(.text)
    TIMER0_Channel_IRQHandler                0x080001d7   Thumb Code     0  startup_gd32f20x_cl.o(.text)
    TIMER0_TRG_CMT_TIMER10_IRQHandler        0x080001d7   Thumb Code     0  startup_gd32f20x_cl.o(.text)
    TIMER0_UP_TIMER9_IRQHandler              0x080001d7   Thumb Code     0  startup_gd32f20x_cl.o(.text)
    TIMER1_IRQHandler                        0x080001d7   Thumb Code     0  startup_gd32f20x_cl.o(.text)
    TIMER2_IRQHandler                        0x080001d7   Thumb Code     0  startup_gd32f20x_cl.o(.text)
    TIMER3_IRQHandler                        0x080001d7   Thumb Code     0  startup_gd32f20x_cl.o(.text)
    TIMER4_IRQHandler                        0x080001d7   Thumb Code     0  startup_gd32f20x_cl.o(.text)
    TIMER6_IRQHandler                        0x080001d7   Thumb Code     0  startup_gd32f20x_cl.o(.text)
    TIMER7_BRK_TIMER11_IRQHandler            0x080001d7   Thumb Code     0  startup_gd32f20x_cl.o(.text)
    TIMER7_Channel_IRQHandler                0x080001d7   Thumb Code     0  startup_gd32f20x_cl.o(.text)
    TIMER7_TRG_CMT_TIMER13_IRQHandler        0x080001d7   Thumb Code     0  startup_gd32f20x_cl.o(.text)
    TIMER7_UP_TIMER12_IRQHandler             0x080001d7   Thumb Code     0  startup_gd32f20x_cl.o(.text)
    TLI_ER_IRQHandler                        0x080001d7   Thumb Code     0  startup_gd32f20x_cl.o(.text)
    TLI_IRQHandler                           0x080001d7   Thumb Code     0  startup_gd32f20x_cl.o(.text)
    UART3_IRQHandler                         0x080001d7   Thumb Code     0  startup_gd32f20x_cl.o(.text)
    UART4_IRQHandler                         0x080001d7   Thumb Code     0  startup_gd32f20x_cl.o(.text)
    UART6_IRQHandler                         0x080001d7   Thumb Code     0  startup_gd32f20x_cl.o(.text)
    UART7_IRQHandler                         0x080001d7   Thumb Code     0  startup_gd32f20x_cl.o(.text)
    USART0_IRQHandler                        0x080001d7   Thumb Code     0  startup_gd32f20x_cl.o(.text)
    USART1_IRQHandler                        0x080001d7   Thumb Code     0  startup_gd32f20x_cl.o(.text)
    USART2_IRQHandler                        0x080001d7   Thumb Code     0  startup_gd32f20x_cl.o(.text)
    USART5_IRQHandler                        0x080001d7   Thumb Code     0  startup_gd32f20x_cl.o(.text)
    USBFS_IRQHandler                         0x080001d7   Thumb Code     0  startup_gd32f20x_cl.o(.text)
    USBFS_WKUP_IRQHandler                    0x080001d7   Thumb Code     0  startup_gd32f20x_cl.o(.text)
    WWDGT_IRQHandler                         0x080001d7   Thumb Code     0  startup_gd32f20x_cl.o(.text)
    __aeabi_memcpy                           0x080001e1   Thumb Code    36  memcpya.o(.text)
    __aeabi_memcpy4                          0x080001e1   Thumb Code     0  memcpya.o(.text)
    __aeabi_memcpy8                          0x080001e1   Thumb Code     0  memcpya.o(.text)
    __aeabi_memset                           0x08000205   Thumb Code    14  memseta.o(.text)
    __aeabi_memset4                          0x08000205   Thumb Code     0  memseta.o(.text)
    __aeabi_memset8                          0x08000205   Thumb Code     0  memseta.o(.text)
    __aeabi_memclr                           0x08000213   Thumb Code     4  memseta.o(.text)
    __aeabi_memclr4                          0x08000213   Thumb Code     0  memseta.o(.text)
    __aeabi_memclr8                          0x08000213   Thumb Code     0  memseta.o(.text)
    _memset$wrapper                          0x08000217   Thumb Code    18  memseta.o(.text)
    __aeabi_fadd                             0x08000229   Thumb Code   164  fadd.o(.text)
    __aeabi_fsub                             0x080002cd   Thumb Code     6  fadd.o(.text)
    __aeabi_frsub                            0x080002d3   Thumb Code     6  fadd.o(.text)
    __aeabi_fmul                             0x080002d9   Thumb Code   100  fmul.o(.text)
    __aeabi_fdiv                             0x0800033d   Thumb Code   124  fdiv.o(.text)
    __aeabi_dadd                             0x080003b9   Thumb Code   322  dadd.o(.text)
    __aeabi_dsub                             0x080004fb   Thumb Code     6  dadd.o(.text)
    __aeabi_drsub                            0x08000501   Thumb Code     6  dadd.o(.text)
    __aeabi_dmul                             0x08000507   Thumb Code   228  dmul.o(.text)
    __aeabi_ddiv                             0x080005eb   Thumb Code   222  ddiv.o(.text)
    __aeabi_i2f                              0x080006c9   Thumb Code    18  fflti.o(.text)
    __aeabi_ui2f                             0x080006db   Thumb Code    10  ffltui.o(.text)
    __aeabi_i2d                              0x080006e5   Thumb Code    34  dflti.o(.text)
    __aeabi_f2iz                             0x08000707   Thumb Code    50  ffixi.o(.text)
    __aeabi_f2uiz                            0x08000739   Thumb Code    40  ffixui.o(.text)
    __aeabi_d2iz                             0x08000761   Thumb Code    62  dfixi.o(.text)
    __aeabi_f2d                              0x0800079f   Thumb Code    38  f2d.o(.text)
    __aeabi_cdcmpeq                          0x080007c5   Thumb Code     0  cdcmple.o(.text)
    __aeabi_cdcmple                          0x080007c5   Thumb Code    48  cdcmple.o(.text)
    __aeabi_cdrcmple                         0x080007f5   Thumb Code    48  cdrcmple.o(.text)
    __aeabi_d2f                              0x08000825   Thumb Code    56  d2f.o(.text)
    __aeabi_cfcmpeq                          0x0800085d   Thumb Code     0  cfcmple.o(.text)
    __aeabi_cfcmple                          0x0800085d   Thumb Code    20  cfcmple.o(.text)
    __aeabi_cfrcmple                         0x08000871   Thumb Code    20  cfrcmple.o(.text)
    __aeabi_llsl                             0x08000885   Thumb Code    30  llshl.o(.text)
    _ll_shift_l                              0x08000885   Thumb Code     0  llshl.o(.text)
    __aeabi_llsr                             0x080008a3   Thumb Code    32  llushr.o(.text)
    _ll_ushift_r                             0x080008a3   Thumb Code     0  llushr.o(.text)
    __aeabi_lasr                             0x080008c3   Thumb Code    36  llsshr.o(.text)
    _ll_sshift_r                             0x080008c3   Thumb Code     0  llsshr.o(.text)
    __I$use$fp                               0x080008e7   Thumb Code     0  iusefp.o(.text)
    _float_round                             0x080008e7   Thumb Code    18  fepilogue.o(.text)
    _float_epilogue                          0x080008f9   Thumb Code    92  fepilogue.o(.text)
    _double_round                            0x08000955   Thumb Code    30  depilogue.o(.text)
    _double_epilogue                         0x08000973   Thumb Code   156  depilogue.o(.text)
    __scatterload                            0x08000a11   Thumb Code    28  init.o(.text)
    __scatterload_rt2                        0x08000a11   Thumb Code     0  init.o(.text)
    __decompress                             0x08000a35   Thumb Code     0  __dczerorl2.o(.text)
    __decompress1                            0x08000a35   Thumb Code    86  __dczerorl2.o(.text)
    BusFault_Handler                         0x08000a8b   Thumb Code     4  gd32f20x_it.o(i.BusFault_Handler)
    COBLed_4000k                             0x08000a91   Thumb Code    92  ledcontrol.o(i.COBLed_4000k)
    COBLed_Test                              0x08000af9   Thumb Code   154  ledcontrol.o(i.COBLed_Test)
    COBLed_minimum_cold_white                0x08000b95   Thumb Code    82  ledcontrol.o(i.COBLed_minimum_cold_white)
    COBLed_recipe_low_display                0x08000bf5   Thumb Code   316  ledcontrol.o(i.COBLed_recipe_low_display)
    COBLed_recipe_normal_display             0x08000d45   Thumb Code   152  ledcontrol.o(i.COBLed_recipe_normal_display)
    COBLed_reserve_white                     0x08000ded   Thumb Code    82  ledcontrol.o(i.COBLed_reserve_white)
    COBledPwmInit                            0x08000e49   Thumb Code    12  main.o(i.COBledPwmInit)
    DCI_IRQHandler                           0x08000e55   Thumb Code    60  main.o(i.DCI_IRQHandler)
    DCMI_0V7670_RST_PWDN_Init                0x08000e9d   Thumb Code    40  dci_ov2640.o(i.DCMI_0V7670_RST_PWDN_Init)
    DebugMon_Handler                         0x08000ec9   Thumb Code     2  gd32f20x_it.o(i.DebugMon_Handler)
    EXTI0_IRQHandler                         0x08000ecb   Thumb Code     2  gd32f20x_it.o(i.EXTI0_IRQHandler)
    EXTI10_15_IRQHandler                     0x08000ecd   Thumb Code    84  gd32f20x_it.o(i.EXTI10_15_IRQHandler)
    Gui_DrawFont_GBK24                       0x08001675   Thumb Code   552  gui.o(i.Gui_DrawFont_GBK24)
    Gui_DrawPoint                            0x080018a5   Thumb Code    30  lcd_driver.o(i.Gui_DrawPoint)
    HardFault_Handler                        0x080018c3   Thumb Code     4  gd32f20x_it.o(i.HardFault_Handler)
    LCD_ShowPicture                          0x080018c7   Thumb Code   104  gui.o(i.LCD_ShowPicture)
    Lcd_Clear                                0x08001931   Thumb Code    66  lcd_driver.o(i.Lcd_Clear)
    Lcd_Init                                 0x0800197d   Thumb Code   516  lcd_driver.o(i.Lcd_Init)
    Lcd_Reset                                0x08001b81   Thumb Code    32  lcd_driver.o(i.Lcd_Reset)
    Lcd_SetRegion                            0x08001ba5   Thumb Code    66  lcd_driver.o(i.Lcd_SetRegion)
    Lcd_SetXY                                0x08001be7   Thumb Code    42  lcd_driver.o(i.Lcd_SetXY)
    Lcd_WriteData                            0x08001c11   Thumb Code    22  lcd_driver.o(i.Lcd_WriteData)
    Lcd_WriteData16Bit                       0x08001c31   Thumb Code    20  lcd_driver.o(i.Lcd_WriteData16Bit)
    Lcd_WriteIndex                           0x08001c45   Thumb Code    22  lcd_driver.o(i.Lcd_WriteIndex)
    MemManage_Handler                        0x08001c65   Thumb Code     4  gd32f20x_it.o(i.MemManage_Handler)
    NMI_Handler                              0x08001c69   Thumb Code     2  gd32f20x_it.o(i.NMI_Handler)
    PendSV_Handler                           0x08001c95   Thumb Code     2  gd32f20x_it.o(i.PendSV_Handler)
    RGBtoHSV100                              0x08001c99   Thumb Code   366  coloranalysis.o(i.RGBtoHSV100)
    SPI2_Init                                0x08001e11   Thumb Code   142  lcd_driver.o(i.SPI2_Init)
    SPI_WriteByte                            0x08001eb1   Thumb Code    52  lcd_driver.o(i.SPI_WriteByte)
    SVC_Handler                              0x08001ee5   Thumb Code     2  gd32f20x_it.o(i.SVC_Handler)
    SysTick_Handler                          0x08001ee7   Thumb Code     8  gd32f20x_it.o(i.SysTick_Handler)
    SystemInit                               0x08001ef1   Thumb Code   124  system_gd32f20x.o(i.SystemInit)
    TIMER5_IRQHandler                        0x08001f81   Thumb Code    38  gd32f20x_it.o(i.TIMER5_IRQHandler)
    UsageFault_Handler                       0x08001fb5   Thumb Code     4  gd32f20x_it.o(i.UsageFault_Handler)
    YUV422toRGB                              0x08001fb9   Thumb Code   278  coloranalysis.o(i.YUV422toRGB)
    __scatterload_copy                       0x080020f1   Thumb Code    14  handlers.o(i.__scatterload_copy)
    __scatterload_null                       0x080020ff   Thumb Code     2  handlers.o(i.__scatterload_null)
    __scatterload_zeroinit                   0x08002101   Thumb Code    14  handlers.o(i.__scatterload_zeroinit)
    analyse_image_and_change_light           0x08002111   Thumb Code   202  coloranalysis.o(i.analyse_image_and_change_light)
    ckout0_init                              0x080021f1   Thumb Code    42  dci_ov2640.o(i.ckout0_init)
    clothing_area_detecting_color            0x08002221   Thumb Code   172  coloranalysis.o(i.clothing_area_detecting_color)
    clothing_area_finding_ref                0x080022f1   Thumb Code   180  coloranalysis.o(i.clothing_area_finding_ref)
    clothing_area_init                       0x080023c9   Thumb Code   130  coloranalysis.o(i.clothing_area_init)
    clothing_area_stable                     0x08002469   Thumb Code   134  coloranalysis.o(i.clothing_area_stable)
    dci_byte_read                            0x08002515   Thumb Code   382  sccb.o(i.dci_byte_read)
    dci_byte_write                           0x0800269d   Thumb Code   250  sccb.o(i.dci_byte_write)
    dci_capture_disable                      0x080027a5   Thumb Code    14  gd32f20x_dci.o(i.dci_capture_disable)
    dci_capture_enable                       0x080027b9   Thumb Code    14  gd32f20x_dci.o(i.dci_capture_enable)
    dci_config                               0x080027cd   Thumb Code   238  dci_ov2640.o(i.dci_config)
    dci_enable                               0x080028d5   Thumb Code    14  gd32f20x_dci.o(i.dci_enable)
    dci_init                                 0x080028e9   Thumb Code    46  gd32f20x_dci.o(i.dci_init)
    dci_interrupt_enable                     0x0800291d   Thumb Code    12  gd32f20x_dci.o(i.dci_interrupt_enable)
    dci_interrupt_flag_clear                 0x0800292d   Thumb Code    12  gd32f20x_dci.o(i.dci_interrupt_flag_clear)
    dci_interrupt_flag_get                   0x0800293d   Thumb Code    18  gd32f20x_dci.o(i.dci_interrupt_flag_get)
    dci_ov2640_id_read                       0x08002955   Thumb Code    28  dci_ov2640.o(i.dci_ov2640_id_read)
    dci_ov2640_init                          0x08002971   Thumb Code    26  dci_ov2640.o(i.dci_ov2640_init)
    delay_1ms                                0x0800298d   Thumb Code    16  systick.o(i.delay_1ms)
    delay_decrement                          0x080029a1   Thumb Code    18  systick.o(i.delay_decrement)
    dma_channel_disable                      0x080029b9   Thumb Code    32  gd32f20x_dma.o(i.dma_channel_disable)
    dma_channel_enable                       0x080029d9   Thumb Code    32  gd32f20x_dma.o(i.dma_channel_enable)
    dma_circulation_enable                   0x080029f9   Thumb Code    32  gd32f20x_dma.o(i.dma_circulation_enable)
    dma_deinit                               0x08002a19   Thumb Code   110  gd32f20x_dma.o(i.dma_deinit)
    dma_init                                 0x08002a91   Thumb Code   290  gd32f20x_dma.o(i.dma_init)
    exti_interrupt_disable                   0x08002bb5   Thumb Code    12  gd32f20x_exti.o(i.exti_interrupt_disable)
    exti_interrupt_flag_clear                0x08002bc5   Thumb Code     6  gd32f20x_exti.o(i.exti_interrupt_flag_clear)
    exti_interrupt_flag_get                  0x08002bd1   Thumb Code    32  gd32f20x_exti.o(i.exti_interrupt_flag_get)
    gd_eval_com_init                         0x08002bf5   Thumb Code   114  gd32f207i_eval.o(i.gd_eval_com_init)
    gd_eval_led_init                         0x08002c81   Thumb Code    50  gd32f207i_eval.o(i.gd_eval_led_init)
    gd_eval_led_off                          0x08002cc1   Thumb Code    16  gd32f207i_eval.o(i.gd_eval_led_off)
    gd_eval_led_on                           0x08002cd9   Thumb Code    16  gd32f207i_eval.o(i.gd_eval_led_on)
    get_2_base_color_spectrum_index          0x08002cf1   Thumb Code   130  coloranalysis.o(i.get_2_base_color_spectrum_index)
    get_9_block_feature_vectors_of_image     0x08002d75   Thumb Code   934  coloranalysis.o(i.get_9_block_feature_vectors_of_image)
    get_feature_vector_of_image              0x08003125   Thumb Code  1224  coloranalysis.o(i.get_feature_vector_of_image)
    get_main_color_of_image                  0x080035ed   Thumb Code  2520  coloranalysis.o(i.get_main_color_of_image)
    get_spectrum_index_of_image_3            0x08003fcd   Thumb Code   640  coloranalysis.o(i.get_spectrum_index_of_image_3)
    gpio_bit_reset                           0x08004265   Thumb Code     4  gd32f20x_gpio.o(i.gpio_bit_reset)
    gpio_bit_set                             0x08004269   Thumb Code     4  gd32f20x_gpio.o(i.gpio_bit_set)
    gpio_init                                0x0800426d   Thumb Code   148  gd32f20x_gpio.o(i.gpio_init)
    gpio_pin_remap1_config                   0x08004301   Thumb Code   120  gd32f20x_gpio.o(i.gpio_pin_remap1_config)
    gpio_pin_remap_config                    0x0800437d   Thumb Code   138  gd32f20x_gpio.o(i.gpio_pin_remap_config)
    i2c_ack_config                           0x0800440d   Thumb Code    24  gd32f20x_i2c.o(i.i2c_ack_config)
    i2c_clock_config                         0x08004425   Thumb Code   204  gd32f20x_i2c.o(i.i2c_clock_config)
    i2c_data_receive                         0x080044fd   Thumb Code     8  gd32f20x_i2c.o(i.i2c_data_receive)
    i2c_data_transmit                        0x08004505   Thumb Code     4  gd32f20x_i2c.o(i.i2c_data_transmit)
    i2c_deinit                               0x08004509   Thumb Code    84  gd32f20x_i2c.o(i.i2c_deinit)
    i2c_enable                               0x08004561   Thumb Code    10  gd32f20x_i2c.o(i.i2c_enable)
    i2c_flag_clear                           0x0800456b   Thumb Code    18  gd32f20x_i2c.o(i.i2c_flag_clear)
    i2c_flag_get                             0x0800457d   Thumb Code    50  gd32f20x_i2c.o(i.i2c_flag_get)
    i2c_master_addressing                    0x080045af   Thumb Code    20  gd32f20x_i2c.o(i.i2c_master_addressing)
    i2c_mode_addr_config                     0x080045c3   Thumb Code    24  gd32f20x_i2c.o(i.i2c_mode_addr_config)
    i2c_start_on_bus                         0x080045db   Thumb Code    10  gd32f20x_i2c.o(i.i2c_start_on_bus)
    i2c_stop_on_bus                          0x080045e5   Thumb Code    10  gd32f20x_i2c.o(i.i2c_stop_on_bus)
    if_2d_vectors_similar                    0x080045f1   Thumb Code   330  coloranalysis.o(i.if_2d_vectors_similar)
    if_color_cold                            0x08004751   Thumb Code    34  coloranalysis.o(i.if_color_cold)
    if_color_neutral                         0x08004773   Thumb Code    46  coloranalysis.o(i.if_color_neutral)
    if_color_warm                            0x080047a1   Thumb Code    52  coloranalysis.o(i.if_color_warm)
    if_vectors_similar                       0x080047d5   Thumb Code   400  coloranalysis.o(i.if_vectors_similar)
    image_display                            0x0800497d   Thumb Code    42  main.o(i.image_display)
    image_save                               0x080049b1   Thumb Code    42  main.o(i.image_save)
    is_bad_spot_yuv                          0x080049e9   Thumb Code    56  coloranalysis.o(i.is_bad_spot_yuv)
    main                                     0x08004a21   Thumb Code   244  main.o(i.main)
    nvic_irq_enable                          0x08004ba9   Thumb Code   134  gd32f20x_misc.o(i.nvic_irq_enable)
    nvic_priority_group_set                  0x08004c39   Thumb Code    10  gd32f20x_misc.o(i.nvic_priority_group_set)
    pedestrian_area_existing                 0x08004c4d   Thumb Code   150  coloranalysis.o(i.pedestrian_area_existing)
    pedestrian_area_init                     0x08004d01   Thumb Code   144  coloranalysis.o(i.pedestrian_area_init)
    pedestrian_area_none                     0x08004da9   Thumb Code   126  coloranalysis.o(i.pedestrian_area_none)
    pedestrian_area_waiting_to_be_stable     0x08004e45   Thumb Code   172  coloranalysis.o(i.pedestrian_area_waiting_to_be_stable)
    process_camera_exception                 0x08004f0d   Thumb Code    30  ledcontrol.o(i.process_camera_exception)
    pwm_gpio_config                          0x08004f35   Thumb Code   198  timer.o(i.pwm_gpio_config)
    pwm_timer1_config                        0x08005005   Thumb Code   138  timer.o(i.pwm_timer1_config)
    pwm_timer2_config                        0x08005091   Thumb Code   204  timer.o(i.pwm_timer2_config)
    pwm_timer4_config                        0x08005161   Thumb Code   244  timer.o(i.pwm_timer4_config)
    pwm_timer_config                         0x08005259   Thumb Code    82  timer.o(i.pwm_timer_config)
    pwm_timer_init                           0x080052b5   Thumb Code   146  timer.o(i.pwm_timer_init)
    rcu_ckout0_config                        0x08005351   Thumb Code    40  gd32f20x_rcu.o(i.rcu_ckout0_config)
    rcu_clock_freq_get                       0x0800537d   Thumb Code   336  gd32f20x_rcu.o(i.rcu_clock_freq_get)
    rcu_periph_clock_enable                  0x080054ed   Thumb Code    28  gd32f20x_rcu.o(i.rcu_periph_clock_enable)
    rcu_periph_reset_disable                 0x0800550d   Thumb Code    28  gd32f20x_rcu.o(i.rcu_periph_reset_disable)
    rcu_periph_reset_enable                  0x0800552d   Thumb Code    28  gd32f20x_rcu.o(i.rcu_periph_reset_enable)
    sccb_config                              0x0800554d   Thumb Code    98  sccb.o(i.sccb_config)
    set_6_recipe                             0x080055bd   Thumb Code    22  ledcontrol.o(i.set_6_recipe)
    set_recipe                               0x080055d9   Thumb Code    96  ledcontrol.o(i.set_recipe)
    set_recipe_low                           0x08005641   Thumb Code   214  ledcontrol.o(i.set_recipe_low)
    show_yuv422_image                        0x08005721   Thumb Code   160  coloranalysis.o(i.show_yuv422_image)
    sort_array_and_indexes                   0x080057c5   Thumb Code   142  coloranalysis.o(i.sort_array_and_indexes)
    sort_array_and_indexes_int               0x08005853   Thumb Code   138  coloranalysis.o(i.sort_array_and_indexes_int)
    spi_enable                               0x080058dd   Thumb Code    10  gd32f20x_spi.o(i.spi_enable)
    spi_i2s_data_receive                     0x080058e7   Thumb Code     8  gd32f20x_spi.o(i.spi_i2s_data_receive)
    spi_i2s_data_transmit                    0x080058ef   Thumb Code     4  gd32f20x_spi.o(i.spi_i2s_data_transmit)
    spi_i2s_flag_get                         0x080058f3   Thumb Code    16  gd32f20x_spi.o(i.spi_i2s_flag_get)
    spi_init                                 0x08005903   Thumb Code    50  gd32f20x_spi.o(i.spi_init)
    state_machine_ledcontrol                 0x08005935   Thumb Code   114  ledcontrol.o(i.state_machine_ledcontrol)
    switch_pwm_slowly                        0x080059ad   Thumb Code   522  ledcontrol.o(i.switch_pwm_slowly)
    systick_config                           0x08005ca9   Thumb Code    74  systick.o(i.systick_config)
    timer5_init                              0x08005cf9   Thumb Code    70  timer.o(i.timer5_init)
    timer_auto_reload_shadow_enable          0x08005d45   Thumb Code    10  gd32f20x_timer.o(i.timer_auto_reload_shadow_enable)
    timer_channel_output_config              0x08005d51   Thumb Code   484  gd32f20x_timer.o(i.timer_channel_output_config)
    timer_channel_output_mode_config         0x08005f3d   Thumb Code    90  gd32f20x_timer.o(i.timer_channel_output_mode_config)
    timer_channel_output_pulse_value_config  0x08005f97   Thumb Code    38  gd32f20x_timer.o(i.timer_channel_output_pulse_value_config)
    timer_channel_output_shadow_config       0x08005fbd   Thumb Code    90  gd32f20x_timer.o(i.timer_channel_output_shadow_config)
    timer_deinit                             0x08006019   Thumb Code   374  gd32f20x_timer.o(i.timer_deinit)
    timer_enable                             0x0800619d   Thumb Code    10  gd32f20x_timer.o(i.timer_enable)
    timer_init                               0x080061a9   Thumb Code   158  gd32f20x_timer.o(i.timer_init)
    timer_interrupt_enable                   0x0800627d   Thumb Code     8  gd32f20x_timer.o(i.timer_interrupt_enable)
    timer_interrupt_flag_clear               0x08006285   Thumb Code     8  gd32f20x_timer.o(i.timer_interrupt_flag_clear)
    timer_interrupt_flag_get                 0x0800628d   Thumb Code    24  gd32f20x_timer.o(i.timer_interrupt_flag_get)
    tli_enable                               0x080062a5   Thumb Code    14  gd32f20x_tli.o(i.tli_enable)
    tli_layer_disable                        0x080062b9   Thumb Code    14  gd32f20x_tli.o(i.tli_layer_disable)
    tli_layer_enable                         0x080062c7   Thumb Code    14  gd32f20x_tli.o(i.tli_layer_enable)
    tli_layer_init                           0x080062d5   Thumb Code   162  gd32f20x_tli.o(i.tli_layer_init)
    tli_reload_config                        0x08006379   Thumb Code    30  gd32f20x_tli.o(i.tli_reload_config)
    usart_baudrate_set                       0x0800639d   Thumb Code   190  gd32f20x_usart.o(i.usart_baudrate_set)
    usart_deinit                             0x08006465   Thumb Code   210  gd32f20x_usart.o(i.usart_deinit)
    usart_enable                             0x08006541   Thumb Code    10  gd32f20x_usart.o(i.usart_enable)
    usart_receive_config                     0x0800654b   Thumb Code    16  gd32f20x_usart.o(i.usart_receive_config)
    usart_transmit_config                    0x0800655b   Thumb Code    16  gd32f20x_usart.o(i.usart_transmit_config)
    asc16                                    0x0800657c   Data        1521  gui.o(.constdata)
    asc1224                                  0x08006b6d   Data        4561  gui.o(.constdata)
    asc1632                                  0x08007d3e   Data        6081  gui.o(.constdata)
    asc3264                                  0x080094ff   Data       24321  gui.o(.constdata)
    sz32                                     0x0800f400   Data        1921  gui.o(.constdata)
    hz16                                     0x0800fb81   Data          35  gui.o(.constdata)
    hz24                                     0x0800fba4   Data          75  gui.o(.constdata)
    hz32                                     0x0800fbef   Data         393  gui.o(.constdata)
    bluetooth                                0x0800fd78   Data          49  gui.o(.constdata)
    battery                                  0x0800fda9   Data         841  gui.o(.constdata)
    logo44                                   0x080100f2   Data         600  gui.o(.constdata)
    Region$$Table$$Base                      0x080103e0   Number         0  anon$$obj.o(Region$$Table)
    Region$$Table$$Limit                     0x08010400   Number         0  anon$$obj.o(Region$$Table)
    Area                                     0x20000000   Data          16  main.o(.data)
    frame_count                              0x20000010   Data           4  main.o(.data)
    Start_camera_flag                        0x20000014   Data           1  main.o(.data)
    SystemCoreClock                          0x2000001c   Data           4  system_gd32f20x.o(.data)
    cur_frame_count                          0x20000094   Data           4  coloranalysis.o(.data)
    data_write_offset                        0x20000098   Data           4  coloranalysis.o(.data)
    n_write_images                           0x2000009c   Data           4  coloranalysis.o(.data)
    n_crash_times                            0x200000a0   Data           4  coloranalysis.o(.data)
    clothing_area_state                      0x200000a4   Data           1  coloranalysis.o(.data)
    pedestrian_area_state                    0x200000a5   Data           1  coloranalysis.o(.data)
    spectrum_index                           0x200000a6   Data           1  coloranalysis.o(.data)
    clothing_area_stable_frames              0x200000a8   Data           4  coloranalysis.o(.data)
    pedestrian_area_stable_frames            0x200000ac   Data           4  coloranalysis.o(.data)
    clothing_area                            0x200000b0   Data          16  coloranalysis.o(.data)
    if_detect_pedestrian                     0x200000c0   Data           4  coloranalysis.o(.data)
    if_detect_clothing_change                0x200000c4   Data           4  coloranalysis.o(.data)
    color_recipe_normal                      0x200000c8   Data         720  ledcontrol.o(.data)
    low_battery_ratio                        0x20000398   Data           4  ledcontrol.o(.data)
    state_camera                             0x2000039c   Data           1  ledcontrol.o(.data)
    camera_broken_frames                     0x200003a0   Data           4  ledcontrol.o(.data)
    clock_frames                             0x200003a4   Data           4  ledcontrol.o(.data)
    actual_frames                            0x200003a8   Data           4  ledcontrol.o(.data)
    state_ledcontrol                         0x200003ac   Data           1  ledcontrol.o(.data)
    minimum_cold_white                       0x200003b0   Data           4  ledcontrol.o(.data)
    capture_image                            0x200003b4   Data       153600  main.o(.bss)
    tli_init_struct                          0x20025bb4   Data          60  main.o(.bss)
    tli_layer_initstruct                     0x20025bf0   Data          64  main.o(.bss)
    clothing_feature_vector_current          0x20025c30   Data          24  coloranalysis.o(.bss)
    clothing_feature_vector_last_frame       0x20025c48   Data          24  coloranalysis.o(.bss)
    clothing_feature_vector_ref              0x20025c60   Data          24  coloranalysis.o(.bss)
    feature_vec_current                      0x20025c78   Data         180  coloranalysis.o(.bss)
    feature_vec_last_frame                   0x20025d2c   Data         180  coloranalysis.o(.bss)
    recipe_current                           0x20025de0   Data          24  ledcontrol.o(.bss)
    __initial_sp                             0x20027df8   Data           0  startup_gd32f20x_cl.o(STACK)



==============================================================================

Memory Map of the image

  Image Entry point : 0x080001a9

  Load Region LR_IROM1 (Base: 0x08000000, Size: 0x000107b4, Max: 0x00100000, ABSOLUTE, COMPRESSED[0x00010518])

    Execution Region ER_IROM1 (Exec base: 0x08000000, Load base: 0x08000000, Size: 0x00010400, Max: 0x00100000, ABSOLUTE)

    Exec Addr    Load Addr    Size         Type   Attr      Idx    E Section Name        Object

    0x08000000   0x08000000   0x000001a8   Data   RO         6484    RESET               startup_gd32f20x_cl.o
    0x080001a8   0x080001a8   0x00000000   Code   RO         6489  * .ARM.Collect$$$$00000000  mc_w.l(entry.o)
    0x080001a8   0x080001a8   0x00000004   Code   RO         6536    .ARM.Collect$$$$00000001  mc_w.l(entry2.o)
    0x080001ac   0x080001ac   0x00000004   Code   RO         6539    .ARM.Collect$$$$00000004  mc_w.l(entry5.o)
    0x080001b0   0x080001b0   0x00000000   Code   RO         6541    .ARM.Collect$$$$00000008  mc_w.l(entry7b.o)
    0x080001b0   0x080001b0   0x00000000   Code   RO         6543    .ARM.Collect$$$$0000000A  mc_w.l(entry8b.o)
    0x080001b0   0x080001b0   0x00000008   Code   RO         6544    .ARM.Collect$$$$0000000B  mc_w.l(entry9a.o)
    0x080001b8   0x080001b8   0x00000000   Code   RO         6546    .ARM.Collect$$$$0000000D  mc_w.l(entry10a.o)
    0x080001b8   0x080001b8   0x00000000   Code   RO         6548    .ARM.Collect$$$$0000000F  mc_w.l(entry11a.o)
    0x080001b8   0x080001b8   0x00000004   Code   RO         6537    .ARM.Collect$$$$00002712  mc_w.l(entry2.o)
    0x080001bc   0x080001bc   0x00000024   Code   RO         6485    .text               startup_gd32f20x_cl.o
    0x080001e0   0x080001e0   0x00000024   Code   RO         6494    .text               mc_w.l(memcpya.o)
    0x08000204   0x08000204   0x00000024   Code   RO         6496    .text               mc_w.l(memseta.o)
    0x08000228   0x08000228   0x000000b0   Code   RO         6500    .text               mf_w.l(fadd.o)
    0x080002d8   0x080002d8   0x00000064   Code   RO         6502    .text               mf_w.l(fmul.o)
    0x0800033c   0x0800033c   0x0000007c   Code   RO         6504    .text               mf_w.l(fdiv.o)
    0x080003b8   0x080003b8   0x0000014e   Code   RO         6506    .text               mf_w.l(dadd.o)
    0x08000506   0x08000506   0x000000e4   Code   RO         6508    .text               mf_w.l(dmul.o)
    0x080005ea   0x080005ea   0x000000de   Code   RO         6510    .text               mf_w.l(ddiv.o)
    0x080006c8   0x080006c8   0x00000012   Code   RO         6512    .text               mf_w.l(fflti.o)
    0x080006da   0x080006da   0x0000000a   Code   RO         6514    .text               mf_w.l(ffltui.o)
    0x080006e4   0x080006e4   0x00000022   Code   RO         6516    .text               mf_w.l(dflti.o)
    0x08000706   0x08000706   0x00000032   Code   RO         6518    .text               mf_w.l(ffixi.o)
    0x08000738   0x08000738   0x00000028   Code   RO         6520    .text               mf_w.l(ffixui.o)
    0x08000760   0x08000760   0x0000003e   Code   RO         6522    .text               mf_w.l(dfixi.o)
    0x0800079e   0x0800079e   0x00000026   Code   RO         6524    .text               mf_w.l(f2d.o)
    0x080007c4   0x080007c4   0x00000030   Code   RO         6526    .text               mf_w.l(cdcmple.o)
    0x080007f4   0x080007f4   0x00000030   Code   RO         6528    .text               mf_w.l(cdrcmple.o)
    0x08000824   0x08000824   0x00000038   Code   RO         6530    .text               mf_w.l(d2f.o)
    0x0800085c   0x0800085c   0x00000014   Code   RO         6532    .text               mf_w.l(cfcmple.o)
    0x08000870   0x08000870   0x00000014   Code   RO         6534    .text               mf_w.l(cfrcmple.o)
    0x08000884   0x08000884   0x0000001e   Code   RO         6550    .text               mc_w.l(llshl.o)
    0x080008a2   0x080008a2   0x00000020   Code   RO         6552    .text               mc_w.l(llushr.o)
    0x080008c2   0x080008c2   0x00000024   Code   RO         6554    .text               mc_w.l(llsshr.o)
    0x080008e6   0x080008e6   0x00000000   Code   RO         6556    .text               mc_w.l(iusefp.o)
    0x080008e6   0x080008e6   0x0000006e   Code   RO         6557    .text               mf_w.l(fepilogue.o)
    0x08000954   0x08000954   0x000000ba   Code   RO         6559    .text               mf_w.l(depilogue.o)
    0x08000a0e   0x08000a0e   0x00000002   PAD
    0x08000a10   0x08000a10   0x00000024   Code   RO         6561    .text               mc_w.l(init.o)
    0x08000a34   0x08000a34   0x00000056   Code   RO         6571    .text               mc_w.l(__dczerorl2.o)
    0x08000a8a   0x08000a8a   0x00000004   Code   RO          218    i.BusFault_Handler  gd32f20x_it.o
    0x08000a8e   0x08000a8e   0x00000002   PAD
    0x08000a90   0x08000a90   0x00000068   Code   RO         6378    i.COBLed_4000k      ledcontrol.o
    0x08000af8   0x08000af8   0x0000009a   Code   RO         6380    i.COBLed_Test       ledcontrol.o
    0x08000b92   0x08000b92   0x00000002   PAD
    0x08000b94   0x08000b94   0x00000060   Code   RO         6381    i.COBLed_minimum_cold_white  ledcontrol.o
    0x08000bf4   0x08000bf4   0x00000150   Code   RO         6382    i.COBLed_recipe_low_display  ledcontrol.o
    0x08000d44   0x08000d44   0x000000a8   Code   RO         6383    i.COBLed_recipe_normal_display  ledcontrol.o
    0x08000dec   0x08000dec   0x0000005c   Code   RO         6384    i.COBLed_reserve_white  ledcontrol.o
    0x08000e48   0x08000e48   0x0000000c   Code   RO            2    i.COBledPwmInit     main.o
    0x08000e54   0x08000e54   0x00000048   Code   RO            3    i.DCI_IRQHandler    main.o
    0x08000e9c   0x08000e9c   0x0000002c   Code   RO         5610    i.DCMI_0V7670_RST_PWDN_Init  dci_ov2640.o
    0x08000ec8   0x08000ec8   0x00000002   Code   RO          219    i.DebugMon_Handler  gd32f20x_it.o
    0x08000eca   0x08000eca   0x00000002   Code   RO          220    i.EXTI0_IRQHandler  gd32f20x_it.o
    0x08000ecc   0x08000ecc   0x0000005c   Code   RO          221    i.EXTI10_15_IRQHandler  gd32f20x_it.o
    0x08000f28   0x08000f28   0x0000074c   Code   RO         5611    i.GC0308InitialSetting  dci_ov2640.o
    0x08001674   0x08001674   0x00000230   Code   RO         5815    i.Gui_DrawFont_GBK24  gui.o
    0x080018a4   0x080018a4   0x0000001e   Code   RO         5706    i.Gui_DrawPoint     lcd_driver.o
    0x080018c2   0x080018c2   0x00000004   Code   RO          222    i.HardFault_Handler  gd32f20x_it.o
    0x080018c6   0x080018c6   0x00000068   Code   RO         5825    i.LCD_ShowPicture   gui.o
    0x0800192e   0x0800192e   0x00000002   PAD
    0x08001930   0x08001930   0x0000004c   Code   RO         5707    i.Lcd_Clear         lcd_driver.o
    0x0800197c   0x0800197c   0x00000204   Code   RO         5710    i.Lcd_Init          lcd_driver.o
    0x08001b80   0x08001b80   0x00000024   Code   RO         5712    i.Lcd_Reset         lcd_driver.o
    0x08001ba4   0x08001ba4   0x00000042   Code   RO         5713    i.Lcd_SetRegion     lcd_driver.o
    0x08001be6   0x08001be6   0x0000002a   Code   RO         5714    i.Lcd_SetXY         lcd_driver.o
    0x08001c10   0x08001c10   0x00000020   Code   RO         5715    i.Lcd_WriteData     lcd_driver.o
    0x08001c30   0x08001c30   0x00000014   Code   RO         5716    i.Lcd_WriteData16Bit  lcd_driver.o
    0x08001c44   0x08001c44   0x00000020   Code   RO         5717    i.Lcd_WriteIndex    lcd_driver.o
    0x08001c64   0x08001c64   0x00000004   Code   RO          223    i.MemManage_Handler  gd32f20x_it.o
    0x08001c68   0x08001c68   0x00000002   Code   RO          224    i.NMI_Handler       gd32f20x_it.o
    0x08001c6a   0x08001c6a   0x00000002   PAD
    0x08001c6c   0x08001c6c   0x00000028   Code   RO          398    i.NVIC_SetPriority  systick.o
    0x08001c94   0x08001c94   0x00000002   Code   RO          225    i.PendSV_Handler    gd32f20x_it.o
    0x08001c96   0x08001c96   0x00000002   PAD
    0x08001c98   0x08001c98   0x00000178   Code   RO         5948    i.RGBtoHSV100       coloranalysis.o
    0x08001e10   0x08001e10   0x000000a0   Code   RO         5719    i.SPI2_Init         lcd_driver.o
    0x08001eb0   0x08001eb0   0x00000034   Code   RO         5720    i.SPI_WriteByte     lcd_driver.o
    0x08001ee4   0x08001ee4   0x00000002   Code   RO          226    i.SVC_Handler       gd32f20x_it.o
    0x08001ee6   0x08001ee6   0x00000008   Code   RO          227    i.SysTick_Handler   gd32f20x_it.o
    0x08001eee   0x08001eee   0x00000002   PAD
    0x08001ef0   0x08001ef0   0x00000090   Code   RO          438    i.SystemInit        system_gd32f20x.o
    0x08001f80   0x08001f80   0x00000034   Code   RO          228    i.TIMER5_IRQHandler  gd32f20x_it.o
    0x08001fb4   0x08001fb4   0x00000004   Code   RO          229    i.UsageFault_Handler  gd32f20x_it.o
    0x08001fb8   0x08001fb8   0x00000138   Code   RO         5949    i.YUV422toRGB       coloranalysis.o
    0x080020f0   0x080020f0   0x0000000e   Code   RO         6565    i.__scatterload_copy  mc_w.l(handlers.o)
    0x080020fe   0x080020fe   0x00000002   Code   RO         6566    i.__scatterload_null  mc_w.l(handlers.o)
    0x08002100   0x08002100   0x0000000e   Code   RO         6567    i.__scatterload_zeroinit  mc_w.l(handlers.o)
    0x0800210e   0x0800210e   0x00000002   PAD
    0x08002110   0x08002110   0x000000e0   Code   RO         5950    i.analyse_image_and_change_light  coloranalysis.o
    0x080021f0   0x080021f0   0x00000030   Code   RO         5612    i.ckout0_init       dci_ov2640.o
    0x08002220   0x08002220   0x000000d0   Code   RO         5952    i.clothing_area_detecting_color  coloranalysis.o
    0x080022f0   0x080022f0   0x000000d8   Code   RO         5953    i.clothing_area_finding_ref  coloranalysis.o
    0x080023c8   0x080023c8   0x000000a0   Code   RO         5954    i.clothing_area_init  coloranalysis.o
    0x08002468   0x08002468   0x000000ac   Code   RO         5955    i.clothing_area_stable  coloranalysis.o
    0x08002514   0x08002514   0x00000188   Code   RO         5678    i.dci_byte_read     sccb.o
    0x0800269c   0x0800269c   0x00000108   Code   RO         5679    i.dci_byte_write    sccb.o
    0x080027a4   0x080027a4   0x00000014   Code   RO         1495    i.dci_capture_disable  gd32f20x_dci.o
    0x080027b8   0x080027b8   0x00000014   Code   RO         1496    i.dci_capture_enable  gd32f20x_dci.o
    0x080027cc   0x080027cc   0x00000108   Code   RO         5613    i.dci_config        dci_ov2640.o
    0x080028d4   0x080028d4   0x00000014   Code   RO         1505    i.dci_enable        gd32f20x_dci.o
    0x080028e8   0x080028e8   0x00000034   Code   RO         1507    i.dci_init          gd32f20x_dci.o
    0x0800291c   0x0800291c   0x00000010   Code   RO         1509    i.dci_interrupt_enable  gd32f20x_dci.o
    0x0800292c   0x0800292c   0x00000010   Code   RO         1510    i.dci_interrupt_flag_clear  gd32f20x_dci.o
    0x0800293c   0x0800293c   0x00000018   Code   RO         1511    i.dci_interrupt_flag_get  gd32f20x_dci.o
    0x08002954   0x08002954   0x0000001c   Code   RO         5614    i.dci_ov2640_id_read  dci_ov2640.o
    0x08002970   0x08002970   0x0000001a   Code   RO         5615    i.dci_ov2640_init   dci_ov2640.o
    0x0800298a   0x0800298a   0x00000002   PAD
    0x0800298c   0x0800298c   0x00000014   Code   RO          399    i.delay_1ms         systick.o
    0x080029a0   0x080029a0   0x00000018   Code   RO          400    i.delay_decrement   systick.o
    0x080029b8   0x080029b8   0x00000020   Code   RO         1636    i.dma_channel_disable  gd32f20x_dma.o
    0x080029d8   0x080029d8   0x00000020   Code   RO         1637    i.dma_channel_enable  gd32f20x_dma.o
    0x080029f8   0x080029f8   0x00000020   Code   RO         1639    i.dma_circulation_enable  gd32f20x_dma.o
    0x08002a18   0x08002a18   0x00000078   Code   RO         1640    i.dma_deinit        gd32f20x_dma.o
    0x08002a90   0x08002a90   0x00000122   Code   RO         1643    i.dma_init          gd32f20x_dma.o
    0x08002bb2   0x08002bb2   0x00000002   PAD
    0x08002bb4   0x08002bb4   0x00000010   Code   RO         2630    i.exti_interrupt_disable  gd32f20x_exti.o
    0x08002bc4   0x08002bc4   0x0000000c   Code   RO         2632    i.exti_interrupt_flag_clear  gd32f20x_exti.o
    0x08002bd0   0x08002bd0   0x00000024   Code   RO         2633    i.exti_interrupt_flag_get  gd32f20x_exti.o
    0x08002bf4   0x08002bf4   0x0000008c   Code   RO         5483    i.gd_eval_com_init  gd32f207i_eval.o
    0x08002c80   0x08002c80   0x00000040   Code   RO         5486    i.gd_eval_led_init  gd32f207i_eval.o
    0x08002cc0   0x08002cc0   0x00000018   Code   RO         5487    i.gd_eval_led_off   gd32f207i_eval.o
    0x08002cd8   0x08002cd8   0x00000018   Code   RO         5488    i.gd_eval_led_on    gd32f207i_eval.o
    0x08002cf0   0x08002cf0   0x00000082   Code   RO         5957    i.get_2_base_color_spectrum_index  coloranalysis.o
    0x08002d72   0x08002d72   0x00000002   PAD
    0x08002d74   0x08002d74   0x000003b0   Code   RO         5958    i.get_9_block_feature_vectors_of_image  coloranalysis.o
    0x08003124   0x08003124   0x000004c8   Code   RO         5959    i.get_feature_vector_of_image  coloranalysis.o
    0x080035ec   0x080035ec   0x000009e0   Code   RO         5960    i.get_main_color_of_image  coloranalysis.o
    0x08003fcc   0x08003fcc   0x00000298   Code   RO         5961    i.get_spectrum_index_of_image_3  coloranalysis.o
    0x08004264   0x08004264   0x00000004   Code   RO         2967    i.gpio_bit_reset    gd32f20x_gpio.o
    0x08004268   0x08004268   0x00000004   Code   RO         2968    i.gpio_bit_set      gd32f20x_gpio.o
    0x0800426c   0x0800426c   0x00000094   Code   RO         2976    i.gpio_init         gd32f20x_gpio.o
    0x08004300   0x08004300   0x0000007c   Code   RO         2982    i.gpio_pin_remap1_config  gd32f20x_gpio.o
    0x0800437c   0x0800437c   0x00000090   Code   RO         2983    i.gpio_pin_remap_config  gd32f20x_gpio.o
    0x0800440c   0x0800440c   0x00000018   Code   RO         3287    i.i2c_ack_config    gd32f20x_i2c.o
    0x08004424   0x08004424   0x000000d8   Code   RO         3289    i.i2c_clock_config  gd32f20x_i2c.o
    0x080044fc   0x080044fc   0x00000008   Code   RO         3290    i.i2c_data_receive  gd32f20x_i2c.o
    0x08004504   0x08004504   0x00000004   Code   RO         3291    i.i2c_data_transmit  gd32f20x_i2c.o
    0x08004508   0x08004508   0x00000058   Code   RO         3292    i.i2c_deinit        gd32f20x_i2c.o
    0x08004560   0x08004560   0x0000000a   Code   RO         3297    i.i2c_enable        gd32f20x_i2c.o
    0x0800456a   0x0800456a   0x00000012   Code   RO         3298    i.i2c_flag_clear    gd32f20x_i2c.o
    0x0800457c   0x0800457c   0x00000032   Code   RO         3299    i.i2c_flag_get      gd32f20x_i2c.o
    0x080045ae   0x080045ae   0x00000014   Code   RO         3304    i.i2c_master_addressing  gd32f20x_i2c.o
    0x080045c2   0x080045c2   0x00000018   Code   RO         3305    i.i2c_mode_addr_config  gd32f20x_i2c.o
    0x080045da   0x080045da   0x0000000a   Code   RO         3314    i.i2c_start_on_bus  gd32f20x_i2c.o
    0x080045e4   0x080045e4   0x0000000a   Code   RO         3315    i.i2c_stop_on_bus   gd32f20x_i2c.o
    0x080045ee   0x080045ee   0x00000002   PAD
    0x080045f0   0x080045f0   0x00000160   Code   RO         5963    i.if_2d_vectors_similar  coloranalysis.o
    0x08004750   0x08004750   0x00000022   Code   RO         5964    i.if_color_cold     coloranalysis.o
    0x08004772   0x08004772   0x0000002e   Code   RO         5965    i.if_color_neutral  coloranalysis.o
    0x080047a0   0x080047a0   0x00000034   Code   RO         5966    i.if_color_warm     coloranalysis.o
    0x080047d4   0x080047d4   0x000001a8   Code   RO         5967    i.if_vectors_similar  coloranalysis.o
    0x0800497c   0x0800497c   0x00000034   Code   RO            5    i.image_display     main.o
    0x080049b0   0x080049b0   0x00000038   Code   RO            6    i.image_save        main.o
    0x080049e8   0x080049e8   0x00000038   Code   RO         5969    i.is_bad_spot_yuv   coloranalysis.o
    0x08004a20   0x08004a20   0x00000168   Code   RO            8    i.main              main.o
    0x08004b88   0x08004b88   0x00000020   Code   RO            9    i.nvic_config       main.o
    0x08004ba8   0x08004ba8   0x00000090   Code   RO         3478    i.nvic_irq_enable   gd32f20x_misc.o
    0x08004c38   0x08004c38   0x00000014   Code   RO         3479    i.nvic_priority_group_set  gd32f20x_misc.o
    0x08004c4c   0x08004c4c   0x000000b4   Code   RO         5970    i.pedestrian_area_existing  coloranalysis.o
    0x08004d00   0x08004d00   0x000000a8   Code   RO         5971    i.pedestrian_area_init  coloranalysis.o
    0x08004da8   0x08004da8   0x0000009c   Code   RO         5972    i.pedestrian_area_none  coloranalysis.o
    0x08004e44   0x08004e44   0x000000c8   Code   RO         5973    i.pedestrian_area_waiting_to_be_stable  coloranalysis.o
    0x08004f0c   0x08004f0c   0x00000028   Code   RO         6385    i.process_camera_exception  ledcontrol.o
    0x08004f34   0x08004f34   0x000000d0   Code   RO         6315    i.pwm_gpio_config   timer.o
    0x08005004   0x08005004   0x0000008a   Code   RO         6316    i.pwm_timer1_config  timer.o
    0x0800508e   0x0800508e   0x00000002   PAD
    0x08005090   0x08005090   0x000000d0   Code   RO         6317    i.pwm_timer2_config  timer.o
    0x08005160   0x08005160   0x000000f8   Code   RO         6318    i.pwm_timer4_config  timer.o
    0x08005258   0x08005258   0x0000005c   Code   RO         6320    i.pwm_timer_config  timer.o
    0x080052b4   0x080052b4   0x0000009c   Code   RO         6321    i.pwm_timer_init    timer.o
    0x08005350   0x08005350   0x0000002c   Code   RO         3618    i.rcu_ckout0_config  gd32f20x_rcu.o
    0x0800537c   0x0800537c   0x00000170   Code   RO         3620    i.rcu_clock_freq_get  gd32f20x_rcu.o
    0x080054ec   0x080054ec   0x00000020   Code   RO         3640    i.rcu_periph_clock_enable  gd32f20x_rcu.o
    0x0800550c   0x0800550c   0x00000020   Code   RO         3643    i.rcu_periph_reset_disable  gd32f20x_rcu.o
    0x0800552c   0x0800552c   0x00000020   Code   RO         3644    i.rcu_periph_reset_enable  gd32f20x_rcu.o
    0x0800554c   0x0800554c   0x00000070   Code   RO         5680    i.sccb_config       sccb.o
    0x080055bc   0x080055bc   0x0000001c   Code   RO         6386    i.set_6_recipe      ledcontrol.o
    0x080055d8   0x080055d8   0x00000068   Code   RO         6387    i.set_recipe        ledcontrol.o
    0x08005640   0x08005640   0x000000e0   Code   RO         6388    i.set_recipe_low    ledcontrol.o
    0x08005720   0x08005720   0x000000a4   Code   RO         5977    i.show_yuv422_image  coloranalysis.o
    0x080057c4   0x080057c4   0x0000008e   Code   RO         5978    i.sort_array_and_indexes  coloranalysis.o
    0x08005852   0x08005852   0x0000008a   Code   RO         5979    i.sort_array_and_indexes_int  coloranalysis.o
    0x080058dc   0x080058dc   0x0000000a   Code   RO         4295    i.spi_enable        gd32f20x_spi.o
    0x080058e6   0x080058e6   0x00000008   Code   RO         4297    i.spi_i2s_data_receive  gd32f20x_spi.o
    0x080058ee   0x080058ee   0x00000004   Code   RO         4298    i.spi_i2s_data_transmit  gd32f20x_spi.o
    0x080058f2   0x080058f2   0x00000010   Code   RO         4300    i.spi_i2s_flag_get  gd32f20x_spi.o
    0x08005902   0x08005902   0x00000032   Code   RO         4304    i.spi_init          gd32f20x_spi.o
    0x08005934   0x08005934   0x00000078   Code   RO         6389    i.state_machine_ledcontrol  ledcontrol.o
    0x080059ac   0x080059ac   0x00000210   Code   RO         6392    i.switch_pwm_slowly  ledcontrol.o
    0x08005bbc   0x08005bbc   0x000000e4   Code   RO          439    i.system_clock_120m_hxtal  system_gd32f20x.o
    0x08005ca0   0x08005ca0   0x00000008   Code   RO          440    i.system_clock_config  system_gd32f20x.o
    0x08005ca8   0x08005ca8   0x00000050   Code   RO          401    i.systick_config    systick.o
    0x08005cf8   0x08005cf8   0x0000004c   Code   RO         6322    i.timer5_init       timer.o
    0x08005d44   0x08005d44   0x0000000a   Code   RO         4498    i.timer_auto_reload_shadow_enable  gd32f20x_timer.o
    0x08005d4e   0x08005d4e   0x00000002   PAD
    0x08005d50   0x08005d50   0x000001ec   Code   RO         4513    i.timer_channel_output_config  gd32f20x_timer.o
    0x08005f3c   0x08005f3c   0x0000005a   Code   RO         4515    i.timer_channel_output_mode_config  gd32f20x_timer.o
    0x08005f96   0x08005f96   0x00000026   Code   RO         4517    i.timer_channel_output_pulse_value_config  gd32f20x_timer.o
    0x08005fbc   0x08005fbc   0x0000005a   Code   RO         4518    i.timer_channel_output_shadow_config  gd32f20x_timer.o
    0x08006016   0x08006016   0x00000002   PAD
    0x08006018   0x08006018   0x00000184   Code   RO         4525    i.timer_deinit      gd32f20x_timer.o
    0x0800619c   0x0800619c   0x0000000a   Code   RO         4530    i.timer_enable      gd32f20x_timer.o
    0x080061a6   0x080061a6   0x00000002   PAD
    0x080061a8   0x080061a8   0x000000d4   Code   RO         4540    i.timer_init        gd32f20x_timer.o
    0x0800627c   0x0800627c   0x00000008   Code   RO         4547    i.timer_interrupt_enable  gd32f20x_timer.o
    0x08006284   0x08006284   0x00000008   Code   RO         4548    i.timer_interrupt_flag_clear  gd32f20x_timer.o
    0x0800628c   0x0800628c   0x00000018   Code   RO         4549    i.timer_interrupt_flag_get  gd32f20x_timer.o
    0x080062a4   0x080062a4   0x00000014   Code   RO         4907    i.tli_enable        gd32f20x_tli.o
    0x080062b8   0x080062b8   0x0000000e   Code   RO         4914    i.tli_layer_disable  gd32f20x_tli.o
    0x080062c6   0x080062c6   0x0000000e   Code   RO         4915    i.tli_layer_enable  gd32f20x_tli.o
    0x080062d4   0x080062d4   0x000000a2   Code   RO         4916    i.tli_layer_init    gd32f20x_tli.o
    0x08006376   0x08006376   0x00000002   PAD
    0x08006378   0x08006378   0x00000024   Code   RO         4922    i.tli_reload_config  gd32f20x_tli.o
    0x0800639c   0x0800639c   0x000000c8   Code   RO         5119    i.usart_baudrate_set  gd32f20x_usart.o
    0x08006464   0x08006464   0x000000dc   Code   RO         5124    i.usart_deinit      gd32f20x_usart.o
    0x08006540   0x08006540   0x0000000a   Code   RO         5128    i.usart_enable      gd32f20x_usart.o
    0x0800654a   0x0800654a   0x00000010   Code   RO         5152    i.usart_receive_config  gd32f20x_usart.o
    0x0800655a   0x0800655a   0x00000010   Code   RO         5166    i.usart_transmit_config  gd32f20x_usart.o
    0x0800656a   0x0800656a   0x00000002   PAD
    0x0800656c   0x0800656c   0x00000010   Data   RO           11    .constdata          main.o
    0x0800657c   0x0800657c   0x00009dce   Data   RO         5829    .constdata          gui.o
    0x0801034a   0x0801034a   0x00000002   PAD
    0x0801034c   0x0801034c   0x00000094   Data   RO         5983    .constdata          coloranalysis.o
    0x080103e0   0x080103e0   0x00000020   Data   RO         6563    Region$$Table       anon$$obj.o


    Execution Region RW_IRAM1 (Exec base: 0x20000000, Load base: 0x08010400, Size: 0x00027df8, Max: 0x00040000, ABSOLUTE, COMPRESSED[0x00000118])

    Exec Addr    Load Addr    Size         Type   Attr      Idx    E Section Name        Object

    0x20000000   COMPRESSED   0x00000015   Data   RW           12    .data               main.o
    0x20000015   COMPRESSED   0x00000003   PAD
    0x20000018   COMPRESSED   0x00000004   Data   RW          402    .data               systick.o
    0x2000001c   COMPRESSED   0x00000004   Data   RW          441    .data               system_gd32f20x.o
    0x20000020   COMPRESSED   0x00000071   Data   RW         5490    .data               gd32f207i_eval.o
    0x20000091   COMPRESSED   0x00000003   PAD
    0x20000094   COMPRESSED   0x00000034   Data   RW         5984    .data               coloranalysis.o
    0x200000c8   COMPRESSED   0x000002ec   Data   RW         6394    .data               ledcontrol.o
    0x200003b4        -       0x0002587c   Zero   RW           10    .bss                main.o
    0x20025c30        -       0x000001b0   Zero   RW         5982    .bss                coloranalysis.o
    0x20025de0        -       0x00000018   Zero   RW         6393    .bss                ledcontrol.o
    0x20025df8        -       0x00002000   Zero   RW         6482    STACK               startup_gd32f20x_cl.o


==============================================================================

Image component sizes


      Code (inc. data)   RO Data    RW Data    ZI Data      Debug   Object Name

      9270        424        148         52        432      30536   coloranalysis.o
      2278         36          0          0          0       5354   dci_ov2640.o
       252         56          0        113          0       5257   gd32f207i_eval.o
       168         38          0          0          0       8154   gd32f20x_dci.o
       506         10          0          0          0       8572   gd32f20x_dma.o
        64         14          0          0          0       6319   gd32f20x_exti.o
       424         10          0          0          0       4029   gd32f20x_gpio.o
       482         16          0          0          0       8357   gd32f20x_i2c.o
       178         22          0          0          0       5384   gd32f20x_it.o
       164         20          0          0          0       1476   gd32f20x_misc.o
       508         48          0          0          0      27836   gd32f20x_rcu.o
        88          0          0          0          0       9642   gd32f20x_spi.o
      1370         76          0          0          0      23542   gd32f20x_timer.o
       246         12          0          0          0       9257   gd32f20x_tli.o
       462         20          0          0          0       3554   gd32f20x_usart.o
       664          8      40398          0          0       3576   gui.o
      1062         52          0          0          0       6809   lcd_driver.o
      1994        128          0        748         24       8755   ledcontrol.o
       584        152         16         21     153724      80633   main.o
       768         38          0          0          0       2511   sccb.o
        36          8        424          0       8192        904   startup_gd32f20x_cl.o
       380         38          0          4          0       2111   system_gd32f20x.o
       164         24          0          4          0      24690   systick.o
      1126         44          0          0          0       4484   timer.o

    ----------------------------------------------------------------------
     23270       1294      41020        948     162372     291742   Object Totals
         0          0         32          0          0          0   (incl. Generated)
        32          0          2          6          0          0   (incl. Padding)

    ----------------------------------------------------------------------

      Code (inc. data)   RO Data    RW Data    ZI Data      Debug   Library Member Name

        86          0          0          0          0          0   __dczerorl2.o
         0          0          0          0          0          0   entry.o
         0          0          0          0          0          0   entry10a.o
         0          0          0          0          0          0   entry11a.o
         8          4          0          0          0          0   entry2.o
         4          0          0          0          0          0   entry5.o
         0          0          0          0          0          0   entry7b.o
         0          0          0          0          0          0   entry8b.o
         8          4          0          0          0          0   entry9a.o
        30          0          0          0          0          0   handlers.o
        36          8          0          0          0         68   init.o
         0          0          0          0          0          0   iusefp.o
        30          0          0          0          0         68   llshl.o
        36          0          0          0          0         68   llsshr.o
        32          0          0          0          0         68   llushr.o
        36          0          0          0          0         68   memcpya.o
        36          0          0          0          0        108   memseta.o
        48          0          0          0          0         68   cdcmple.o
        48          0          0          0          0         68   cdrcmple.o
        20          0          0          0          0         68   cfcmple.o
        20          0          0          0          0         68   cfrcmple.o
        56          0          0          0          0         88   d2f.o
       334          0          0          0          0        148   dadd.o
       222          0          0          0          0        100   ddiv.o
       186          0          0          0          0        176   depilogue.o
        62          0          0          0          0         80   dfixi.o
        34          0          0          0          0         76   dflti.o
       228          0          0          0          0         96   dmul.o
        38          0          0          0          0         68   f2d.o
       176          0          0          0          0        140   fadd.o
       124          0          0          0          0         88   fdiv.o
       110          0          0          0          0        168   fepilogue.o
        50          0          0          0          0         68   ffixi.o
        40          0          0          0          0         68   ffixui.o
        18          0          0          0          0         68   fflti.o
        10          0          0          0          0         68   ffltui.o
       100          0          0          0          0         76   fmul.o

    ----------------------------------------------------------------------
      2270         16          0          0          0       2296   Library Totals
         4          0          0          0          0          0   (incl. Padding)

    ----------------------------------------------------------------------

      Code (inc. data)   RO Data    RW Data    ZI Data      Debug   Library Name

       342         16          0          0          0        448   mc_w.l
      1924          0          0          0          0       1848   mf_w.l

    ----------------------------------------------------------------------
      2270         16          0          0          0       2296   Library Totals

    ----------------------------------------------------------------------

==============================================================================


      Code (inc. data)   RO Data    RW Data    ZI Data      Debug   

     25540       1310      41020        948     162372     284962   Grand Totals
     25540       1310      41020        280     162372     284962   ELF Image Totals (compressed)
     25540       1310      41020        280          0          0   ROM Totals

==============================================================================

    Total RO  Size (Code + RO Data)                66560 (  65.00kB)
    Total RW  Size (RW Data + ZI Data)            163320 ( 159.49kB)
    Total ROM Size (Code + RO Data + RW Data)      66840 (  65.27kB)

==============================================================================

