<html>
<body>
<pre>
<h1>µVision Build Log</h1>
<h2>Tool Versions:</h2>
IDE-Version: ¦ÌVision V5.25.2.0
Copyright (C) 2018 ARM Ltd and ARM Germany GmbH. All rights reserved.
License Information: xiaoya gong, none, LIC=LSNII-TU656-I5XTC-75F39-LQ26M-Y009N
 
Tool Versions:
Toolchain:       MDK-ARM Plus  Version: 5.25.2.0
Toolchain Path:  E:\installs\KEIL\ARM\ARMCC\Bin
C Compiler:      Armcc.exe V5.06 update 6 (build 750)
Assembler:       Armasm.exe V5.06 update 6 (build 750)
Linker/Locator:  ArmLink.exe V5.06 update 6 (build 750)
Library Manager: ArmAr.exe V5.06 update 6 (build 750)
Hex Converter:   FromElf.exe V5.06 update 6 (build 750)
CPU DLL:         SARMCM3.DLL V5.25.2.0
Dialog DLL:      DCM.DLL V1.17.1.0
Target DLL:      Segger\JL2CM3.dll V2.99.29.0
Dialog DLL:      TCM.DLL V1.35.1.0
 
<h2>Project:</h2>
F:\KeilProjects\202106\new camera\31.DCI_GC0308(0527)\Project\31.DCI_GC0308\MDK-ARM\GD32207I_EVAL.uvprojx
Project File Date:  06/07/2021

<h2>Output:</h2>
*** Using Compiler 'V5.06 update 6 (build 750)', folder: 'E:\installs\KEIL\ARM\ARMCC\Bin'
Build target 'GD32207I_EVAL'
compiling LedControl.c...
..\Soft_Drive\ColorAnalysis.h(154): warning:  #1295-D: Deprecated declaration show_yuv422_image - give arg types
  void show_yuv422_image();
..\Soft_Drive\LedControl.h(29): warning:  #1295-D: Deprecated declaration process_camera_exception - give arg types
  void process_camera_exception();
..\Soft_Drive\LedControl.h(30): warning:  #1295-D: Deprecated declaration state_machine_ledcontrol - give arg types
  void state_machine_ledcontrol();
..\Soft_Drive\LedControl.h(36): warning:  #1295-D: Deprecated declaration COBLed_recipe_normal_display - give arg types
  void COBLed_recipe_normal_display();
..\Soft_Drive\LedControl.h(37): warning:  #1295-D: Deprecated declaration COBLed_recipe_low_display - give arg types
  void COBLed_recipe_low_display();
..\Soft_Drive\LedControl.h(38): warning:  #1295-D: Deprecated declaration COBLed_4000k - give arg types
  void COBLed_4000k();
..\Soft_Drive\LedControl.h(39): warning:  #1295-D: Deprecated declaration COBLed_reserve_white - give arg types
  void COBLed_reserve_white();
..\Soft_Drive\LedControl.h(53): warning:  #1-D: last line of file ends without a newline
  #endif
..\Soft_Drive\LedControl.c(133): warning:  #177-D: variable "i"  was declared but never referenced
  	int i;
..\Soft_Drive\LedControl.c(281): warning:  #1-D: last line of file ends without a newline
  }
..\Soft_Drive\LedControl.c: 10 warnings, 0 errors
linking...
Program Size: Code=25540 RO-data=41020 RW-data=948 ZI-data=162372  
FromELF: creating hex file...
".\output\Project.axf" - 0 Error(s), 10 Warning(s).

<h2>Software Packages used:</h2>

Package Vendor: ARM
                http://www.keil.com/pack/ARM.CMSIS.5.3.0.pack
                ARM.CMSIS.5.3.0
                CMSIS (Cortex Microcontroller Software Interface Standard)
   * Component: CORE Version: 5.1.1

Package Vendor: GigaDevice
                http://gd32mcu.21ic.com/data/documents/yingyongruanjian/GigaDevice.GD32F20x_DFP.2.1.0.pack
                GigaDevice.GD32F20x_DFP.2.1.0
                GigaDevice GD32F20x Series Device Support and Examples

<h2>Collection of Component include folders:</h2>
  .\RTE\_GD32207I_EVAL
  E:\installs\KEIL\ARM\PACK\ARM\CMSIS\5.3.0\CMSIS\Include
  E:\installs\KEIL\ARM\PACK\GigaDevice\GD32F20x_DFP\2.1.0\Device\Include

<h2>Collection of Component Files used:</h2>

   * Component: ARM::CMSIS:CORE:5.1.1
Build Time Elapsed:  00:00:00
</pre>
</body>
</html>
