<html>
<body>
<pre>
<h1>µVision Build Log</h1>
<h2>Project:</h2>
C:\Users\LHBO\Desktop\÷«ƒ‹…‰π‚µ∆\GD32Fxxx\GD32207I_EVAL_GD32F20x_Firmware_Library_Routine_V2.0.0\Project\28_DCI_OV2640\MDK-ARM\GD32207I_EVAL.uvproj
Project File Date:  07/16/2020

<h2>Output:</h2>
Build target 'GD32207I_EVAL'
compiling main.c...
..\..\..\Library\Firmware\CMSIS\core_cm3.h(147): error:  #5: cannot open source input file "core_cmInstr.h": No such file or directory
..\..\..\Library\Firmware\CMSIS\core_cm3.h:   #include <core_cmInstr.h>                /* Core Instruction Access                         */
..\..\..\Library\Firmware\CMSIS\core_cm3.h:                                                                                                 ^
..\..\..\Library\Firmware\CMSIS\core_cm3.h: ..\main.c: 0 warnings, 1 error
compiling gd32f20x_it.c...
..\..\..\Library\Firmware\CMSIS\core_cm3.h(147): error:  #5: cannot open source input file "core_cmInstr.h": No such file or directory
..\..\..\Library\Firmware\CMSIS\core_cm3.h:   #include <core_cmInstr.h>                /* Core Instruction Access                         */
..\..\..\Library\Firmware\CMSIS\core_cm3.h:                                                                                                 ^
..\..\..\Library\Firmware\CMSIS\core_cm3.h: ..\gd32f20x_it.c: 0 warnings, 1 error
compiling systick.c...
..\..\..\Library\Firmware\CMSIS\core_cm3.h(147): error:  #5: cannot open source input file "core_cmInstr.h": No such file or directory
..\..\..\Library\Firmware\CMSIS\core_cm3.h:   #include <core_cmInstr.h>                /* Core Instruction Access                         */
..\..\..\Library\Firmware\CMSIS\core_cm3.h:                                                                                                 ^
..\..\..\Library\Firmware\CMSIS\core_cm3.h: ..\systick.c: 0 warnings, 1 error
compiling system_gd32f20x.c...
..\..\..\Library\Firmware\CMSIS\core_cm3.h(147): error:  #5: cannot open source input file "core_cmInstr.h": No such file or directory
..\..\..\Library\Firmware\CMSIS\core_cm3.h:   #include <core_cmInstr.h>                /* Core Instruction Access                         */
..\..\..\Library\Firmware\CMSIS\core_cm3.h:                                                                                                 ^
..\..\..\Library\Firmware\CMSIS\core_cm3.h: ..\..\..\Library\Firmware\CMSIS\GD\GD32F20x\Source\system_gd32f20x.c: 0 warnings, 1 error
compiling gd32f20x_adc.c...
..\..\..\Library\Firmware\CMSIS\core_cm3.h(147): error:  #5: cannot open source input file "core_cmInstr.h": No such file or directory
..\..\..\Library\Firmware\CMSIS\core_cm3.h:   #include <core_cmInstr.h>                /* Core Instruction Access                         */
..\..\..\Library\Firmware\CMSIS\core_cm3.h:                                                                                                 ^
..\..\..\Library\Firmware\CMSIS\core_cm3.h: ..\..\..\Library\Firmware\GD32F20x_standard_peripheral\Source\gd32f20x_adc.c: 0 warnings, 1 error
compiling gd32f20x_bkp.c...
..\..\..\Library\Firmware\CMSIS\core_cm3.h(147): error:  #5: cannot open source input file "core_cmInstr.h": No such file or directory
..\..\..\Library\Firmware\CMSIS\core_cm3.h:   #include <core_cmInstr.h>                /* Core Instruction Access                         */
..\..\..\Library\Firmware\CMSIS\core_cm3.h:                                                                                                 ^
..\..\..\Library\Firmware\CMSIS\core_cm3.h: ..\..\..\Library\Firmware\GD32F20x_standard_peripheral\Source\gd32f20x_bkp.c: 0 warnings, 1 error
compiling gd32f20x_can.c...
..\..\..\Library\Firmware\CMSIS\core_cm3.h(147): error:  #5: cannot open source input file "core_cmInstr.h": No such file or directory
..\..\..\Library\Firmware\CMSIS\core_cm3.h:   #include <core_cmInstr.h>                /* Core Instruction Access                         */
..\..\..\Library\Firmware\CMSIS\core_cm3.h:                                                                                                 ^
..\..\..\Library\Firmware\CMSIS\core_cm3.h: ..\..\..\Library\Firmware\GD32F20x_standard_peripheral\Source\gd32f20x_can.c: 0 warnings, 1 error
compiling gd32f20x_cau.c...
..\..\..\Library\Firmware\CMSIS\core_cm3.h(147): error:  #5: cannot open source input file "core_cmInstr.h": No such file or directory
..\..\..\Library\Firmware\CMSIS\core_cm3.h:   #include <core_cmInstr.h>                /* Core Instruction Access                         */
..\..\..\Library\Firmware\CMSIS\core_cm3.h:                                                                                                 ^
..\..\..\Library\Firmware\CMSIS\core_cm3.h: ..\..\..\Library\Firmware\GD32F20x_standard_peripheral\Source\gd32f20x_cau.c: 0 warnings, 1 error
compiling gd32f20x_cau_aes.c...
..\..\..\Library\Firmware\CMSIS\core_cm3.h(147): error:  #5: cannot open source input file "core_cmInstr.h": No such file or directory
..\..\..\Library\Firmware\CMSIS\core_cm3.h:   #include <core_cmInstr.h>                /* Core Instruction Access                         */
..\..\..\Library\Firmware\CMSIS\core_cm3.h:                                                                                                 ^
..\..\..\Library\Firmware\CMSIS\core_cm3.h: ..\..\..\Library\Firmware\GD32F20x_standard_peripheral\Source\gd32f20x_cau_aes.c: 0 warnings, 1 error
compiling gd32f20x_cau_des.c...
..\..\..\Library\Firmware\CMSIS\core_cm3.h(147): error:  #5: cannot open source input file "core_cmInstr.h": No such file or directory
..\..\..\Library\Firmware\CMSIS\core_cm3.h:   #include <core_cmInstr.h>                /* Core Instruction Access                         */
..\..\..\Library\Firmware\CMSIS\core_cm3.h:                                                                                                 ^
..\..\..\Library\Firmware\CMSIS\core_cm3.h: ..\..\..\Library\Firmware\GD32F20x_standard_peripheral\Source\gd32f20x_cau_des.c: 0 warnings, 1 error
compiling gd32f20x_cau_tdes.c...
..\..\..\Library\Firmware\CMSIS\core_cm3.h(147): error:  #5: cannot open source input file "core_cmInstr.h": No such file or directory
..\..\..\Library\Firmware\CMSIS\core_cm3.h:   #include <core_cmInstr.h>                /* Core Instruction Access                         */
..\..\..\Library\Firmware\CMSIS\core_cm3.h:                                                                                                 ^
..\..\..\Library\Firmware\CMSIS\core_cm3.h: ..\..\..\Library\Firmware\GD32F20x_standard_peripheral\Source\gd32f20x_cau_tdes.c: 0 warnings, 1 error
compiling gd32f20x_crc.c...
..\..\..\Library\Firmware\CMSIS\core_cm3.h(147): error:  #5: cannot open source input file "core_cmInstr.h": No such file or directory
..\..\..\Library\Firmware\CMSIS\core_cm3.h:   #include <core_cmInstr.h>                /* Core Instruction Access                         */
..\..\..\Library\Firmware\CMSIS\core_cm3.h:                                                                                                 ^
..\..\..\Library\Firmware\CMSIS\core_cm3.h: ..\..\..\Library\Firmware\GD32F20x_standard_peripheral\Source\gd32f20x_crc.c: 0 warnings, 1 error
compiling gd32f20x_dac.c...
..\..\..\Library\Firmware\CMSIS\core_cm3.h(147): error:  #5: cannot open source input file "core_cmInstr.h": No such file or directory
..\..\..\Library\Firmware\CMSIS\core_cm3.h:   #include <core_cmInstr.h>                /* Core Instruction Access                         */
..\..\..\Library\Firmware\CMSIS\core_cm3.h:                                                                                                 ^
..\..\..\Library\Firmware\CMSIS\core_cm3.h: ..\..\..\Library\Firmware\GD32F20x_standard_peripheral\Source\gd32f20x_dac.c: 0 warnings, 1 error
compiling gd32f20x_dbg.c...
..\..\..\Library\Firmware\CMSIS\core_cm3.h(147): error:  #5: cannot open source input file "core_cmInstr.h": No such file or directory
..\..\..\Library\Firmware\CMSIS\core_cm3.h:   #include <core_cmInstr.h>                /* Core Instruction Access                         */
..\..\..\Library\Firmware\CMSIS\core_cm3.h:                                                                                                 ^
..\..\..\Library\Firmware\CMSIS\core_cm3.h: ..\..\..\Library\Firmware\GD32F20x_standard_peripheral\Source\gd32f20x_dbg.c: 0 warnings, 1 error
compiling gd32f20x_dci.c...
..\..\..\Library\Firmware\CMSIS\core_cm3.h(147): error:  #5: cannot open source input file "core_cmInstr.h": No such file or directory
..\..\..\Library\Firmware\CMSIS\core_cm3.h:   #include <core_cmInstr.h>                /* Core Instruction Access                         */
..\..\..\Library\Firmware\CMSIS\core_cm3.h:                                                                                                 ^
..\..\..\Library\Firmware\CMSIS\core_cm3.h: ..\..\..\Library\Firmware\GD32F20x_standard_peripheral\Source\gd32f20x_dci.c: 0 warnings, 1 error
compiling gd32f20x_dma.c...
..\..\..\Library\Firmware\CMSIS\core_cm3.h(147): error:  #5: cannot open source input file "core_cmInstr.h": No such file or directory
..\..\..\Library\Firmware\CMSIS\core_cm3.h:   #include <core_cmInstr.h>                /* Core Instruction Access                         */
..\..\..\Library\Firmware\CMSIS\core_cm3.h:                                                                                                 ^
..\..\..\Library\Firmware\CMSIS\core_cm3.h: ..\..\..\Library\Firmware\GD32F20x_standard_peripheral\Source\gd32f20x_dma.c: 0 warnings, 1 error
compiling gd32f20x_enet.c...
..\..\..\Library\Firmware\CMSIS\core_cm3.h(147): error:  #5: cannot open source input file "core_cmInstr.h": No such file or directory
..\..\..\Library\Firmware\CMSIS\core_cm3.h:   #include <core_cmInstr.h>                /* Core Instruction Access                         */
..\..\..\Library\Firmware\CMSIS\core_cm3.h:                                                                                                 ^
..\..\..\Library\Firmware\CMSIS\core_cm3.h: ..\..\..\Library\Firmware\GD32F20x_standard_peripheral\Source\gd32f20x_enet.c: 0 warnings, 1 error
compiling gd32f20x_exmc.c...
..\..\..\Library\Firmware\CMSIS\core_cm3.h(147): error:  #5: cannot open source input file "core_cmInstr.h": No such file or directory
..\..\..\Library\Firmware\CMSIS\core_cm3.h:   #include <core_cmInstr.h>                /* Core Instruction Access                         */
..\..\..\Library\Firmware\CMSIS\core_cm3.h:                                                                                                 ^
..\..\..\Library\Firmware\CMSIS\core_cm3.h: ..\..\..\Library\Firmware\GD32F20x_standard_peripheral\Source\gd32f20x_exmc.c: 0 warnings, 1 error
compiling gd32f20x_exti.c...
..\..\..\Library\Firmware\CMSIS\core_cm3.h(147): error:  #5: cannot open source input file "core_cmInstr.h": No such file or directory
..\..\..\Library\Firmware\CMSIS\core_cm3.h:   #include <core_cmInstr.h>                /* Core Instruction Access                         */
..\..\..\Library\Firmware\CMSIS\core_cm3.h:                                                                                                 ^
..\..\..\Library\Firmware\CMSIS\core_cm3.h: ..\..\..\Library\Firmware\GD32F20x_standard_peripheral\Source\gd32f20x_exti.c: 0 warnings, 1 error
compiling gd32f20x_fmc.c...
..\..\..\Library\Firmware\CMSIS\core_cm3.h(147): error:  #5: cannot open source input file "core_cmInstr.h": No such file or directory
..\..\..\Library\Firmware\CMSIS\core_cm3.h:   #include <core_cmInstr.h>                /* Core Instruction Access                         */
..\..\..\Library\Firmware\CMSIS\core_cm3.h:                                                                                                 ^
..\..\..\Library\Firmware\CMSIS\core_cm3.h: ..\..\..\Library\Firmware\GD32F20x_standard_peripheral\Source\gd32f20x_fmc.c: 0 warnings, 1 error
compiling gd32f20x_fwdgt.c...
..\..\..\Library\Firmware\CMSIS\core_cm3.h(147): error:  #5: cannot open source input file "core_cmInstr.h": No such file or directory
..\..\..\Library\Firmware\CMSIS\core_cm3.h:   #include <core_cmInstr.h>                /* Core Instruction Access                         */
..\..\..\Library\Firmware\CMSIS\core_cm3.h:                                                                                                 ^
..\..\..\Library\Firmware\CMSIS\core_cm3.h: ..\..\..\Library\Firmware\GD32F20x_standard_peripheral\Source\gd32f20x_fwdgt.c: 0 warnings, 1 error
compiling gd32f20x_gpio.c...
..\..\..\Library\Firmware\CMSIS\core_cm3.h(147): error:  #5: cannot open source input file "core_cmInstr.h": No such file or directory
..\..\..\Library\Firmware\CMSIS\core_cm3.h:   #include <core_cmInstr.h>                /* Core Instruction Access                         */
..\..\..\Library\Firmware\CMSIS\core_cm3.h:                                                                                                 ^
..\..\..\Library\Firmware\CMSIS\core_cm3.h: ..\..\..\Library\Firmware\GD32F20x_standard_peripheral\Source\gd32f20x_gpio.c: 0 warnings, 1 error
compiling gd32f20x_hau.c...
..\..\..\Library\Firmware\CMSIS\core_cm3.h(147): error:  #5: cannot open source input file "core_cmInstr.h": No such file or directory
..\..\..\Library\Firmware\CMSIS\core_cm3.h:   #include <core_cmInstr.h>                /* Core Instruction Access                         */
..\..\..\Library\Firmware\CMSIS\core_cm3.h:                                                                                                 ^
..\..\..\Library\Firmware\CMSIS\core_cm3.h: ..\..\..\Library\Firmware\GD32F20x_standard_peripheral\Source\gd32f20x_hau.c: 0 warnings, 1 error
compiling gd32f20x_hau_sha_md5.c...
..\..\..\Library\Firmware\CMSIS\core_cm3.h(147): error:  #5: cannot open source input file "core_cmInstr.h": No such file or directory
..\..\..\Library\Firmware\CMSIS\core_cm3.h:   #include <core_cmInstr.h>                /* Core Instruction Access                         */
..\..\..\Library\Firmware\CMSIS\core_cm3.h:                                                                                                 ^
..\..\..\Library\Firmware\CMSIS\core_cm3.h: ..\..\..\Library\Firmware\GD32F20x_standard_peripheral\Source\gd32f20x_hau_sha_md5.c: 0 warnings, 1 error
compiling gd32f20x_i2c.c...
..\..\..\Library\Firmware\CMSIS\core_cm3.h(147): error:  #5: cannot open source input file "core_cmInstr.h": No such file or directory
..\..\..\Library\Firmware\CMSIS\core_cm3.h:   #include <core_cmInstr.h>                /* Core Instruction Access                         */
..\..\..\Library\Firmware\CMSIS\core_cm3.h:                                                                                                 ^
..\..\..\Library\Firmware\CMSIS\core_cm3.h: ..\..\..\Library\Firmware\GD32F20x_standard_peripheral\Source\gd32f20x_i2c.c: 0 warnings, 1 error
compiling gd32f20x_misc.c...
..\..\..\Library\Firmware\CMSIS\core_cm3.h(147): error:  #5: cannot open source input file "core_cmInstr.h": No such file or directory
..\..\..\Library\Firmware\CMSIS\core_cm3.h:   #include <core_cmInstr.h>                /* Core Instruction Access                         */
..\..\..\Library\Firmware\CMSIS\core_cm3.h:                                                                                                 ^
..\..\..\Library\Firmware\CMSIS\core_cm3.h: ..\..\..\Library\Firmware\GD32F20x_standard_peripheral\Source\gd32f20x_misc.c: 0 warnings, 1 error
compiling gd32f20x_pmu.c...
..\..\..\Library\Firmware\CMSIS\core_cm3.h(147): error:  #5: cannot open source input file "core_cmInstr.h": No such file or directory
..\..\..\Library\Firmware\CMSIS\core_cm3.h:   #include <core_cmInstr.h>                /* Core Instruction Access                         */
..\..\..\Library\Firmware\CMSIS\core_cm3.h:                                                                                                 ^
..\..\..\Library\Firmware\CMSIS\core_cm3.h: ..\..\..\Library\Firmware\GD32F20x_standard_peripheral\Source\gd32f20x_pmu.c: 0 warnings, 1 error
compiling gd32f20x_rcu.c...
..\..\..\Library\Firmware\CMSIS\core_cm3.h(147): error:  #5: cannot open source input file "core_cmInstr.h": No such file or directory
..\..\..\Library\Firmware\CMSIS\core_cm3.h:   #include <core_cmInstr.h>                /* Core Instruction Access                         */
..\..\..\Library\Firmware\CMSIS\core_cm3.h:                                                                                                 ^
..\..\..\Library\Firmware\CMSIS\core_cm3.h: ..\..\..\Library\Firmware\GD32F20x_standard_peripheral\Source\gd32f20x_rcu.c: 0 warnings, 1 error
compiling gd32f20x_rtc.c...
..\..\..\Library\Firmware\CMSIS\core_cm3.h(147): error:  #5: cannot open source input file "core_cmInstr.h": No such file or directory
..\..\..\Library\Firmware\CMSIS\core_cm3.h:   #include <core_cmInstr.h>                /* Core Instruction Access                         */
..\..\..\Library\Firmware\CMSIS\core_cm3.h:                                                                                                 ^
..\..\..\Library\Firmware\CMSIS\core_cm3.h: ..\..\..\Library\Firmware\GD32F20x_standard_peripheral\Source\gd32f20x_rtc.c: 0 warnings, 1 error
compiling gd32f20x_sdio.c...
..\..\..\Library\Firmware\CMSIS\core_cm3.h(147): error:  #5: cannot open source input file "core_cmInstr.h": No such file or directory
..\..\..\Library\Firmware\CMSIS\core_cm3.h:   #include <core_cmInstr.h>                /* Core Instruction Access                         */
..\..\..\Library\Firmware\CMSIS\core_cm3.h:                                                                                                 ^
..\..\..\Library\Firmware\CMSIS\core_cm3.h: ..\..\..\Library\Firmware\GD32F20x_standard_peripheral\Source\gd32f20x_sdio.c: 0 warnings, 1 error
compiling gd32f20x_spi.c...
..\..\..\Library\Firmware\CMSIS\core_cm3.h(147): error:  #5: cannot open source input file "core_cmInstr.h": No such file or directory
..\..\..\Library\Firmware\CMSIS\core_cm3.h:   #include <core_cmInstr.h>                /* Core Instruction Access                         */
..\..\..\Library\Firmware\CMSIS\core_cm3.h:                                                                                                 ^
..\..\..\Library\Firmware\CMSIS\core_cm3.h: ..\..\..\Library\Firmware\GD32F20x_standard_peripheral\Source\gd32f20x_spi.c: 0 warnings, 1 error
compiling gd32f20x_timer.c...
..\..\..\Library\Firmware\CMSIS\core_cm3.h(147): error:  #5: cannot open source input file "core_cmInstr.h": No such file or directory
..\..\..\Library\Firmware\CMSIS\core_cm3.h:   #include <core_cmInstr.h>                /* Core Instruction Access                         */
..\..\..\Library\Firmware\CMSIS\core_cm3.h:                                                                                                 ^
..\..\..\Library\Firmware\CMSIS\core_cm3.h: ..\..\..\Library\Firmware\GD32F20x_standard_peripheral\Source\gd32f20x_timer.c: 0 warnings, 1 error
compiling gd32f20x_tli.c...
..\..\..\Library\Firmware\CMSIS\core_cm3.h(147): error:  #5: cannot open source input file "core_cmInstr.h": No such file or directory
..\..\..\Library\Firmware\CMSIS\core_cm3.h:   #include <core_cmInstr.h>                /* Core Instruction Access                         */
..\..\..\Library\Firmware\CMSIS\core_cm3.h:                                                                                                 ^
..\..\..\Library\Firmware\CMSIS\core_cm3.h: ..\..\..\Library\Firmware\GD32F20x_standard_peripheral\Source\gd32f20x_tli.c: 0 warnings, 1 error
compiling gd32f20x_trng.c...
..\..\..\Library\Firmware\CMSIS\core_cm3.h(147): error:  #5: cannot open source input file "core_cmInstr.h": No such file or directory
..\..\..\Library\Firmware\CMSIS\core_cm3.h:   #include <core_cmInstr.h>                /* Core Instruction Access                         */
..\..\..\Library\Firmware\CMSIS\core_cm3.h:                                                                                                 ^
..\..\..\Library\Firmware\CMSIS\core_cm3.h: ..\..\..\Library\Firmware\GD32F20x_standard_peripheral\Source\gd32f20x_trng.c: 0 warnings, 1 error
compiling gd32f20x_usart.c...
..\..\..\Library\Firmware\CMSIS\core_cm3.h(147): error:  #5: cannot open source input file "core_cmInstr.h": No such file or directory
..\..\..\Library\Firmware\CMSIS\core_cm3.h:   #include <core_cmInstr.h>                /* Core Instruction Access                         */
..\..\..\Library\Firmware\CMSIS\core_cm3.h:                                                                                                 ^
..\..\..\Library\Firmware\CMSIS\core_cm3.h: ..\..\..\Library\Firmware\GD32F20x_standard_peripheral\Source\gd32f20x_usart.c: 0 warnings, 1 error
compiling gd32f20x_wwdgt.c...
..\..\..\Library\Firmware\CMSIS\core_cm3.h(147): error:  #5: cannot open source input file "core_cmInstr.h": No such file or directory
..\..\..\Library\Firmware\CMSIS\core_cm3.h:   #include <core_cmInstr.h>                /* Core Instruction Access                         */
..\..\..\Library\Firmware\CMSIS\core_cm3.h:                                                                                                 ^
..\..\..\Library\Firmware\CMSIS\core_cm3.h: ..\..\..\Library\Firmware\GD32F20x_standard_peripheral\Source\gd32f20x_wwdgt.c: 0 warnings, 1 error
compiling gd32f207i_eval.c...
..\..\..\Library\Firmware\CMSIS\core_cm3.h(147): error:  #5: cannot open source input file "core_cmInstr.h": No such file or directory
..\..\..\Library\Firmware\CMSIS\core_cm3.h:   #include <core_cmInstr.h>                /* Core Instruction Access                         */
..\..\..\Library\Firmware\CMSIS\core_cm3.h:                                                                                                 ^
..\..\..\Library\Firmware\CMSIS\core_cm3.h: ..\..\..\Library\Utilities\gd32f207i_eval.c: 0 warnings, 1 error
compiling gd32f207i_sdram_eval.c...
..\..\..\Library\Firmware\CMSIS\core_cm3.h(147): error:  #5: cannot open source input file "core_cmInstr.h": No such file or directory
..\..\..\Library\Firmware\CMSIS\core_cm3.h:   #include <core_cmInstr.h>                /* Core Instruction Access                         */
..\..\..\Library\Firmware\CMSIS\core_cm3.h:                                                                                                 ^
..\..\..\Library\Firmware\CMSIS\core_cm3.h: ..\..\..\Library\Utilities\gd32f207i_sdram_eval.c: 0 warnings, 1 error
compiling dci_ov2640.c...
..\..\..\Library\Firmware\CMSIS\core_cm3.h(147): error:  #5: cannot open source input file "core_cmInstr.h": No such file or directory
..\..\..\Library\Firmware\CMSIS\core_cm3.h:   #include <core_cmInstr.h>                /* Core Instruction Access                         */
..\..\..\Library\Firmware\CMSIS\core_cm3.h:                                                                                                 ^
..\..\..\Library\Firmware\CMSIS\core_cm3.h: ..\Soft_Drive\dci_ov2640.c: 0 warnings, 1 error
compiling picture.c...
compiling sccb.c...
..\..\..\Library\Firmware\CMSIS\core_cm3.h(147): error:  #5: cannot open source input file "core_cmInstr.h": No such file or directory
..\..\..\Library\Firmware\CMSIS\core_cm3.h:   #include <core_cmInstr.h>                /* Core Instruction Access                         */
..\..\..\Library\Firmware\CMSIS\core_cm3.h:                                                                                                 ^
..\..\..\Library\Firmware\CMSIS\core_cm3.h: ..\Soft_Drive\sccb.c: 0 warnings, 1 error
assembling startup_gd32f20x_cl.s...
Target not created
Build target 'GD32207I_EVAL'
compiling main.c...
..\..\..\Library\Firmware\CMSIS\core_cm3.h(147): error:  #5: cannot open source input file "core_cmInstr.h": No such file or directory
..\..\..\Library\Firmware\CMSIS\core_cm3.h:   #include <core_cmInstr.h>                /* Core Instruction Access                         */
..\..\..\Library\Firmware\CMSIS\core_cm3.h:                                                                                                 ^
..\..\..\Library\Firmware\CMSIS\core_cm3.h: ..\main.c: 0 warnings, 1 error
compiling gd32f20x_it.c...
..\..\..\Library\Firmware\CMSIS\core_cm3.h(147): error:  #5: cannot open source input file "core_cmInstr.h": No such file or directory
..\..\..\Library\Firmware\CMSIS\core_cm3.h:   #include <core_cmInstr.h>                /* Core Instruction Access                         */
..\..\..\Library\Firmware\CMSIS\core_cm3.h:                                                                                                 ^
..\..\..\Library\Firmware\CMSIS\core_cm3.h: ..\gd32f20x_it.c: 0 warnings, 1 error
compiling systick.c...
..\..\..\Library\Firmware\CMSIS\core_cm3.h(147): error:  #5: cannot open source input file "core_cmInstr.h": No such file or directory
..\..\..\Library\Firmware\CMSIS\core_cm3.h:   #include <core_cmInstr.h>                /* Core Instruction Access                         */
..\..\..\Library\Firmware\CMSIS\core_cm3.h:                                                                                                 ^
..\..\..\Library\Firmware\CMSIS\core_cm3.h: ..\systick.c: 0 warnings, 1 error
compiling system_gd32f20x.c...
..\..\..\Library\Firmware\CMSIS\core_cm3.h(147): error:  #5: cannot open source input file "core_cmInstr.h": No such file or directory
..\..\..\Library\Firmware\CMSIS\core_cm3.h:   #include <core_cmInstr.h>                /* Core Instruction Access                         */
..\..\..\Library\Firmware\CMSIS\core_cm3.h:                                                                                                 ^
..\..\..\Library\Firmware\CMSIS\core_cm3.h: ..\..\..\Library\Firmware\CMSIS\GD\GD32F20x\Source\system_gd32f20x.c: 0 warnings, 1 error
compiling gd32f20x_adc.c...
..\..\..\Library\Firmware\CMSIS\core_cm3.h(147): error:  #5: cannot open source input file "core_cmInstr.h": No such file or directory
..\..\..\Library\Firmware\CMSIS\core_cm3.h:   #include <core_cmInstr.h>                /* Core Instruction Access                         */
..\..\..\Library\Firmware\CMSIS\core_cm3.h:                                                                                                 ^
..\..\..\Library\Firmware\CMSIS\core_cm3.h: ..\..\..\Library\Firmware\GD32F20x_standard_peripheral\Source\gd32f20x_adc.c: 0 warnings, 1 error
compiling gd32f20x_bkp.c...
..\..\..\Library\Firmware\CMSIS\core_cm3.h(147): error:  #5: cannot open source input file "core_cmInstr.h": No such file or directory
..\..\..\Library\Firmware\CMSIS\core_cm3.h:   #include <core_cmInstr.h>                /* Core Instruction Access                         */
..\..\..\Library\Firmware\CMSIS\core_cm3.h:                                                                                                 ^
..\..\..\Library\Firmware\CMSIS\core_cm3.h: ..\..\..\Library\Firmware\GD32F20x_standard_peripheral\Source\gd32f20x_bkp.c: 0 warnings, 1 error
compiling gd32f20x_can.c...
..\..\..\Library\Firmware\CMSIS\core_cm3.h(147): error:  #5: cannot open source input file "core_cmInstr.h": No such file or directory
..\..\..\Library\Firmware\CMSIS\core_cm3.h:   #include <core_cmInstr.h>                /* Core Instruction Access                         */
..\..\..\Library\Firmware\CMSIS\core_cm3.h:                                                                                                 ^
..\..\..\Library\Firmware\CMSIS\core_cm3.h: ..\..\..\Library\Firmware\GD32F20x_standard_peripheral\Source\gd32f20x_can.c: 0 warnings, 1 error
compiling gd32f20x_cau.c...
..\..\..\Library\Firmware\CMSIS\core_cm3.h(147): error:  #5: cannot open source input file "core_cmInstr.h": No such file or directory
..\..\..\Library\Firmware\CMSIS\core_cm3.h:   #include <core_cmInstr.h>                /* Core Instruction Access                         */
..\..\..\Library\Firmware\CMSIS\core_cm3.h:                                                                                                 ^
..\..\..\Library\Firmware\CMSIS\core_cm3.h: ..\..\..\Library\Firmware\GD32F20x_standard_peripheral\Source\gd32f20x_cau.c: 0 warnings, 1 error
compiling gd32f20x_cau_aes.c...
..\..\..\Library\Firmware\CMSIS\core_cm3.h(147): error:  #5: cannot open source input file "core_cmInstr.h": No such file or directory
..\..\..\Library\Firmware\CMSIS\core_cm3.h:   #include <core_cmInstr.h>                /* Core Instruction Access                         */
..\..\..\Library\Firmware\CMSIS\core_cm3.h:                                                                                                 ^
..\..\..\Library\Firmware\CMSIS\core_cm3.h: ..\..\..\Library\Firmware\GD32F20x_standard_peripheral\Source\gd32f20x_cau_aes.c: 0 warnings, 1 error
compiling gd32f20x_cau_des.c...
..\..\..\Library\Firmware\CMSIS\core_cm3.h(147): error:  #5: cannot open source input file "core_cmInstr.h": No such file or directory
..\..\..\Library\Firmware\CMSIS\core_cm3.h:   #include <core_cmInstr.h>                /* Core Instruction Access                         */
..\..\..\Library\Firmware\CMSIS\core_cm3.h:                                                                                                 ^
..\..\..\Library\Firmware\CMSIS\core_cm3.h: ..\..\..\Library\Firmware\GD32F20x_standard_peripheral\Source\gd32f20x_cau_des.c: 0 warnings, 1 error
compiling gd32f20x_cau_tdes.c...
..\..\..\Library\Firmware\CMSIS\core_cm3.h(147): error:  #5: cannot open source input file "core_cmInstr.h": No such file or directory
..\..\..\Library\Firmware\CMSIS\core_cm3.h:   #include <core_cmInstr.h>                /* Core Instruction Access                         */
..\..\..\Library\Firmware\CMSIS\core_cm3.h:                                                                                                 ^
..\..\..\Library\Firmware\CMSIS\core_cm3.h: ..\..\..\Library\Firmware\GD32F20x_standard_peripheral\Source\gd32f20x_cau_tdes.c: 0 warnings, 1 error
compiling gd32f20x_crc.c...
..\..\..\Library\Firmware\CMSIS\core_cm3.h(147): error:  #5: cannot open source input file "core_cmInstr.h": No such file or directory
..\..\..\Library\Firmware\CMSIS\core_cm3.h:   #include <core_cmInstr.h>                /* Core Instruction Access                         */
..\..\..\Library\Firmware\CMSIS\core_cm3.h:                                                                                                 ^
..\..\..\Library\Firmware\CMSIS\core_cm3.h: ..\..\..\Library\Firmware\GD32F20x_standard_peripheral\Source\gd32f20x_crc.c: 0 warnings, 1 error
compiling gd32f20x_dac.c...
..\..\..\Library\Firmware\CMSIS\core_cm3.h(147): error:  #5: cannot open source input file "core_cmInstr.h": No such file or directory
..\..\..\Library\Firmware\CMSIS\core_cm3.h:   #include <core_cmInstr.h>                /* Core Instruction Access                         */
..\..\..\Library\Firmware\CMSIS\core_cm3.h:                                                                                                 ^
..\..\..\Library\Firmware\CMSIS\core_cm3.h: ..\..\..\Library\Firmware\GD32F20x_standard_peripheral\Source\gd32f20x_dac.c: 0 warnings, 1 error
compiling gd32f20x_dbg.c...
..\..\..\Library\Firmware\CMSIS\core_cm3.h(147): error:  #5: cannot open source input file "core_cmInstr.h": No such file or directory
..\..\..\Library\Firmware\CMSIS\core_cm3.h:   #include <core_cmInstr.h>                /* Core Instruction Access                         */
..\..\..\Library\Firmware\CMSIS\core_cm3.h:                                                                                                 ^
..\..\..\Library\Firmware\CMSIS\core_cm3.h: ..\..\..\Library\Firmware\GD32F20x_standard_peripheral\Source\gd32f20x_dbg.c: 0 warnings, 1 error
compiling gd32f20x_dci.c...
..\..\..\Library\Firmware\CMSIS\core_cm3.h(147): error:  #5: cannot open source input file "core_cmInstr.h": No such file or directory
..\..\..\Library\Firmware\CMSIS\core_cm3.h:   #include <core_cmInstr.h>                /* Core Instruction Access                         */
..\..\..\Library\Firmware\CMSIS\core_cm3.h:                                                                                                 ^
..\..\..\Library\Firmware\CMSIS\core_cm3.h: ..\..\..\Library\Firmware\GD32F20x_standard_peripheral\Source\gd32f20x_dci.c: 0 warnings, 1 error
compiling gd32f20x_dma.c...
..\..\..\Library\Firmware\CMSIS\core_cm3.h(147): error:  #5: cannot open source input file "core_cmInstr.h": No such file or directory
..\..\..\Library\Firmware\CMSIS\core_cm3.h:   #include <core_cmInstr.h>                /* Core Instruction Access                         */
..\..\..\Library\Firmware\CMSIS\core_cm3.h:                                                                                                 ^
..\..\..\Library\Firmware\CMSIS\core_cm3.h: ..\..\..\Library\Firmware\GD32F20x_standard_peripheral\Source\gd32f20x_dma.c: 0 warnings, 1 error
compiling gd32f20x_enet.c...
..\..\..\Library\Firmware\CMSIS\core_cm3.h(147): error:  #5: cannot open source input file "core_cmInstr.h": No such file or directory
..\..\..\Library\Firmware\CMSIS\core_cm3.h:   #include <core_cmInstr.h>                /* Core Instruction Access                         */
..\..\..\Library\Firmware\CMSIS\core_cm3.h:                                                                                                 ^
..\..\..\Library\Firmware\CMSIS\core_cm3.h: ..\..\..\Library\Firmware\GD32F20x_standard_peripheral\Source\gd32f20x_enet.c: 0 warnings, 1 error
compiling gd32f20x_exmc.c...
..\..\..\Library\Firmware\CMSIS\core_cm3.h(147): error:  #5: cannot open source input file "core_cmInstr.h": No such file or directory
..\..\..\Library\Firmware\CMSIS\core_cm3.h:   #include <core_cmInstr.h>                /* Core Instruction Access                         */
..\..\..\Library\Firmware\CMSIS\core_cm3.h:                                                                                                 ^
..\..\..\Library\Firmware\CMSIS\core_cm3.h: ..\..\..\Library\Firmware\GD32F20x_standard_peripheral\Source\gd32f20x_exmc.c: 0 warnings, 1 error
compiling gd32f20x_exti.c...
..\..\..\Library\Firmware\CMSIS\core_cm3.h(147): error:  #5: cannot open source input file "core_cmInstr.h": No such file or directory
..\..\..\Library\Firmware\CMSIS\core_cm3.h:   #include <core_cmInstr.h>                /* Core Instruction Access                         */
..\..\..\Library\Firmware\CMSIS\core_cm3.h:                                                                                                 ^
..\..\..\Library\Firmware\CMSIS\core_cm3.h: ..\..\..\Library\Firmware\GD32F20x_standard_peripheral\Source\gd32f20x_exti.c: 0 warnings, 1 error
compiling gd32f20x_fmc.c...
..\..\..\Library\Firmware\CMSIS\core_cm3.h(147): error:  #5: cannot open source input file "core_cmInstr.h": No such file or directory
..\..\..\Library\Firmware\CMSIS\core_cm3.h:   #include <core_cmInstr.h>                /* Core Instruction Access                         */
..\..\..\Library\Firmware\CMSIS\core_cm3.h:                                                                                                 ^
..\..\..\Library\Firmware\CMSIS\core_cm3.h: ..\..\..\Library\Firmware\GD32F20x_standard_peripheral\Source\gd32f20x_fmc.c: 0 warnings, 1 error
compiling gd32f20x_fwdgt.c...
..\..\..\Library\Firmware\CMSIS\core_cm3.h(147): error:  #5: cannot open source input file "core_cmInstr.h": No such file or directory
..\..\..\Library\Firmware\CMSIS\core_cm3.h:   #include <core_cmInstr.h>                /* Core Instruction Access                         */
..\..\..\Library\Firmware\CMSIS\core_cm3.h:                                                                                                 ^
..\..\..\Library\Firmware\CMSIS\core_cm3.h: ..\..\..\Library\Firmware\GD32F20x_standard_peripheral\Source\gd32f20x_fwdgt.c: 0 warnings, 1 error
compiling gd32f20x_gpio.c...
..\..\..\Library\Firmware\CMSIS\core_cm3.h(147): error:  #5: cannot open source input file "core_cmInstr.h": No such file or directory
..\..\..\Library\Firmware\CMSIS\core_cm3.h:   #include <core_cmInstr.h>                /* Core Instruction Access                         */
..\..\..\Library\Firmware\CMSIS\core_cm3.h:                                                                                                 ^
..\..\..\Library\Firmware\CMSIS\core_cm3.h: ..\..\..\Library\Firmware\GD32F20x_standard_peripheral\Source\gd32f20x_gpio.c: 0 warnings, 1 error
compiling gd32f20x_hau.c...
..\..\..\Library\Firmware\CMSIS\core_cm3.h(147): error:  #5: cannot open source input file "core_cmInstr.h": No such file or directory
..\..\..\Library\Firmware\CMSIS\core_cm3.h:   #include <core_cmInstr.h>                /* Core Instruction Access                         */
..\..\..\Library\Firmware\CMSIS\core_cm3.h:                                                                                                 ^
..\..\..\Library\Firmware\CMSIS\core_cm3.h: ..\..\..\Library\Firmware\GD32F20x_standard_peripheral\Source\gd32f20x_hau.c: 0 warnings, 1 error
compiling gd32f20x_hau_sha_md5.c...
..\..\..\Library\Firmware\CMSIS\core_cm3.h(147): error:  #5: cannot open source input file "core_cmInstr.h": No such file or directory
..\..\..\Library\Firmware\CMSIS\core_cm3.h:   #include <core_cmInstr.h>                /* Core Instruction Access                         */
..\..\..\Library\Firmware\CMSIS\core_cm3.h:                                                                                                 ^
..\..\..\Library\Firmware\CMSIS\core_cm3.h: ..\..\..\Library\Firmware\GD32F20x_standard_peripheral\Source\gd32f20x_hau_sha_md5.c: 0 warnings, 1 error
compiling gd32f20x_i2c.c...
..\..\..\Library\Firmware\CMSIS\core_cm3.h(147): error:  #5: cannot open source input file "core_cmInstr.h": No such file or directory
..\..\..\Library\Firmware\CMSIS\core_cm3.h:   #include <core_cmInstr.h>                /* Core Instruction Access                         */
..\..\..\Library\Firmware\CMSIS\core_cm3.h:                                                                                                 ^
..\..\..\Library\Firmware\CMSIS\core_cm3.h: ..\..\..\Library\Firmware\GD32F20x_standard_peripheral\Source\gd32f20x_i2c.c: 0 warnings, 1 error
compiling gd32f20x_misc.c...
..\..\..\Library\Firmware\CMSIS\core_cm3.h(147): error:  #5: cannot open source input file "core_cmInstr.h": No such file or directory
..\..\..\Library\Firmware\CMSIS\core_cm3.h:   #include <core_cmInstr.h>                /* Core Instruction Access                         */
..\..\..\Library\Firmware\CMSIS\core_cm3.h:                                                                                                 ^
..\..\..\Library\Firmware\CMSIS\core_cm3.h: ..\..\..\Library\Firmware\GD32F20x_standard_peripheral\Source\gd32f20x_misc.c: 0 warnings, 1 error
compiling gd32f20x_pmu.c...
..\..\..\Library\Firmware\CMSIS\core_cm3.h(147): error:  #5: cannot open source input file "core_cmInstr.h": No such file or directory
..\..\..\Library\Firmware\CMSIS\core_cm3.h:   #include <core_cmInstr.h>                /* Core Instruction Access                         */
..\..\..\Library\Firmware\CMSIS\core_cm3.h:                                                                                                 ^
..\..\..\Library\Firmware\CMSIS\core_cm3.h: ..\..\..\Library\Firmware\GD32F20x_standard_peripheral\Source\gd32f20x_pmu.c: 0 warnings, 1 error
compiling gd32f20x_rcu.c...
..\..\..\Library\Firmware\CMSIS\core_cm3.h(147): error:  #5: cannot open source input file "core_cmInstr.h": No such file or directory
..\..\..\Library\Firmware\CMSIS\core_cm3.h:   #include <core_cmInstr.h>                /* Core Instruction Access                         */
..\..\..\Library\Firmware\CMSIS\core_cm3.h:                                                                                                 ^
..\..\..\Library\Firmware\CMSIS\core_cm3.h: ..\..\..\Library\Firmware\GD32F20x_standard_peripheral\Source\gd32f20x_rcu.c: 0 warnings, 1 error
compiling gd32f20x_rtc.c...
..\..\..\Library\Firmware\CMSIS\core_cm3.h(147): error:  #5: cannot open source input file "core_cmInstr.h": No such file or directory
..\..\..\Library\Firmware\CMSIS\core_cm3.h:   #include <core_cmInstr.h>                /* Core Instruction Access                         */
..\..\..\Library\Firmware\CMSIS\core_cm3.h:                                                                                                 ^
..\..\..\Library\Firmware\CMSIS\core_cm3.h: ..\..\..\Library\Firmware\GD32F20x_standard_peripheral\Source\gd32f20x_rtc.c: 0 warnings, 1 error
compiling gd32f20x_sdio.c...
..\..\..\Library\Firmware\CMSIS\core_cm3.h(147): error:  #5: cannot open source input file "core_cmInstr.h": No such file or directory
..\..\..\Library\Firmware\CMSIS\core_cm3.h:   #include <core_cmInstr.h>                /* Core Instruction Access                         */
..\..\..\Library\Firmware\CMSIS\core_cm3.h:                                                                                                 ^
..\..\..\Library\Firmware\CMSIS\core_cm3.h: ..\..\..\Library\Firmware\GD32F20x_standard_peripheral\Source\gd32f20x_sdio.c: 0 warnings, 1 error
compiling gd32f20x_spi.c...
..\..\..\Library\Firmware\CMSIS\core_cm3.h(147): error:  #5: cannot open source input file "core_cmInstr.h": No such file or directory
..\..\..\Library\Firmware\CMSIS\core_cm3.h:   #include <core_cmInstr.h>                /* Core Instruction Access                         */
..\..\..\Library\Firmware\CMSIS\core_cm3.h:                                                                                                 ^
..\..\..\Library\Firmware\CMSIS\core_cm3.h: ..\..\..\Library\Firmware\GD32F20x_standard_peripheral\Source\gd32f20x_spi.c: 0 warnings, 1 error
compiling gd32f20x_timer.c...
..\..\..\Library\Firmware\CMSIS\core_cm3.h(147): error:  #5: cannot open source input file "core_cmInstr.h": No such file or directory
..\..\..\Library\Firmware\CMSIS\core_cm3.h:   #include <core_cmInstr.h>                /* Core Instruction Access                         */
..\..\..\Library\Firmware\CMSIS\core_cm3.h:                                                                                                 ^
..\..\..\Library\Firmware\CMSIS\core_cm3.h: ..\..\..\Library\Firmware\GD32F20x_standard_peripheral\Source\gd32f20x_timer.c: 0 warnings, 1 error
compiling gd32f20x_tli.c...
..\..\..\Library\Firmware\CMSIS\core_cm3.h(147): error:  #5: cannot open source input file "core_cmInstr.h": No such file or directory
..\..\..\Library\Firmware\CMSIS\core_cm3.h:   #include <core_cmInstr.h>                /* Core Instruction Access                         */
..\..\..\Library\Firmware\CMSIS\core_cm3.h:                                                                                                 ^
..\..\..\Library\Firmware\CMSIS\core_cm3.h: ..\..\..\Library\Firmware\GD32F20x_standard_peripheral\Source\gd32f20x_tli.c: 0 warnings, 1 error
compiling gd32f20x_trng.c...
..\..\..\Library\Firmware\CMSIS\core_cm3.h(147): error:  #5: cannot open source input file "core_cmInstr.h": No such file or directory
..\..\..\Library\Firmware\CMSIS\core_cm3.h:   #include <core_cmInstr.h>                /* Core Instruction Access                         */
..\..\..\Library\Firmware\CMSIS\core_cm3.h:                                                                                                 ^
..\..\..\Library\Firmware\CMSIS\core_cm3.h: ..\..\..\Library\Firmware\GD32F20x_standard_peripheral\Source\gd32f20x_trng.c: 0 warnings, 1 error
compiling gd32f20x_usart.c...
..\..\..\Library\Firmware\CMSIS\core_cm3.h(147): error:  #5: cannot open source input file "core_cmInstr.h": No such file or directory
..\..\..\Library\Firmware\CMSIS\core_cm3.h:   #include <core_cmInstr.h>                /* Core Instruction Access                         */
..\..\..\Library\Firmware\CMSIS\core_cm3.h:                                                                                                 ^
..\..\..\Library\Firmware\CMSIS\core_cm3.h: ..\..\..\Library\Firmware\GD32F20x_standard_peripheral\Source\gd32f20x_usart.c: 0 warnings, 1 error
compiling gd32f20x_wwdgt.c...
..\..\..\Library\Firmware\CMSIS\core_cm3.h(147): error:  #5: cannot open source input file "core_cmInstr.h": No such file or directory
..\..\..\Library\Firmware\CMSIS\core_cm3.h:   #include <core_cmInstr.h>                /* Core Instruction Access                         */
..\..\..\Library\Firmware\CMSIS\core_cm3.h:                                                                                                 ^
..\..\..\Library\Firmware\CMSIS\core_cm3.h: ..\..\..\Library\Firmware\GD32F20x_standard_peripheral\Source\gd32f20x_wwdgt.c: 0 warnings, 1 error
compiling gd32f207i_eval.c...
..\..\..\Library\Firmware\CMSIS\core_cm3.h(147): error:  #5: cannot open source input file "core_cmInstr.h": No such file or directory
..\..\..\Library\Firmware\CMSIS\core_cm3.h:   #include <core_cmInstr.h>                /* Core Instruction Access                         */
..\..\..\Library\Firmware\CMSIS\core_cm3.h:                                                                                                 ^
..\..\..\Library\Firmware\CMSIS\core_cm3.h: ..\..\..\Library\Utilities\gd32f207i_eval.c: 0 warnings, 1 error
compiling gd32f207i_sdram_eval.c...
..\..\..\Library\Firmware\CMSIS\core_cm3.h(147): error:  #5: cannot open source input file "core_cmInstr.h": No such file or directory
..\..\..\Library\Firmware\CMSIS\core_cm3.h:   #include <core_cmInstr.h>                /* Core Instruction Access                         */
..\..\..\Library\Firmware\CMSIS\core_cm3.h:                                                                                                 ^
..\..\..\Library\Firmware\CMSIS\core_cm3.h: ..\..\..\Library\Utilities\gd32f207i_sdram_eval.c: 0 warnings, 1 error
compiling dci_ov2640.c...
..\..\..\Library\Firmware\CMSIS\core_cm3.h(147): error:  #5: cannot open source input file "core_cmInstr.h": No such file or directory
..\..\..\Library\Firmware\CMSIS\core_cm3.h:   #include <core_cmInstr.h>                /* Core Instruction Access                         */
..\..\..\Library\Firmware\CMSIS\core_cm3.h:                                                                                                 ^
..\..\..\Library\Firmware\CMSIS\core_cm3.h: ..\Soft_Drive\dci_ov2640.c: 0 warnings, 1 error
compiling picture.c...
compiling sccb.c...
..\..\..\Library\Firmware\CMSIS\core_cm3.h(147): error:  #5: cannot open source input file "core_cmInstr.h": No such file or directory
..\..\..\Library\Firmware\CMSIS\core_cm3.h:   #include <core_cmInstr.h>                /* Core Instruction Access                         */
..\..\..\Library\Firmware\CMSIS\core_cm3.h:                                                                                                 ^
..\..\..\Library\Firmware\CMSIS\core_cm3.h: ..\Soft_Drive\sccb.c: 0 warnings, 1 error
Target not created
Build target 'GD32207I_EVAL'
compiling main.c...
..\..\..\Library\Firmware\CMSIS\core_cm3.h(147): error:  #5: cannot open source input file "core_cmInstr.h": No such file or directory
..\..\..\Library\Firmware\CMSIS\core_cm3.h:   #include <core_cmInstr.h>                /* Core Instruction Access                         */
..\..\..\Library\Firmware\CMSIS\core_cm3.h:                                                                                                 ^
..\..\..\Library\Firmware\CMSIS\core_cm3.h: ..\main.c: 0 warnings, 1 error
compiling gd32f20x_it.c...
..\..\..\Library\Firmware\CMSIS\core_cm3.h(147): error:  #5: cannot open source input file "core_cmInstr.h": No such file or directory
..\..\..\Library\Firmware\CMSIS\core_cm3.h:   #include <core_cmInstr.h>                /* Core Instruction Access                         */
..\..\..\Library\Firmware\CMSIS\core_cm3.h:                                                                                                 ^
..\..\..\Library\Firmware\CMSIS\core_cm3.h: ..\gd32f20x_it.c: 0 warnings, 1 error
compiling systick.c...
..\..\..\Library\Firmware\CMSIS\core_cm3.h(147): error:  #5: cannot open source input file "core_cmInstr.h": No such file or directory
..\..\..\Library\Firmware\CMSIS\core_cm3.h:   #include <core_cmInstr.h>                /* Core Instruction Access                         */
..\..\..\Library\Firmware\CMSIS\core_cm3.h:                                                                                                 ^
..\..\..\Library\Firmware\CMSIS\core_cm3.h: ..\systick.c: 0 warnings, 1 error
compiling system_gd32f20x.c...
..\..\..\Library\Firmware\CMSIS\core_cm3.h(147): error:  #5: cannot open source input file "core_cmInstr.h": No such file or directory
..\..\..\Library\Firmware\CMSIS\core_cm3.h:   #include <core_cmInstr.h>                /* Core Instruction Access                         */
..\..\..\Library\Firmware\CMSIS\core_cm3.h:                                                                                                 ^
..\..\..\Library\Firmware\CMSIS\core_cm3.h: ..\..\..\Library\Firmware\CMSIS\GD\GD32F20x\Source\system_gd32f20x.c: 0 warnings, 1 error
compiling gd32f20x_adc.c...
..\..\..\Library\Firmware\CMSIS\core_cm3.h(147): error:  #5: cannot open source input file "core_cmInstr.h": No such file or directory
..\..\..\Library\Firmware\CMSIS\core_cm3.h:   #include <core_cmInstr.h>                /* Core Instruction Access                         */
..\..\..\Library\Firmware\CMSIS\core_cm3.h:                                                                                                 ^
..\..\..\Library\Firmware\CMSIS\core_cm3.h: ..\..\..\Library\Firmware\GD32F20x_standard_peripheral\Source\gd32f20x_adc.c: 0 warnings, 1 error
compiling gd32f20x_bkp.c...
..\..\..\Library\Firmware\CMSIS\core_cm3.h(147): error:  #5: cannot open source input file "core_cmInstr.h": No such file or directory
..\..\..\Library\Firmware\CMSIS\core_cm3.h:   #include <core_cmInstr.h>                /* Core Instruction Access                         */
..\..\..\Library\Firmware\CMSIS\core_cm3.h:                                                                                                 ^
..\..\..\Library\Firmware\CMSIS\core_cm3.h: ..\..\..\Library\Firmware\GD32F20x_standard_peripheral\Source\gd32f20x_bkp.c: 0 warnings, 1 error
compiling gd32f20x_can.c...
..\..\..\Library\Firmware\CMSIS\core_cm3.h(147): error:  #5: cannot open source input file "core_cmInstr.h": No such file or directory
..\..\..\Library\Firmware\CMSIS\core_cm3.h:   #include <core_cmInstr.h>                /* Core Instruction Access                         */
..\..\..\Library\Firmware\CMSIS\core_cm3.h:                                                                                                 ^
..\..\..\Library\Firmware\CMSIS\core_cm3.h: ..\..\..\Library\Firmware\GD32F20x_standard_peripheral\Source\gd32f20x_can.c: 0 warnings, 1 error
compiling gd32f20x_cau.c...
..\..\..\Library\Firmware\CMSIS\core_cm3.h(147): error:  #5: cannot open source input file "core_cmInstr.h": No such file or directory
..\..\..\Library\Firmware\CMSIS\core_cm3.h:   #include <core_cmInstr.h>                /* Core Instruction Access                         */
..\..\..\Library\Firmware\CMSIS\core_cm3.h:                                                                                                 ^
..\..\..\Library\Firmware\CMSIS\core_cm3.h: ..\..\..\Library\Firmware\GD32F20x_standard_peripheral\Source\gd32f20x_cau.c: 0 warnings, 1 error
compiling gd32f20x_cau_aes.c...
..\..\..\Library\Firmware\CMSIS\core_cm3.h(147): error:  #5: cannot open source input file "core_cmInstr.h": No such file or directory
..\..\..\Library\Firmware\CMSIS\core_cm3.h:   #include <core_cmInstr.h>                /* Core Instruction Access                         */
..\..\..\Library\Firmware\CMSIS\core_cm3.h:                                                                                                 ^
..\..\..\Library\Firmware\CMSIS\core_cm3.h: ..\..\..\Library\Firmware\GD32F20x_standard_peripheral\Source\gd32f20x_cau_aes.c: 0 warnings, 1 error
compiling gd32f20x_cau_des.c...
..\..\..\Library\Firmware\CMSIS\core_cm3.h(147): error:  #5: cannot open source input file "core_cmInstr.h": No such file or directory
..\..\..\Library\Firmware\CMSIS\core_cm3.h:   #include <core_cmInstr.h>                /* Core Instruction Access                         */
..\..\..\Library\Firmware\CMSIS\core_cm3.h:                                                                                                 ^
..\..\..\Library\Firmware\CMSIS\core_cm3.h: ..\..\..\Library\Firmware\GD32F20x_standard_peripheral\Source\gd32f20x_cau_des.c: 0 warnings, 1 error
compiling gd32f20x_cau_tdes.c...
..\..\..\Library\Firmware\CMSIS\core_cm3.h(147): error:  #5: cannot open source input file "core_cmInstr.h": No such file or directory
..\..\..\Library\Firmware\CMSIS\core_cm3.h:   #include <core_cmInstr.h>                /* Core Instruction Access                         */
..\..\..\Library\Firmware\CMSIS\core_cm3.h:                                                                                                 ^
..\..\..\Library\Firmware\CMSIS\core_cm3.h: ..\..\..\Library\Firmware\GD32F20x_standard_peripheral\Source\gd32f20x_cau_tdes.c: 0 warnings, 1 error
compiling gd32f20x_crc.c...
..\..\..\Library\Firmware\CMSIS\core_cm3.h(147): error:  #5: cannot open source input file "core_cmInstr.h": No such file or directory
..\..\..\Library\Firmware\CMSIS\core_cm3.h:   #include <core_cmInstr.h>                /* Core Instruction Access                         */
..\..\..\Library\Firmware\CMSIS\core_cm3.h:                                                                                                 ^
..\..\..\Library\Firmware\CMSIS\core_cm3.h: ..\..\..\Library\Firmware\GD32F20x_standard_peripheral\Source\gd32f20x_crc.c: 0 warnings, 1 error
compiling gd32f20x_dac.c...
..\..\..\Library\Firmware\CMSIS\core_cm3.h(147): error:  #5: cannot open source input file "core_cmInstr.h": No such file or directory
..\..\..\Library\Firmware\CMSIS\core_cm3.h:   #include <core_cmInstr.h>                /* Core Instruction Access                         */
..\..\..\Library\Firmware\CMSIS\core_cm3.h:                                                                                                 ^
..\..\..\Library\Firmware\CMSIS\core_cm3.h: ..\..\..\Library\Firmware\GD32F20x_standard_peripheral\Source\gd32f20x_dac.c: 0 warnings, 1 error
compiling gd32f20x_dbg.c...
..\..\..\Library\Firmware\CMSIS\core_cm3.h(147): error:  #5: cannot open source input file "core_cmInstr.h": No such file or directory
..\..\..\Library\Firmware\CMSIS\core_cm3.h:   #include <core_cmInstr.h>                /* Core Instruction Access                         */
..\..\..\Library\Firmware\CMSIS\core_cm3.h:                                                                                                 ^
..\..\..\Library\Firmware\CMSIS\core_cm3.h: ..\..\..\Library\Firmware\GD32F20x_standard_peripheral\Source\gd32f20x_dbg.c: 0 warnings, 1 error
compiling gd32f20x_dci.c...
..\..\..\Library\Firmware\CMSIS\core_cm3.h(147): error:  #5: cannot open source input file "core_cmInstr.h": No such file or directory
..\..\..\Library\Firmware\CMSIS\core_cm3.h:   #include <core_cmInstr.h>                /* Core Instruction Access                         */
..\..\..\Library\Firmware\CMSIS\core_cm3.h:                                                                                                 ^
..\..\..\Library\Firmware\CMSIS\core_cm3.h: ..\..\..\Library\Firmware\GD32F20x_standard_peripheral\Source\gd32f20x_dci.c: 0 warnings, 1 error
compiling gd32f20x_dma.c...
..\..\..\Library\Firmware\CMSIS\core_cm3.h(147): error:  #5: cannot open source input file "core_cmInstr.h": No such file or directory
..\..\..\Library\Firmware\CMSIS\core_cm3.h:   #include <core_cmInstr.h>                /* Core Instruction Access                         */
..\..\..\Library\Firmware\CMSIS\core_cm3.h:                                                                                                 ^
..\..\..\Library\Firmware\CMSIS\core_cm3.h: ..\..\..\Library\Firmware\GD32F20x_standard_peripheral\Source\gd32f20x_dma.c: 0 warnings, 1 error
compiling gd32f20x_enet.c...
..\..\..\Library\Firmware\CMSIS\core_cm3.h(147): error:  #5: cannot open source input file "core_cmInstr.h": No such file or directory
..\..\..\Library\Firmware\CMSIS\core_cm3.h:   #include <core_cmInstr.h>                /* Core Instruction Access                         */
..\..\..\Library\Firmware\CMSIS\core_cm3.h:                                                                                                 ^
..\..\..\Library\Firmware\CMSIS\core_cm3.h: ..\..\..\Library\Firmware\GD32F20x_standard_peripheral\Source\gd32f20x_enet.c: 0 warnings, 1 error
compiling gd32f20x_exmc.c...
..\..\..\Library\Firmware\CMSIS\core_cm3.h(147): error:  #5: cannot open source input file "core_cmInstr.h": No such file or directory
..\..\..\Library\Firmware\CMSIS\core_cm3.h:   #include <core_cmInstr.h>                /* Core Instruction Access                         */
..\..\..\Library\Firmware\CMSIS\core_cm3.h:                                                                                                 ^
..\..\..\Library\Firmware\CMSIS\core_cm3.h: ..\..\..\Library\Firmware\GD32F20x_standard_peripheral\Source\gd32f20x_exmc.c: 0 warnings, 1 error
compiling gd32f20x_exti.c...
..\..\..\Library\Firmware\CMSIS\core_cm3.h(147): error:  #5: cannot open source input file "core_cmInstr.h": No such file or directory
..\..\..\Library\Firmware\CMSIS\core_cm3.h:   #include <core_cmInstr.h>                /* Core Instruction Access                         */
..\..\..\Library\Firmware\CMSIS\core_cm3.h:                                                                                                 ^
..\..\..\Library\Firmware\CMSIS\core_cm3.h: ..\..\..\Library\Firmware\GD32F20x_standard_peripheral\Source\gd32f20x_exti.c: 0 warnings, 1 error
compiling gd32f20x_fmc.c...
..\..\..\Library\Firmware\CMSIS\core_cm3.h(147): error:  #5: cannot open source input file "core_cmInstr.h": No such file or directory
..\..\..\Library\Firmware\CMSIS\core_cm3.h:   #include <core_cmInstr.h>                /* Core Instruction Access                         */
..\..\..\Library\Firmware\CMSIS\core_cm3.h:                                                                                                 ^
..\..\..\Library\Firmware\CMSIS\core_cm3.h: ..\..\..\Library\Firmware\GD32F20x_standard_peripheral\Source\gd32f20x_fmc.c: 0 warnings, 1 error
compiling gd32f20x_fwdgt.c...
..\..\..\Library\Firmware\CMSIS\core_cm3.h(147): error:  #5: cannot open source input file "core_cmInstr.h": No such file or directory
..\..\..\Library\Firmware\CMSIS\core_cm3.h:   #include <core_cmInstr.h>                /* Core Instruction Access                         */
..\..\..\Library\Firmware\CMSIS\core_cm3.h:                                                                                                 ^
..\..\..\Library\Firmware\CMSIS\core_cm3.h: ..\..\..\Library\Firmware\GD32F20x_standard_peripheral\Source\gd32f20x_fwdgt.c: 0 warnings, 1 error
compiling gd32f20x_gpio.c...
..\..\..\Library\Firmware\CMSIS\core_cm3.h(147): error:  #5: cannot open source input file "core_cmInstr.h": No such file or directory
..\..\..\Library\Firmware\CMSIS\core_cm3.h:   #include <core_cmInstr.h>                /* Core Instruction Access                         */
..\..\..\Library\Firmware\CMSIS\core_cm3.h:                                                                                                 ^
..\..\..\Library\Firmware\CMSIS\core_cm3.h: ..\..\..\Library\Firmware\GD32F20x_standard_peripheral\Source\gd32f20x_gpio.c: 0 warnings, 1 error
compiling gd32f20x_hau.c...
..\..\..\Library\Firmware\CMSIS\core_cm3.h(147): error:  #5: cannot open source input file "core_cmInstr.h": No such file or directory
..\..\..\Library\Firmware\CMSIS\core_cm3.h:   #include <core_cmInstr.h>                /* Core Instruction Access                         */
..\..\..\Library\Firmware\CMSIS\core_cm3.h:                                                                                                 ^
..\..\..\Library\Firmware\CMSIS\core_cm3.h: ..\..\..\Library\Firmware\GD32F20x_standard_peripheral\Source\gd32f20x_hau.c: 0 warnings, 1 error
compiling gd32f20x_hau_sha_md5.c...
..\..\..\Library\Firmware\CMSIS\core_cm3.h(147): error:  #5: cannot open source input file "core_cmInstr.h": No such file or directory
..\..\..\Library\Firmware\CMSIS\core_cm3.h:   #include <core_cmInstr.h>                /* Core Instruction Access                         */
..\..\..\Library\Firmware\CMSIS\core_cm3.h:                                                                                                 ^
..\..\..\Library\Firmware\CMSIS\core_cm3.h: ..\..\..\Library\Firmware\GD32F20x_standard_peripheral\Source\gd32f20x_hau_sha_md5.c: 0 warnings, 1 error
compiling gd32f20x_i2c.c...
..\..\..\Library\Firmware\CMSIS\core_cm3.h(147): error:  #5: cannot open source input file "core_cmInstr.h": No such file or directory
..\..\..\Library\Firmware\CMSIS\core_cm3.h:   #include <core_cmInstr.h>                /* Core Instruction Access                         */
..\..\..\Library\Firmware\CMSIS\core_cm3.h:                                                                                                 ^
..\..\..\Library\Firmware\CMSIS\core_cm3.h: ..\..\..\Library\Firmware\GD32F20x_standard_peripheral\Source\gd32f20x_i2c.c: 0 warnings, 1 error
compiling gd32f20x_misc.c...
..\..\..\Library\Firmware\CMSIS\core_cm3.h(147): error:  #5: cannot open source input file "core_cmInstr.h": No such file or directory
..\..\..\Library\Firmware\CMSIS\core_cm3.h:   #include <core_cmInstr.h>                /* Core Instruction Access                         */
..\..\..\Library\Firmware\CMSIS\core_cm3.h:                                                                                                 ^
..\..\..\Library\Firmware\CMSIS\core_cm3.h: ..\..\..\Library\Firmware\GD32F20x_standard_peripheral\Source\gd32f20x_misc.c: 0 warnings, 1 error
compiling gd32f20x_pmu.c...
..\..\..\Library\Firmware\CMSIS\core_cm3.h(147): error:  #5: cannot open source input file "core_cmInstr.h": No such file or directory
..\..\..\Library\Firmware\CMSIS\core_cm3.h:   #include <core_cmInstr.h>                /* Core Instruction Access                         */
..\..\..\Library\Firmware\CMSIS\core_cm3.h:                                                                                                 ^
..\..\..\Library\Firmware\CMSIS\core_cm3.h: ..\..\..\Library\Firmware\GD32F20x_standard_peripheral\Source\gd32f20x_pmu.c: 0 warnings, 1 error
compiling gd32f20x_rcu.c...
..\..\..\Library\Firmware\CMSIS\core_cm3.h(147): error:  #5: cannot open source input file "core_cmInstr.h": No such file or directory
..\..\..\Library\Firmware\CMSIS\core_cm3.h:   #include <core_cmInstr.h>                /* Core Instruction Access                         */
..\..\..\Library\Firmware\CMSIS\core_cm3.h:                                                                                                 ^
..\..\..\Library\Firmware\CMSIS\core_cm3.h: ..\..\..\Library\Firmware\GD32F20x_standard_peripheral\Source\gd32f20x_rcu.c: 0 warnings, 1 error
compiling gd32f20x_rtc.c...
..\..\..\Library\Firmware\CMSIS\core_cm3.h(147): error:  #5: cannot open source input file "core_cmInstr.h": No such file or directory
..\..\..\Library\Firmware\CMSIS\core_cm3.h:   #include <core_cmInstr.h>                /* Core Instruction Access                         */
..\..\..\Library\Firmware\CMSIS\core_cm3.h:                                                                                                 ^
..\..\..\Library\Firmware\CMSIS\core_cm3.h: ..\..\..\Library\Firmware\GD32F20x_standard_peripheral\Source\gd32f20x_rtc.c: 0 warnings, 1 error
compiling gd32f20x_sdio.c...
..\..\..\Library\Firmware\CMSIS\core_cm3.h(147): error:  #5: cannot open source input file "core_cmInstr.h": No such file or directory
..\..\..\Library\Firmware\CMSIS\core_cm3.h:   #include <core_cmInstr.h>                /* Core Instruction Access                         */
..\..\..\Library\Firmware\CMSIS\core_cm3.h:                                                                                                 ^
..\..\..\Library\Firmware\CMSIS\core_cm3.h: ..\..\..\Library\Firmware\GD32F20x_standard_peripheral\Source\gd32f20x_sdio.c: 0 warnings, 1 error
compiling gd32f20x_spi.c...
..\..\..\Library\Firmware\CMSIS\core_cm3.h(147): error:  #5: cannot open source input file "core_cmInstr.h": No such file or directory
..\..\..\Library\Firmware\CMSIS\core_cm3.h:   #include <core_cmInstr.h>                /* Core Instruction Access                         */
..\..\..\Library\Firmware\CMSIS\core_cm3.h:                                                                                                 ^
..\..\..\Library\Firmware\CMSIS\core_cm3.h: ..\..\..\Library\Firmware\GD32F20x_standard_peripheral\Source\gd32f20x_spi.c: 0 warnings, 1 error
compiling gd32f20x_timer.c...
..\..\..\Library\Firmware\CMSIS\core_cm3.h(147): error:  #5: cannot open source input file "core_cmInstr.h": No such file or directory
..\..\..\Library\Firmware\CMSIS\core_cm3.h:   #include <core_cmInstr.h>                /* Core Instruction Access                         */
..\..\..\Library\Firmware\CMSIS\core_cm3.h:                                                                                                 ^
..\..\..\Library\Firmware\CMSIS\core_cm3.h: ..\..\..\Library\Firmware\GD32F20x_standard_peripheral\Source\gd32f20x_timer.c: 0 warnings, 1 error
compiling gd32f20x_tli.c...
..\..\..\Library\Firmware\CMSIS\core_cm3.h(147): error:  #5: cannot open source input file "core_cmInstr.h": No such file or directory
..\..\..\Library\Firmware\CMSIS\core_cm3.h:   #include <core_cmInstr.h>                /* Core Instruction Access                         */
..\..\..\Library\Firmware\CMSIS\core_cm3.h:                                                                                                 ^
..\..\..\Library\Firmware\CMSIS\core_cm3.h: ..\..\..\Library\Firmware\GD32F20x_standard_peripheral\Source\gd32f20x_tli.c: 0 warnings, 1 error
compiling gd32f20x_trng.c...
..\..\..\Library\Firmware\CMSIS\core_cm3.h(147): error:  #5: cannot open source input file "core_cmInstr.h": No such file or directory
..\..\..\Library\Firmware\CMSIS\core_cm3.h:   #include <core_cmInstr.h>                /* Core Instruction Access                         */
..\..\..\Library\Firmware\CMSIS\core_cm3.h:                                                                                                 ^
..\..\..\Library\Firmware\CMSIS\core_cm3.h: ..\..\..\Library\Firmware\GD32F20x_standard_peripheral\Source\gd32f20x_trng.c: 0 warnings, 1 error
compiling gd32f20x_usart.c...
..\..\..\Library\Firmware\CMSIS\core_cm3.h(147): error:  #5: cannot open source input file "core_cmInstr.h": No such file or directory
..\..\..\Library\Firmware\CMSIS\core_cm3.h:   #include <core_cmInstr.h>                /* Core Instruction Access                         */
..\..\..\Library\Firmware\CMSIS\core_cm3.h:                                                                                                 ^
..\..\..\Library\Firmware\CMSIS\core_cm3.h: ..\..\..\Library\Firmware\GD32F20x_standard_peripheral\Source\gd32f20x_usart.c: 0 warnings, 1 error
compiling gd32f20x_wwdgt.c...
..\..\..\Library\Firmware\CMSIS\core_cm3.h(147): error:  #5: cannot open source input file "core_cmInstr.h": No such file or directory
..\..\..\Library\Firmware\CMSIS\core_cm3.h:   #include <core_cmInstr.h>                /* Core Instruction Access                         */
..\..\..\Library\Firmware\CMSIS\core_cm3.h:                                                                                                 ^
..\..\..\Library\Firmware\CMSIS\core_cm3.h: ..\..\..\Library\Firmware\GD32F20x_standard_peripheral\Source\gd32f20x_wwdgt.c: 0 warnings, 1 error
compiling gd32f207i_eval.c...
..\..\..\Library\Firmware\CMSIS\core_cm3.h(147): error:  #5: cannot open source input file "core_cmInstr.h": No such file or directory
..\..\..\Library\Firmware\CMSIS\core_cm3.h:   #include <core_cmInstr.h>                /* Core Instruction Access                         */
..\..\..\Library\Firmware\CMSIS\core_cm3.h:                                                                                                 ^
..\..\..\Library\Firmware\CMSIS\core_cm3.h: ..\..\..\Library\Utilities\gd32f207i_eval.c: 0 warnings, 1 error
compiling gd32f207i_sdram_eval.c...
..\..\..\Library\Firmware\CMSIS\core_cm3.h(147): error:  #5: cannot open source input file "core_cmInstr.h": No such file or directory
..\..\..\Library\Firmware\CMSIS\core_cm3.h:   #include <core_cmInstr.h>                /* Core Instruction Access                         */
..\..\..\Library\Firmware\CMSIS\core_cm3.h:                                                                                                 ^
..\..\..\Library\Firmware\CMSIS\core_cm3.h: ..\..\..\Library\Utilities\gd32f207i_sdram_eval.c: 0 warnings, 1 error
compiling dci_ov2640.c...
..\..\..\Library\Firmware\CMSIS\core_cm3.h(147): error:  #5: cannot open source input file "core_cmInstr.h": No such file or directory
..\..\..\Library\Firmware\CMSIS\core_cm3.h:   #include <core_cmInstr.h>                /* Core Instruction Access                         */
..\..\..\Library\Firmware\CMSIS\core_cm3.h:                                                                                                 ^
..\..\..\Library\Firmware\CMSIS\core_cm3.h: ..\Soft_Drive\dci_ov2640.c: 0 warnings, 1 error
compiling picture.c...
compiling sccb.c...
..\..\..\Library\Firmware\CMSIS\core_cm3.h(147): error:  #5: cannot open source input file "core_cmInstr.h": No such file or directory
..\..\..\Library\Firmware\CMSIS\core_cm3.h:   #include <core_cmInstr.h>                /* Core Instruction Access                         */
..\..\..\Library\Firmware\CMSIS\core_cm3.h:                                                                                                 ^
..\..\..\Library\Firmware\CMSIS\core_cm3.h: ..\Soft_Drive\sccb.c: 0 warnings, 1 error
Target not created
Build target 'GD32207I_EVAL'
compiling main.c...
..\..\..\Library\Firmware\CMSIS\core_cm3.h(148): error:  #5: cannot open source input file "core_cmFunc.h": No such file or directory
..\..\..\Library\Firmware\CMSIS\core_cm3.h:   #include <core_cmFunc.h>                 /* Core Function Access                            */
..\..\..\Library\Firmware\CMSIS\core_cm3.h:                                                                                                 ^
..\..\..\Library\Firmware\CMSIS\core_cm3.h: ..\main.c: 0 warnings, 1 error
compiling gd32f20x_it.c...
..\..\..\Library\Firmware\CMSIS\core_cm3.h(148): error:  #5: cannot open source input file "core_cmFunc.h": No such file or directory
..\..\..\Library\Firmware\CMSIS\core_cm3.h:   #include <core_cmFunc.h>                 /* Core Function Access                            */
..\..\..\Library\Firmware\CMSIS\core_cm3.h:                                                                                                 ^
..\..\..\Library\Firmware\CMSIS\core_cm3.h: ..\gd32f20x_it.c: 0 warnings, 1 error
compiling systick.c...
..\..\..\Library\Firmware\CMSIS\core_cm3.h(148): error:  #5: cannot open source input file "core_cmFunc.h": No such file or directory
..\..\..\Library\Firmware\CMSIS\core_cm3.h:   #include <core_cmFunc.h>                 /* Core Function Access                            */
..\..\..\Library\Firmware\CMSIS\core_cm3.h:                                                                                                 ^
..\..\..\Library\Firmware\CMSIS\core_cm3.h: ..\systick.c: 0 warnings, 1 error
compiling system_gd32f20x.c...
..\..\..\Library\Firmware\CMSIS\core_cm3.h(148): error:  #5: cannot open source input file "core_cmFunc.h": No such file or directory
..\..\..\Library\Firmware\CMSIS\core_cm3.h:   #include <core_cmFunc.h>                 /* Core Function Access                            */
..\..\..\Library\Firmware\CMSIS\core_cm3.h:                                                                                                 ^
..\..\..\Library\Firmware\CMSIS\core_cm3.h: ..\..\..\Library\Firmware\CMSIS\GD\GD32F20x\Source\system_gd32f20x.c: 0 warnings, 1 error
compiling gd32f20x_adc.c...
..\..\..\Library\Firmware\CMSIS\core_cm3.h(148): error:  #5: cannot open source input file "core_cmFunc.h": No such file or directory
..\..\..\Library\Firmware\CMSIS\core_cm3.h:   #include <core_cmFunc.h>                 /* Core Function Access                            */
..\..\..\Library\Firmware\CMSIS\core_cm3.h:                                                                                                 ^
..\..\..\Library\Firmware\CMSIS\core_cm3.h: ..\..\..\Library\Firmware\GD32F20x_standard_peripheral\Source\gd32f20x_adc.c: 0 warnings, 1 error
compiling gd32f20x_bkp.c...
..\..\..\Library\Firmware\CMSIS\core_cm3.h(148): error:  #5: cannot open source input file "core_cmFunc.h": No such file or directory
..\..\..\Library\Firmware\CMSIS\core_cm3.h:   #include <core_cmFunc.h>                 /* Core Function Access                            */
..\..\..\Library\Firmware\CMSIS\core_cm3.h:                                                                                                 ^
..\..\..\Library\Firmware\CMSIS\core_cm3.h: ..\..\..\Library\Firmware\GD32F20x_standard_peripheral\Source\gd32f20x_bkp.c: 0 warnings, 1 error
compiling gd32f20x_can.c...
..\..\..\Library\Firmware\CMSIS\core_cm3.h(148): error:  #5: cannot open source input file "core_cmFunc.h": No such file or directory
..\..\..\Library\Firmware\CMSIS\core_cm3.h:   #include <core_cmFunc.h>                 /* Core Function Access                            */
..\..\..\Library\Firmware\CMSIS\core_cm3.h:                                                                                                 ^
..\..\..\Library\Firmware\CMSIS\core_cm3.h: ..\..\..\Library\Firmware\GD32F20x_standard_peripheral\Source\gd32f20x_can.c: 0 warnings, 1 error
compiling gd32f20x_cau.c...
..\..\..\Library\Firmware\CMSIS\core_cm3.h(148): error:  #5: cannot open source input file "core_cmFunc.h": No such file or directory
..\..\..\Library\Firmware\CMSIS\core_cm3.h:   #include <core_cmFunc.h>                 /* Core Function Access                            */
..\..\..\Library\Firmware\CMSIS\core_cm3.h:                                                                                                 ^
..\..\..\Library\Firmware\CMSIS\core_cm3.h: ..\..\..\Library\Firmware\GD32F20x_standard_peripheral\Source\gd32f20x_cau.c: 0 warnings, 1 error
compiling gd32f20x_cau_aes.c...
..\..\..\Library\Firmware\CMSIS\core_cm3.h(148): error:  #5: cannot open source input file "core_cmFunc.h": No such file or directory
..\..\..\Library\Firmware\CMSIS\core_cm3.h:   #include <core_cmFunc.h>                 /* Core Function Access                            */
..\..\..\Library\Firmware\CMSIS\core_cm3.h:                                                                                                 ^
..\..\..\Library\Firmware\CMSIS\core_cm3.h: ..\..\..\Library\Firmware\GD32F20x_standard_peripheral\Source\gd32f20x_cau_aes.c: 0 warnings, 1 error
compiling gd32f20x_cau_des.c...
..\..\..\Library\Firmware\CMSIS\core_cm3.h(148): error:  #5: cannot open source input file "core_cmFunc.h": No such file or directory
..\..\..\Library\Firmware\CMSIS\core_cm3.h:   #include <core_cmFunc.h>                 /* Core Function Access                            */
..\..\..\Library\Firmware\CMSIS\core_cm3.h:                                                                                                 ^
..\..\..\Library\Firmware\CMSIS\core_cm3.h: ..\..\..\Library\Firmware\GD32F20x_standard_peripheral\Source\gd32f20x_cau_des.c: 0 warnings, 1 error
compiling gd32f20x_cau_tdes.c...
..\..\..\Library\Firmware\CMSIS\core_cm3.h(148): error:  #5: cannot open source input file "core_cmFunc.h": No such file or directory
..\..\..\Library\Firmware\CMSIS\core_cm3.h:   #include <core_cmFunc.h>                 /* Core Function Access                            */
..\..\..\Library\Firmware\CMSIS\core_cm3.h:                                                                                                 ^
..\..\..\Library\Firmware\CMSIS\core_cm3.h: ..\..\..\Library\Firmware\GD32F20x_standard_peripheral\Source\gd32f20x_cau_tdes.c: 0 warnings, 1 error
compiling gd32f20x_crc.c...
..\..\..\Library\Firmware\CMSIS\core_cm3.h(148): error:  #5: cannot open source input file "core_cmFunc.h": No such file or directory
..\..\..\Library\Firmware\CMSIS\core_cm3.h:   #include <core_cmFunc.h>                 /* Core Function Access                            */
..\..\..\Library\Firmware\CMSIS\core_cm3.h:                                                                                                 ^
..\..\..\Library\Firmware\CMSIS\core_cm3.h: ..\..\..\Library\Firmware\GD32F20x_standard_peripheral\Source\gd32f20x_crc.c: 0 warnings, 1 error
compiling gd32f20x_dac.c...
..\..\..\Library\Firmware\CMSIS\core_cm3.h(148): error:  #5: cannot open source input file "core_cmFunc.h": No such file or directory
..\..\..\Library\Firmware\CMSIS\core_cm3.h:   #include <core_cmFunc.h>                 /* Core Function Access                            */
..\..\..\Library\Firmware\CMSIS\core_cm3.h:                                                                                                 ^
..\..\..\Library\Firmware\CMSIS\core_cm3.h: ..\..\..\Library\Firmware\GD32F20x_standard_peripheral\Source\gd32f20x_dac.c: 0 warnings, 1 error
compiling gd32f20x_dbg.c...
..\..\..\Library\Firmware\CMSIS\core_cm3.h(148): error:  #5: cannot open source input file "core_cmFunc.h": No such file or directory
..\..\..\Library\Firmware\CMSIS\core_cm3.h:   #include <core_cmFunc.h>                 /* Core Function Access                            */
..\..\..\Library\Firmware\CMSIS\core_cm3.h:                                                                                                 ^
..\..\..\Library\Firmware\CMSIS\core_cm3.h: ..\..\..\Library\Firmware\GD32F20x_standard_peripheral\Source\gd32f20x_dbg.c: 0 warnings, 1 error
compiling gd32f20x_dci.c...
..\..\..\Library\Firmware\CMSIS\core_cm3.h(148): error:  #5: cannot open source input file "core_cmFunc.h": No such file or directory
..\..\..\Library\Firmware\CMSIS\core_cm3.h:   #include <core_cmFunc.h>                 /* Core Function Access                            */
..\..\..\Library\Firmware\CMSIS\core_cm3.h:                                                                                                 ^
..\..\..\Library\Firmware\CMSIS\core_cm3.h: ..\..\..\Library\Firmware\GD32F20x_standard_peripheral\Source\gd32f20x_dci.c: 0 warnings, 1 error
compiling gd32f20x_dma.c...
..\..\..\Library\Firmware\CMSIS\core_cm3.h(148): error:  #5: cannot open source input file "core_cmFunc.h": No such file or directory
..\..\..\Library\Firmware\CMSIS\core_cm3.h:   #include <core_cmFunc.h>                 /* Core Function Access                            */
..\..\..\Library\Firmware\CMSIS\core_cm3.h:                                                                                                 ^
..\..\..\Library\Firmware\CMSIS\core_cm3.h: ..\..\..\Library\Firmware\GD32F20x_standard_peripheral\Source\gd32f20x_dma.c: 0 warnings, 1 error
compiling gd32f20x_enet.c...
..\..\..\Library\Firmware\CMSIS\core_cm3.h(148): error:  #5: cannot open source input file "core_cmFunc.h": No such file or directory
..\..\..\Library\Firmware\CMSIS\core_cm3.h:   #include <core_cmFunc.h>                 /* Core Function Access                            */
..\..\..\Library\Firmware\CMSIS\core_cm3.h:                                                                                                 ^
..\..\..\Library\Firmware\CMSIS\core_cm3.h: ..\..\..\Library\Firmware\GD32F20x_standard_peripheral\Source\gd32f20x_enet.c: 0 warnings, 1 error
compiling gd32f20x_exmc.c...
..\..\..\Library\Firmware\CMSIS\core_cm3.h(148): error:  #5: cannot open source input file "core_cmFunc.h": No such file or directory
..\..\..\Library\Firmware\CMSIS\core_cm3.h:   #include <core_cmFunc.h>                 /* Core Function Access                            */
..\..\..\Library\Firmware\CMSIS\core_cm3.h:                                                                                                 ^
..\..\..\Library\Firmware\CMSIS\core_cm3.h: ..\..\..\Library\Firmware\GD32F20x_standard_peripheral\Source\gd32f20x_exmc.c: 0 warnings, 1 error
compiling gd32f20x_exti.c...
..\..\..\Library\Firmware\CMSIS\core_cm3.h(148): error:  #5: cannot open source input file "core_cmFunc.h": No such file or directory
..\..\..\Library\Firmware\CMSIS\core_cm3.h:   #include <core_cmFunc.h>                 /* Core Function Access                            */
..\..\..\Library\Firmware\CMSIS\core_cm3.h:                                                                                                 ^
..\..\..\Library\Firmware\CMSIS\core_cm3.h: ..\..\..\Library\Firmware\GD32F20x_standard_peripheral\Source\gd32f20x_exti.c: 0 warnings, 1 error
compiling gd32f20x_fmc.c...
..\..\..\Library\Firmware\CMSIS\core_cm3.h(148): error:  #5: cannot open source input file "core_cmFunc.h": No such file or directory
..\..\..\Library\Firmware\CMSIS\core_cm3.h:   #include <core_cmFunc.h>                 /* Core Function Access                            */
..\..\..\Library\Firmware\CMSIS\core_cm3.h:                                                                                                 ^
..\..\..\Library\Firmware\CMSIS\core_cm3.h: ..\..\..\Library\Firmware\GD32F20x_standard_peripheral\Source\gd32f20x_fmc.c: 0 warnings, 1 error
compiling gd32f20x_fwdgt.c...
..\..\..\Library\Firmware\CMSIS\core_cm3.h(148): error:  #5: cannot open source input file "core_cmFunc.h": No such file or directory
..\..\..\Library\Firmware\CMSIS\core_cm3.h:   #include <core_cmFunc.h>                 /* Core Function Access                            */
..\..\..\Library\Firmware\CMSIS\core_cm3.h:                                                                                                 ^
..\..\..\Library\Firmware\CMSIS\core_cm3.h: ..\..\..\Library\Firmware\GD32F20x_standard_peripheral\Source\gd32f20x_fwdgt.c: 0 warnings, 1 error
compiling gd32f20x_gpio.c...
..\..\..\Library\Firmware\CMSIS\core_cm3.h(148): error:  #5: cannot open source input file "core_cmFunc.h": No such file or directory
..\..\..\Library\Firmware\CMSIS\core_cm3.h:   #include <core_cmFunc.h>                 /* Core Function Access                            */
..\..\..\Library\Firmware\CMSIS\core_cm3.h:                                                                                                 ^
..\..\..\Library\Firmware\CMSIS\core_cm3.h: ..\..\..\Library\Firmware\GD32F20x_standard_peripheral\Source\gd32f20x_gpio.c: 0 warnings, 1 error
compiling gd32f20x_hau.c...
..\..\..\Library\Firmware\CMSIS\core_cm3.h(148): error:  #5: cannot open source input file "core_cmFunc.h": No such file or directory
..\..\..\Library\Firmware\CMSIS\core_cm3.h:   #include <core_cmFunc.h>                 /* Core Function Access                            */
..\..\..\Library\Firmware\CMSIS\core_cm3.h:                                                                                                 ^
..\..\..\Library\Firmware\CMSIS\core_cm3.h: ..\..\..\Library\Firmware\GD32F20x_standard_peripheral\Source\gd32f20x_hau.c: 0 warnings, 1 error
compiling gd32f20x_hau_sha_md5.c...
..\..\..\Library\Firmware\CMSIS\core_cm3.h(148): error:  #5: cannot open source input file "core_cmFunc.h": No such file or directory
..\..\..\Library\Firmware\CMSIS\core_cm3.h:   #include <core_cmFunc.h>                 /* Core Function Access                            */
..\..\..\Library\Firmware\CMSIS\core_cm3.h:                                                                                                 ^
..\..\..\Library\Firmware\CMSIS\core_cm3.h: ..\..\..\Library\Firmware\GD32F20x_standard_peripheral\Source\gd32f20x_hau_sha_md5.c: 0 warnings, 1 error
compiling gd32f20x_i2c.c...
..\..\..\Library\Firmware\CMSIS\core_cm3.h(148): error:  #5: cannot open source input file "core_cmFunc.h": No such file or directory
..\..\..\Library\Firmware\CMSIS\core_cm3.h:   #include <core_cmFunc.h>                 /* Core Function Access                            */
..\..\..\Library\Firmware\CMSIS\core_cm3.h:                                                                                                 ^
..\..\..\Library\Firmware\CMSIS\core_cm3.h: ..\..\..\Library\Firmware\GD32F20x_standard_peripheral\Source\gd32f20x_i2c.c: 0 warnings, 1 error
compiling gd32f20x_misc.c...
..\..\..\Library\Firmware\CMSIS\core_cm3.h(148): error:  #5: cannot open source input file "core_cmFunc.h": No such file or directory
..\..\..\Library\Firmware\CMSIS\core_cm3.h:   #include <core_cmFunc.h>                 /* Core Function Access                            */
..\..\..\Library\Firmware\CMSIS\core_cm3.h:                                                                                                 ^
..\..\..\Library\Firmware\CMSIS\core_cm3.h: ..\..\..\Library\Firmware\GD32F20x_standard_peripheral\Source\gd32f20x_misc.c: 0 warnings, 1 error
compiling gd32f20x_pmu.c...
..\..\..\Library\Firmware\CMSIS\core_cm3.h(148): error:  #5: cannot open source input file "core_cmFunc.h": No such file or directory
..\..\..\Library\Firmware\CMSIS\core_cm3.h:   #include <core_cmFunc.h>                 /* Core Function Access                            */
..\..\..\Library\Firmware\CMSIS\core_cm3.h:                                                                                                 ^
..\..\..\Library\Firmware\CMSIS\core_cm3.h: ..\..\..\Library\Firmware\GD32F20x_standard_peripheral\Source\gd32f20x_pmu.c: 0 warnings, 1 error
compiling gd32f20x_rcu.c...
..\..\..\Library\Firmware\CMSIS\core_cm3.h(148): error:  #5: cannot open source input file "core_cmFunc.h": No such file or directory
..\..\..\Library\Firmware\CMSIS\core_cm3.h:   #include <core_cmFunc.h>                 /* Core Function Access                            */
..\..\..\Library\Firmware\CMSIS\core_cm3.h:                                                                                                 ^
..\..\..\Library\Firmware\CMSIS\core_cm3.h: ..\..\..\Library\Firmware\GD32F20x_standard_peripheral\Source\gd32f20x_rcu.c: 0 warnings, 1 error
compiling gd32f20x_rtc.c...
..\..\..\Library\Firmware\CMSIS\core_cm3.h(148): error:  #5: cannot open source input file "core_cmFunc.h": No such file or directory
..\..\..\Library\Firmware\CMSIS\core_cm3.h:   #include <core_cmFunc.h>                 /* Core Function Access                            */
..\..\..\Library\Firmware\CMSIS\core_cm3.h:                                                                                                 ^
..\..\..\Library\Firmware\CMSIS\core_cm3.h: ..\..\..\Library\Firmware\GD32F20x_standard_peripheral\Source\gd32f20x_rtc.c: 0 warnings, 1 error
compiling gd32f20x_sdio.c...
..\..\..\Library\Firmware\CMSIS\core_cm3.h(148): error:  #5: cannot open source input file "core_cmFunc.h": No such file or directory
..\..\..\Library\Firmware\CMSIS\core_cm3.h:   #include <core_cmFunc.h>                 /* Core Function Access                            */
..\..\..\Library\Firmware\CMSIS\core_cm3.h:                                                                                                 ^
..\..\..\Library\Firmware\CMSIS\core_cm3.h: ..\..\..\Library\Firmware\GD32F20x_standard_peripheral\Source\gd32f20x_sdio.c: 0 warnings, 1 error
compiling gd32f20x_spi.c...
..\..\..\Library\Firmware\CMSIS\core_cm3.h(148): error:  #5: cannot open source input file "core_cmFunc.h": No such file or directory
..\..\..\Library\Firmware\CMSIS\core_cm3.h:   #include <core_cmFunc.h>                 /* Core Function Access                            */
..\..\..\Library\Firmware\CMSIS\core_cm3.h:                                                                                                 ^
..\..\..\Library\Firmware\CMSIS\core_cm3.h: ..\..\..\Library\Firmware\GD32F20x_standard_peripheral\Source\gd32f20x_spi.c: 0 warnings, 1 error
compiling gd32f20x_timer.c...
..\..\..\Library\Firmware\CMSIS\core_cm3.h(148): error:  #5: cannot open source input file "core_cmFunc.h": No such file or directory
..\..\..\Library\Firmware\CMSIS\core_cm3.h:   #include <core_cmFunc.h>                 /* Core Function Access                            */
..\..\..\Library\Firmware\CMSIS\core_cm3.h:                                                                                                 ^
..\..\..\Library\Firmware\CMSIS\core_cm3.h: ..\..\..\Library\Firmware\GD32F20x_standard_peripheral\Source\gd32f20x_timer.c: 0 warnings, 1 error
compiling gd32f20x_tli.c...
..\..\..\Library\Firmware\CMSIS\core_cm3.h(148): error:  #5: cannot open source input file "core_cmFunc.h": No such file or directory
..\..\..\Library\Firmware\CMSIS\core_cm3.h:   #include <core_cmFunc.h>                 /* Core Function Access                            */
..\..\..\Library\Firmware\CMSIS\core_cm3.h:                                                                                                 ^
..\..\..\Library\Firmware\CMSIS\core_cm3.h: ..\..\..\Library\Firmware\GD32F20x_standard_peripheral\Source\gd32f20x_tli.c: 0 warnings, 1 error
compiling gd32f20x_trng.c...
..\..\..\Library\Firmware\CMSIS\core_cm3.h(148): error:  #5: cannot open source input file "core_cmFunc.h": No such file or directory
..\..\..\Library\Firmware\CMSIS\core_cm3.h:   #include <core_cmFunc.h>                 /* Core Function Access                            */
..\..\..\Library\Firmware\CMSIS\core_cm3.h:                                                                                                 ^
..\..\..\Library\Firmware\CMSIS\core_cm3.h: ..\..\..\Library\Firmware\GD32F20x_standard_peripheral\Source\gd32f20x_trng.c: 0 warnings, 1 error
compiling gd32f20x_usart.c...
..\..\..\Library\Firmware\CMSIS\core_cm3.h(148): error:  #5: cannot open source input file "core_cmFunc.h": No such file or directory
..\..\..\Library\Firmware\CMSIS\core_cm3.h:   #include <core_cmFunc.h>                 /* Core Function Access                            */
..\..\..\Library\Firmware\CMSIS\core_cm3.h:                                                                                                 ^
..\..\..\Library\Firmware\CMSIS\core_cm3.h: ..\..\..\Library\Firmware\GD32F20x_standard_peripheral\Source\gd32f20x_usart.c: 0 warnings, 1 error
compiling gd32f20x_wwdgt.c...
..\..\..\Library\Firmware\CMSIS\core_cm3.h(148): error:  #5: cannot open source input file "core_cmFunc.h": No such file or directory
..\..\..\Library\Firmware\CMSIS\core_cm3.h:   #include <core_cmFunc.h>                 /* Core Function Access                            */
..\..\..\Library\Firmware\CMSIS\core_cm3.h:                                                                                                 ^
..\..\..\Library\Firmware\CMSIS\core_cm3.h: ..\..\..\Library\Firmware\GD32F20x_standard_peripheral\Source\gd32f20x_wwdgt.c: 0 warnings, 1 error
compiling gd32f207i_eval.c...
..\..\..\Library\Firmware\CMSIS\core_cm3.h(148): error:  #5: cannot open source input file "core_cmFunc.h": No such file or directory
..\..\..\Library\Firmware\CMSIS\core_cm3.h:   #include <core_cmFunc.h>                 /* Core Function Access                            */
..\..\..\Library\Firmware\CMSIS\core_cm3.h:                                                                                                 ^
..\..\..\Library\Firmware\CMSIS\core_cm3.h: ..\..\..\Library\Utilities\gd32f207i_eval.c: 0 warnings, 1 error
compiling gd32f207i_sdram_eval.c...
..\..\..\Library\Firmware\CMSIS\core_cm3.h(148): error:  #5: cannot open source input file "core_cmFunc.h": No such file or directory
..\..\..\Library\Firmware\CMSIS\core_cm3.h:   #include <core_cmFunc.h>                 /* Core Function Access                            */
..\..\..\Library\Firmware\CMSIS\core_cm3.h:                                                                                                 ^
..\..\..\Library\Firmware\CMSIS\core_cm3.h: ..\..\..\Library\Utilities\gd32f207i_sdram_eval.c: 0 warnings, 1 error
compiling dci_ov2640.c...
..\..\..\Library\Firmware\CMSIS\core_cm3.h(148): error:  #5: cannot open source input file "core_cmFunc.h": No such file or directory
..\..\..\Library\Firmware\CMSIS\core_cm3.h:   #include <core_cmFunc.h>                 /* Core Function Access                            */
..\..\..\Library\Firmware\CMSIS\core_cm3.h:                                                                                                 ^
..\..\..\Library\Firmware\CMSIS\core_cm3.h: ..\Soft_Drive\dci_ov2640.c: 0 warnings, 1 error
compiling sccb.c...
..\..\..\Library\Firmware\CMSIS\core_cm3.h(148): error:  #5: cannot open source input file "core_cmFunc.h": No such file or directory
..\..\..\Library\Firmware\CMSIS\core_cm3.h:   #include <core_cmFunc.h>                 /* Core Function Access                            */
..\..\..\Library\Firmware\CMSIS\core_cm3.h:                                                                                                 ^
..\..\..\Library\Firmware\CMSIS\core_cm3.h: ..\Soft_Drive\sccb.c: 0 warnings, 1 error
Target not created
Build target 'GD32207I_EVAL'
compiling main.c...
compiling gd32f20x_it.c...
compiling systick.c...
compiling system_gd32f20x.c...
compiling gd32f20x_adc.c...
compiling gd32f20x_bkp.c...
compiling gd32f20x_can.c...
compiling gd32f20x_cau.c...
compiling gd32f20x_cau_aes.c...
compiling gd32f20x_cau_des.c...
compiling gd32f20x_cau_tdes.c...
compiling gd32f20x_crc.c...
compiling gd32f20x_dac.c...
compiling gd32f20x_dbg.c...
compiling gd32f20x_dci.c...
compiling gd32f20x_dma.c...
compiling gd32f20x_enet.c...
compiling gd32f20x_exmc.c...
compiling gd32f20x_exti.c...
compiling gd32f20x_fmc.c...
compiling gd32f20x_fwdgt.c...
compiling gd32f20x_gpio.c...
compiling gd32f20x_hau.c...
compiling gd32f20x_hau_sha_md5.c...
compiling gd32f20x_i2c.c...
compiling gd32f20x_misc.c...
compiling gd32f20x_pmu.c...
compiling gd32f20x_rcu.c...
compiling gd32f20x_rtc.c...
compiling gd32f20x_sdio.c...
compiling gd32f20x_spi.c...
compiling gd32f20x_timer.c...
compiling gd32f20x_tli.c...
compiling gd32f20x_trng.c...
compiling gd32f20x_usart.c...
compiling gd32f20x_wwdgt.c...
compiling gd32f207i_eval.c...
compiling gd32f207i_sdram_eval.c...
compiling dci_ov2640.c...
compiling sccb.c...
linking...
Program Size: Code=8084 RO-data=392876 RW-data=8 ZI-data=161920  
FromELF: creating hex file...
".\output\Project.axf" - 0 Error(s), 0 Warning(s).
